<?xml version="1.0"?>
<link_info>
   <banner>TI ARM Linker PC v16.9.4.LTS</banner>
   <copyright>Copyright (c) 1996-2017 Texas Instruments Incorporated</copyright>
   <link_time>0x5a26619d</link_time>
   <link_errors>0x0</link_errors>
   <output_file>12-4-2017.out</output_file>
   <entry_point>
      <name>_c_int00</name>
      <address>0x3495</address>
   </entry_point>
   <input_file_list>
      <input_file id="fl-2">
         <path>.\</path>
         <kind>object</kind>
         <file>4prep.obj</file>
         <name>4prep.obj</name>
      </input_file>
      <input_file id="fl-3">
         <path>.\</path>
         <kind>object</kind>
         <file>tm4c123gh6pm_startup_ccs.obj</file>
         <name>tm4c123gh6pm_startup_ccs.obj</name>
      </input_file>
      <input_file id="fl-7">
         <kind>object</kind>
         <file>&lt;internal&gt;</file>
         <name>&lt;internal&gt;</name>
      </input_file>
      <input_file id="fl-bd">
         <path>C:\ti\ccsv7\tools\compiler\ti-cgt-arm_16.9.4.LTS\lib\</path>
         <kind>archive</kind>
         <file>rtsv7M4_T_le_v4SPD16_eabi.lib</file>
         <name>atoi.obj</name>
      </input_file>
      <input_file id="fl-be">
         <path>C:\ti\ccsv7\tools\compiler\ti-cgt-arm_16.9.4.LTS\lib\</path>
         <kind>archive</kind>
         <file>rtsv7M4_T_le_v4SPD16_eabi.lib</file>
         <name>boot.obj</name>
      </input_file>
      <input_file id="fl-bf">
         <path>C:\ti\ccsv7\tools\compiler\ti-cgt-arm_16.9.4.LTS\lib\</path>
         <kind>archive</kind>
         <file>rtsv7M4_T_le_v4SPD16_eabi.lib</file>
         <name>copy_decompress_lzss.obj</name>
      </input_file>
      <input_file id="fl-c0">
         <path>C:\ti\ccsv7\tools\compiler\ti-cgt-arm_16.9.4.LTS\lib\</path>
         <kind>archive</kind>
         <file>rtsv7M4_T_le_v4SPD16_eabi.lib</file>
         <name>copy_decompress_none.obj</name>
      </input_file>
      <input_file id="fl-c1">
         <path>C:\ti\ccsv7\tools\compiler\ti-cgt-arm_16.9.4.LTS\lib\</path>
         <kind>archive</kind>
         <file>rtsv7M4_T_le_v4SPD16_eabi.lib</file>
         <name>copy_zero_init.obj</name>
      </input_file>
      <input_file id="fl-c2">
         <path>C:\ti\ccsv7\tools\compiler\ti-cgt-arm_16.9.4.LTS\lib\</path>
         <kind>archive</kind>
         <file>rtsv7M4_T_le_v4SPD16_eabi.lib</file>
         <name>ctype.obj</name>
      </input_file>
      <input_file id="fl-c3">
         <path>C:\ti\ccsv7\tools\compiler\ti-cgt-arm_16.9.4.LTS\lib\</path>
         <kind>archive</kind>
         <file>rtsv7M4_T_le_v4SPD16_eabi.lib</file>
         <name>exit.obj</name>
      </input_file>
      <input_file id="fl-c4">
         <path>C:\ti\ccsv7\tools\compiler\ti-cgt-arm_16.9.4.LTS\lib\</path>
         <kind>archive</kind>
         <file>rtsv7M4_T_le_v4SPD16_eabi.lib</file>
         <name>memcpy_t2.obj</name>
      </input_file>
      <input_file id="fl-c5">
         <path>C:\ti\ccsv7\tools\compiler\ti-cgt-arm_16.9.4.LTS\lib\</path>
         <kind>archive</kind>
         <file>rtsv7M4_T_le_v4SPD16_eabi.lib</file>
         <name>memset_t2.obj</name>
      </input_file>
      <input_file id="fl-c6">
         <path>C:\ti\ccsv7\tools\compiler\ti-cgt-arm_16.9.4.LTS\lib\</path>
         <kind>archive</kind>
         <file>rtsv7M4_T_le_v4SPD16_eabi.lib</file>
         <name>mpu_init.obj</name>
      </input_file>
      <input_file id="fl-c7">
         <path>C:\ti\ccsv7\tools\compiler\ti-cgt-arm_16.9.4.LTS\lib\</path>
         <kind>archive</kind>
         <file>rtsv7M4_T_le_v4SPD16_eabi.lib</file>
         <name>pre_init.obj</name>
      </input_file>
      <input_file id="fl-c8">
         <path>C:\ti\ccsv7\tools\compiler\ti-cgt-arm_16.9.4.LTS\lib\</path>
         <kind>archive</kind>
         <file>rtsv7M4_T_le_v4SPD16_eabi.lib</file>
         <name>rand.obj</name>
      </input_file>
      <input_file id="fl-c9">
         <path>C:\ti\ccsv7\tools\compiler\ti-cgt-arm_16.9.4.LTS\lib\</path>
         <kind>archive</kind>
         <file>rtsv7M4_T_le_v4SPD16_eabi.lib</file>
         <name>sprintf.obj</name>
      </input_file>
      <input_file id="fl-ca">
         <path>C:\ti\ccsv7\tools\compiler\ti-cgt-arm_16.9.4.LTS\lib\</path>
         <kind>archive</kind>
         <file>rtsv7M4_T_le_v4SPD16_eabi.lib</file>
         <name>stkdepth_vars.obj</name>
      </input_file>
      <input_file id="fl-cb">
         <path>C:\ti\ccsv7\tools\compiler\ti-cgt-arm_16.9.4.LTS\lib\</path>
         <kind>archive</kind>
         <file>rtsv7M4_T_le_v4SPD16_eabi.lib</file>
         <name>strcmp.obj</name>
      </input_file>
      <input_file id="fl-cc">
         <path>C:\ti\ccsv7\tools\compiler\ti-cgt-arm_16.9.4.LTS\lib\</path>
         <kind>archive</kind>
         <file>rtsv7M4_T_le_v4SPD16_eabi.lib</file>
         <name>strlen.obj</name>
      </input_file>
      <input_file id="fl-cd">
         <path>C:\ti\ccsv7\tools\compiler\ti-cgt-arm_16.9.4.LTS\lib\</path>
         <kind>archive</kind>
         <file>rtsv7M4_T_le_v4SPD16_eabi.lib</file>
         <name>tolower.obj</name>
      </input_file>
      <input_file id="fl-ce">
         <path>C:\ti\ccsv7\tools\compiler\ti-cgt-arm_16.9.4.LTS\lib\</path>
         <kind>archive</kind>
         <file>rtsv7M4_T_le_v4SPD16_eabi.lib</file>
         <name>_lock.obj</name>
      </input_file>
      <input_file id="fl-cf">
         <path>C:\ti\ccsv7\tools\compiler\ti-cgt-arm_16.9.4.LTS\lib\</path>
         <kind>archive</kind>
         <file>rtsv7M4_T_le_v4SPD16_eabi.lib</file>
         <name>_printfi.obj</name>
      </input_file>
      <input_file id="fl-d0">
         <path>C:\ti\ccsv7\tools\compiler\ti-cgt-arm_16.9.4.LTS\lib\</path>
         <kind>archive</kind>
         <file>rtsv7M4_T_le_v4SPD16_eabi.lib</file>
         <name>args_main.obj</name>
      </input_file>
      <input_file id="fl-d1">
         <path>C:\ti\ccsv7\tools\compiler\ti-cgt-arm_16.9.4.LTS\lib\</path>
         <kind>archive</kind>
         <file>rtsv7M4_T_le_v4SPD16_eabi.lib</file>
         <name>autoinit.obj</name>
      </input_file>
      <input_file id="fl-d2">
         <path>C:\ti\ccsv7\tools\compiler\ti-cgt-arm_16.9.4.LTS\lib\</path>
         <kind>archive</kind>
         <file>rtsv7M4_T_le_v4SPD16_eabi.lib</file>
         <name>cpy_tbl.obj</name>
      </input_file>
      <input_file id="fl-d3">
         <path>C:\ti\ccsv7\tools\compiler\ti-cgt-arm_16.9.4.LTS\lib\</path>
         <kind>archive</kind>
         <file>rtsv7M4_T_le_v4SPD16_eabi.lib</file>
         <name>fd_add_t2.obj</name>
      </input_file>
      <input_file id="fl-d4">
         <path>C:\ti\ccsv7\tools\compiler\ti-cgt-arm_16.9.4.LTS\lib\</path>
         <kind>archive</kind>
         <file>rtsv7M4_T_le_v4SPD16_eabi.lib</file>
         <name>fd_cmp_t2.obj</name>
      </input_file>
      <input_file id="fl-d5">
         <path>C:\ti\ccsv7\tools\compiler\ti-cgt-arm_16.9.4.LTS\lib\</path>
         <kind>archive</kind>
         <file>rtsv7M4_T_le_v4SPD16_eabi.lib</file>
         <name>fd_div_t2.obj</name>
      </input_file>
      <input_file id="fl-d6">
         <path>C:\ti\ccsv7\tools\compiler\ti-cgt-arm_16.9.4.LTS\lib\</path>
         <kind>archive</kind>
         <file>rtsv7M4_T_le_v4SPD16_eabi.lib</file>
         <name>fd_mul_t2.obj</name>
      </input_file>
      <input_file id="fl-d7">
         <path>C:\ti\ccsv7\tools\compiler\ti-cgt-arm_16.9.4.LTS\lib\</path>
         <kind>archive</kind>
         <file>rtsv7M4_T_le_v4SPD16_eabi.lib</file>
         <name>fd_toi_t2.obj</name>
      </input_file>
      <input_file id="fl-d8">
         <path>C:\ti\ccsv7\tools\compiler\ti-cgt-arm_16.9.4.LTS\lib\</path>
         <kind>archive</kind>
         <file>rtsv7M4_T_le_v4SPD16_eabi.lib</file>
         <name>i_tofd_t2.obj</name>
      </input_file>
      <input_file id="fl-d9">
         <path>C:\ti\ccsv7\tools\compiler\ti-cgt-arm_16.9.4.LTS\lib\</path>
         <kind>archive</kind>
         <file>rtsv7M4_T_le_v4SPD16_eabi.lib</file>
         <name>ltoa.obj</name>
      </input_file>
      <input_file id="fl-da">
         <path>C:\ti\ccsv7\tools\compiler\ti-cgt-arm_16.9.4.LTS\lib\</path>
         <kind>archive</kind>
         <file>rtsv7M4_T_le_v4SPD16_eabi.lib</file>
         <name>memccpy.obj</name>
      </input_file>
      <input_file id="fl-db">
         <path>C:\ti\ccsv7\tools\compiler\ti-cgt-arm_16.9.4.LTS\lib\</path>
         <kind>archive</kind>
         <file>rtsv7M4_T_le_v4SPD16_eabi.lib</file>
         <name>s_frexp.obj</name>
      </input_file>
      <input_file id="fl-dc">
         <path>C:\ti\ccsv7\tools\compiler\ti-cgt-arm_16.9.4.LTS\lib\</path>
         <kind>archive</kind>
         <file>rtsv7M4_T_le_v4SPD16_eabi.lib</file>
         <name>s_scalbn.obj</name>
      </input_file>
      <input_file id="fl-dd">
         <path>C:\ti\ccsv7\tools\compiler\ti-cgt-arm_16.9.4.LTS\lib\</path>
         <kind>archive</kind>
         <file>rtsv7M4_T_le_v4SPD16_eabi.lib</file>
         <name>startup.obj</name>
      </input_file>
      <input_file id="fl-de">
         <path>C:\ti\ccsv7\tools\compiler\ti-cgt-arm_16.9.4.LTS\lib\</path>
         <kind>archive</kind>
         <file>rtsv7M4_T_le_v4SPD16_eabi.lib</file>
         <name>strchr.obj</name>
      </input_file>
      <input_file id="fl-df">
         <path>C:\ti\ccsv7\tools\compiler\ti-cgt-arm_16.9.4.LTS\lib\</path>
         <kind>archive</kind>
         <file>rtsv7M4_T_le_v4SPD16_eabi.lib</file>
         <name>ull_div_t2.obj</name>
      </input_file>
      <input_file id="fl-e0">
         <path>C:\ti\ccsv7\tools\compiler\ti-cgt-arm_16.9.4.LTS\lib\</path>
         <kind>archive</kind>
         <file>rtsv7M4_T_le_v4SPD16_eabi.lib</file>
         <name>errno.obj</name>
      </input_file>
      <input_file id="fl-e1">
         <path>C:\ti\ccsv7\tools\compiler\ti-cgt-arm_16.9.4.LTS\lib\</path>
         <kind>archive</kind>
         <file>rtsv7M4_T_le_v4SPD16_eabi.lib</file>
         <name>s_copysign.obj</name>
      </input_file>
   </input_file_list>
   <object_component_list>
      <object_component id="oc-f">
         <name>.intvecs</name>
         <load_address>0x0</load_address>
         <run_address>0x0</run_address>
         <size>0x26c</size>
         <input_file_ref idref="fl-3"/>
      </object_component>
      <object_component id="oc-31">
         <name>.text</name>
         <load_address>0x26c</load_address>
         <run_address>0x26c</run_address>
         <size>0x1650</size>
         <input_file_ref idref="fl-2"/>
      </object_component>
      <object_component id="oc-126">
         <name>.text</name>
         <load_address>0x18bc</load_address>
         <run_address>0x18bc</run_address>
         <size>0x113e</size>
         <input_file_ref idref="fl-cf"/>
      </object_component>
      <object_component id="oc-168">
         <name>.text</name>
         <load_address>0x29fa</load_address>
         <run_address>0x29fa</run_address>
         <size>0x1f4</size>
         <input_file_ref idref="fl-df"/>
      </object_component>
      <object_component id="oc-191">
         <name>.text</name>
         <load_address>0x2bee</load_address>
         <run_address>0x2bee</run_address>
         <size>0x1b6</size>
         <input_file_ref idref="fl-d3"/>
      </object_component>
      <object_component id="oc-177">
         <name>.text</name>
         <load_address>0x2da4</load_address>
         <run_address>0x2da4</run_address>
         <size>0x136</size>
         <input_file_ref idref="fl-d5"/>
      </object_component>
      <object_component id="oc-172">
         <name>.text</name>
         <load_address>0x2eda</load_address>
         <run_address>0x2eda</run_address>
         <size>0xfc</size>
         <input_file_ref idref="fl-d6"/>
      </object_component>
      <object_component id="oc-5d">
         <name>.text</name>
         <load_address>0x2fd6</load_address>
         <run_address>0x2fd6</run_address>
         <size>0x2</size>
         <input_file_ref idref="fl-c6"/>
      </object_component>
      <object_component id="oc-19c">
         <name>.text</name>
         <load_address>0x2fd8</load_address>
         <run_address>0x2fd8</run_address>
         <size>0xfc</size>
         <input_file_ref idref="fl-dc"/>
      </object_component>
      <object_component id="oc-45">
         <name>.text</name>
         <load_address>0x30d4</load_address>
         <run_address>0x30d4</run_address>
         <size>0x9c</size>
         <input_file_ref idref="fl-c4"/>
      </object_component>
      <object_component id="oc-16d">
         <name>.text:__aeabi_cdcmple</name>
         <load_address>0x3170</load_address>
         <run_address>0x3170</run_address>
         <size>0x86</size>
         <input_file_ref idref="fl-d4"/>
      </object_component>
      <object_component id="oc-17c">
         <name>.text:__aeabi_cdrcmple</name>
         <load_address>0x31f6</load_address>
         <run_address>0x31f6</run_address>
         <size>0x86</size>
         <input_file_ref idref="fl-d4"/>
      </object_component>
      <object_component id="oc-51">
         <name>.text</name>
         <load_address>0x327c</load_address>
         <run_address>0x327c</run_address>
         <size>0x7a</size>
         <input_file_ref idref="fl-c5"/>
      </object_component>
      <object_component id="oc-f8">
         <name>.text</name>
         <load_address>0x32f6</load_address>
         <run_address>0x32f6</run_address>
         <size>0x2</size>
         <input_file_ref idref="fl-dd"/>
      </object_component>
      <object_component id="oc-69">
         <name>.text</name>
         <load_address>0x32f8</load_address>
         <run_address>0x32f8</run_address>
         <size>0x70</size>
         <input_file_ref idref="fl-d1"/>
      </object_component>
      <object_component id="oc-12">
         <name>.text:decompress:lzss</name>
         <load_address>0x3368</load_address>
         <run_address>0x3368</run_address>
         <size>0x68</size>
         <input_file_ref idref="fl-bf"/>
      </object_component>
      <object_component id="oc-196">
         <name>.text</name>
         <load_address>0x33d0</load_address>
         <run_address>0x33d0</run_address>
         <size>0x64</size>
         <input_file_ref idref="fl-db"/>
      </object_component>
      <object_component id="oc-c1">
         <name>.text</name>
         <load_address>0x3434</load_address>
         <run_address>0x3434</run_address>
         <size>0x60</size>
         <input_file_ref idref="fl-c9"/>
      </object_component>
      <object_component id="oc-24">
         <name>.text</name>
         <load_address>0x3494</load_address>
         <run_address>0x3494</run_address>
         <size>0x54</size>
         <input_file_ref idref="fl-be"/>
      </object_component>
      <object_component id="oc-75">
         <name>.text</name>
         <load_address>0x34e8</load_address>
         <run_address>0x34e8</run_address>
         <size>0x54</size>
         <input_file_ref idref="fl-c3"/>
      </object_component>
      <object_component id="oc-186">
         <name>.text</name>
         <load_address>0x353c</load_address>
         <run_address>0x353c</run_address>
         <size>0x54</size>
         <input_file_ref idref="fl-d9"/>
      </object_component>
      <object_component id="oc-86">
         <name>.text</name>
         <load_address>0x3590</load_address>
         <run_address>0x3590</run_address>
         <size>0x4c</size>
         <input_file_ref idref="fl-bd"/>
      </object_component>
      <object_component id="oc-f2">
         <name>.text</name>
         <load_address>0x35dc</load_address>
         <run_address>0x35dc</run_address>
         <size>0x4c</size>
         <input_file_ref idref="fl-d2"/>
      </object_component>
      <object_component id="oc-9e">
         <name>.text</name>
         <load_address>0x3628</load_address>
         <run_address>0x3628</run_address>
         <size>0x4c</size>
         <input_file_ref idref="fl-c8"/>
      </object_component>
      <object_component id="oc-181">
         <name>.text</name>
         <load_address>0x3674</load_address>
         <run_address>0x3674</run_address>
         <size>0x48</size>
         <input_file_ref idref="fl-d7"/>
      </object_component>
      <object_component id="oc-18c">
         <name>.text</name>
         <load_address>0x36bc</load_address>
         <run_address>0x36bc</run_address>
         <size>0x2e</size>
         <input_file_ref idref="fl-d8"/>
      </object_component>
      <object_component id="oc-1a8">
         <name>.text</name>
         <load_address>0x36ea</load_address>
         <run_address>0x36ea</run_address>
         <size>0x1c</size>
         <input_file_ref idref="fl-da"/>
      </object_component>
      <object_component id="oc-6f">
         <name>.text</name>
         <load_address>0x3708</load_address>
         <run_address>0x3708</run_address>
         <size>0x18</size>
         <input_file_ref idref="fl-d0"/>
      </object_component>
      <object_component id="oc-8c">
         <name>.text</name>
         <load_address>0x3720</load_address>
         <run_address>0x3720</run_address>
         <size>0x18</size>
         <input_file_ref idref="fl-cb"/>
      </object_component>
      <object_component id="oc-1a2">
         <name>.text</name>
         <load_address>0x3738</load_address>
         <run_address>0x3738</run_address>
         <size>0x16</size>
         <input_file_ref idref="fl-de"/>
      </object_component>
      <object_component id="oc-14d">
         <name>.text</name>
         <load_address>0x3750</load_address>
         <run_address>0x3750</run_address>
         <size>0x14</size>
         <input_file_ref idref="fl-ce"/>
      </object_component>
      <object_component id="oc-1e3">
         <name>.text</name>
         <load_address>0x3764</load_address>
         <run_address>0x3764</run_address>
         <size>0x14</size>
         <input_file_ref idref="fl-e1"/>
      </object_component>
      <object_component id="oc-80">
         <name>.text</name>
         <load_address>0x3778</load_address>
         <run_address>0x3778</run_address>
         <size>0x14</size>
         <input_file_ref idref="fl-cc"/>
      </object_component>
      <object_component id="oc-ba">
         <name>.text</name>
         <load_address>0x378c</load_address>
         <run_address>0x378c</run_address>
         <size>0x10</size>
         <input_file_ref idref="fl-cd"/>
      </object_component>
      <object_component id="oc-18">
         <name>.text:decompress:none</name>
         <load_address>0x379c</load_address>
         <run_address>0x379c</run_address>
         <size>0xe</size>
         <input_file_ref idref="fl-c0"/>
      </object_component>
      <object_component id="oc-1e">
         <name>.text:decompress:ZI</name>
         <load_address>0x37aa</load_address>
         <run_address>0x37aa</run_address>
         <size>0xc</size>
         <input_file_ref idref="fl-c1"/>
      </object_component>
      <object_component id="oc-2b">
         <name>.text</name>
         <load_address>0x37b6</load_address>
         <run_address>0x37b6</run_address>
         <size>0xc</size>
         <input_file_ref idref="fl-3"/>
      </object_component>
      <object_component id="oc-63">
         <name>.text</name>
         <load_address>0x37c2</load_address>
         <run_address>0x37c2</run_address>
         <size>0x4</size>
         <input_file_ref idref="fl-c7"/>
      </object_component>
      <object_component id="oc-10f">
         <name>.const:.string:_ctypes_</name>
         <load_address>0x37c6</load_address>
         <run_address>0x37c6</run_address>
         <size>0x101</size>
         <input_file_ref idref="fl-c2"/>
      </object_component>
      <object_component id="oc-227">
         <name>.cinit..data.load</name>
         <load_address>0x38c8</load_address>
         <run_address>0x38c8</run_address>
         <size>0x21</size>
      </object_component>
      <object_component id="oc-225">
         <name>__TI_handler_table</name>
         <load_address>0x38ec</load_address>
         <run_address>0x38ec</run_address>
         <size>0xc</size>
      </object_component>
      <object_component id="oc-228">
         <name>.cinit..bss.load</name>
         <load_address>0x38f8</load_address>
         <run_address>0x38f8</run_address>
         <size>0x8</size>
      </object_component>
      <object_component id="oc-226">
         <name>__TI_cinit_table</name>
         <load_address>0x3900</load_address>
         <run_address>0x3900</run_address>
         <size>0x10</size>
      </object_component>
      <object_component id="oc-a6">
         <name>.data</name>
         <load_address>0x20002758</load_address>
         <run_address>0x20002758</run_address>
         <size>0x13</size>
         <input_file_ref idref="fl-2"/>
      </object_component>
      <object_component id="oc-102">
         <name>.data:$O1$$</name>
         <load_address>0x2000276c</load_address>
         <run_address>0x2000276c</run_address>
         <size>0xc</size>
         <input_file_ref idref="fl-c3"/>
      </object_component>
      <object_component id="oc-11d">
         <name>.data</name>
         <load_address>0x20002784</load_address>
         <run_address>0x20002784</run_address>
         <size>0x4</size>
         <input_file_ref idref="fl-c8"/>
      </object_component>
      <object_component id="oc-7b">
         <name>.data</name>
         <load_address>0x20002788</load_address>
         <run_address>0x20002788</run_address>
         <size>0x4</size>
         <input_file_ref idref="fl-ca"/>
      </object_component>
      <object_component id="oc-105">
         <name>.data:$O1$$</name>
         <load_address>0x20002778</load_address>
         <run_address>0x20002778</run_address>
         <size>0x8</size>
         <input_file_ref idref="fl-ce"/>
      </object_component>
      <object_component id="oc-1e9">
         <name>.data</name>
         <load_address>0x20002780</load_address>
         <run_address>0x20002780</run_address>
         <size>0x4</size>
         <input_file_ref idref="fl-e0"/>
      </object_component>
      <object_component id="oc-b4">
         <name>.common:s</name>
         <uninitialized>true</uninitialized>
         <run_address>0x20002755</run_address>
         <size>0x1</size>
      </object_component>
      <object_component id="oc-b5">
         <name>.common:msgSizeRx</name>
         <uninitialized>true</uninitialized>
         <run_address>0x20002753</run_address>
         <size>0x1</size>
      </object_component>
      <object_component id="oc-b1">
         <name>.common:sizeTx</name>
         <uninitialized>true</uninitialized>
         <run_address>0x20002756</run_address>
         <size>0x1</size>
      </object_component>
      <object_component id="oc-c9">
         <name>.common:address</name>
         <uninitialized>true</uninitialized>
         <run_address>0x20002738</run_address>
         <size>0x2</size>
      </object_component>
      <object_component id="oc-ca">
         <name>.common:channel</name>
         <uninitialized>true</uninitialized>
         <run_address>0x2000273a</run_address>
         <size>0x2</size>
      </object_component>
      <object_component id="oc-cb">
         <name>.common:value</name>
         <uninitialized>true</uninitialized>
         <run_address>0x2000274a</run_address>
         <size>0x2</size>
      </object_component>
      <object_component id="oc-cc">
         <name>.common:newAddress</name>
         <uninitialized>true</uninitialized>
         <run_address>0x20002742</run_address>
         <size>0x2</size>
      </object_component>
      <object_component id="oc-c0">
         <name>.common:validity</name>
         <uninitialized>true</uninitialized>
         <run_address>0x20002748</run_address>
         <size>0x2</size>
      </object_component>
      <object_component id="oc-96">
         <name>.common:field</name>
         <uninitialized>true</uninitialized>
         <run_address>0x20002752</run_address>
         <size>0x1</size>
      </object_component>
      <object_component id="oc-95">
         <name>.common:position</name>
         <uninitialized>true</uninitialized>
         <run_address>0x2000272c</run_address>
         <size>0xc</size>
      </object_component>
      <object_component id="oc-b0">
         <name>.common:csEnable</name>
         <uninitialized>true</uninitialized>
         <run_address>0x20002750</run_address>
         <size>0x1</size>
      </object_component>
      <object_component id="oc-af">
         <name>.common:randomRetrans</name>
         <uninitialized>true</uninitialized>
         <run_address>0x20002754</run_address>
         <size>0x1</size>
      </object_component>
      <object_component id="oc-99">
         <name>.common:ackon</name>
         <uninitialized>true</uninitialized>
         <run_address>0x2000274c</run_address>
         <size>0x1</size>
      </object_component>
      <object_component id="oc-92">
         <name>.common:str</name>
         <uninitialized>true</uninitialized>
         <run_address>0x200024e4</run_address>
         <size>0x54</size>
      </object_component>
      <object_component id="oc-c8">
         <name>.common:str2</name>
         <uninitialized>true</uninitialized>
         <run_address>0x20002538</run_address>
         <size>0x54</size>
      </object_component>
      <object_component id="oc-c7">
         <name>.common:count</name>
         <uninitialized>true</uninitialized>
         <run_address>0x2000274f</run_address>
         <size>0x1</size>
      </object_component>
      <object_component id="oc-9d">
         <name>.common:checksum</name>
         <uninitialized>true</uninitialized>
         <run_address>0x2000274d</run_address>
         <size>0x1</size>
      </object_component>
      <object_component id="oc-b6">
         <name>.common:checksumRx</name>
         <uninitialized>true</uninitialized>
         <run_address>0x2000274e</run_address>
         <size>0x1</size>
      </object_component>
      <object_component id="oc-ae">
         <name>.common:currentIndex</name>
         <uninitialized>true</uninitialized>
         <run_address>0x20002751</run_address>
         <size>0x1</size>
      </object_component>
      <object_component id="oc-9c">
         <name>.common:sequenceId</name>
         <uninitialized>true</uninitialized>
         <run_address>0x20002744</run_address>
         <size>0x2</size>
      </object_component>
      <object_component id="oc-b2">
         <name>.common:ledTimeout</name>
         <uninitialized>true</uninitialized>
         <run_address>0x20002740</run_address>
         <size>0x2</size>
      </object_component>
      <object_component id="oc-b8">
         <name>.common:deadlockTimeoutRx</name>
         <uninitialized>true</uninitialized>
         <run_address>0x2000273c</run_address>
         <size>0x2</size>
      </object_component>
      <object_component id="oc-b9">
         <name>.common:deadlockTimeoutTx</name>
         <uninitialized>true</uninitialized>
         <run_address>0x2000273e</run_address>
         <size>0x2</size>
      </object_component>
      <object_component id="oc-ad">
         <name>.common:retransTimeOut</name>
         <uninitialized>true</uninitialized>
         <run_address>0x20002634</run_address>
         <size>0x34</size>
      </object_component>
      <object_component id="oc-b7">
         <name>.common:sourceAdress_8bit</name>
         <uninitialized>true</uninitialized>
         <run_address>0x20002746</run_address>
         <size>0x2</size>
      </object_component>
      <object_component id="oc-b3">
         <name>.common:rxData</name>
         <uninitialized>true</uninitialized>
         <run_address>0x2000258c</run_address>
         <size>0x40</size>
      </object_component>
      <object_component id="oc-a5">
         <name>.common:destAdd</name>
         <uninitialized>true</uninitialized>
         <run_address>0x20002600</run_address>
         <size>0x34</size>
      </object_component>
      <object_component id="oc-97">
         <name>.common:chan</name>
         <uninitialized>true</uninitialized>
         <run_address>0x200025cc</run_address>
         <size>0x34</size>
      </object_component>
      <object_component id="oc-9b">
         <name>.common:data</name>
         <uninitialized>true</uninitialized>
         <run_address>0x20002000</run_address>
         <size>0x4e4</size>
      </object_component>
      <object_component id="oc-a4">
         <name>.common:valid</name>
         <uninitialized>true</uninitialized>
         <run_address>0x20002710</run_address>
         <size>0x1c</size>
      </object_component>
      <object_component id="oc-9a">
         <name>.common:ackRequired</name>
         <uninitialized>true</uninitialized>
         <run_address>0x20002668</run_address>
         <size>0x1c</size>
      </object_component>
      <object_component id="oc-aa">
         <name>.common:seqId</name>
         <uninitialized>true</uninitialized>
         <run_address>0x200026d8</run_address>
         <size>0x1c</size>
      </object_component>
      <object_component id="oc-ab">
         <name>.common:cmd</name>
         <uninitialized>true</uninitialized>
         <run_address>0x200026a0</run_address>
         <size>0x1c</size>
      </object_component>
      <object_component id="oc-98">
         <name>.common:size</name>
         <uninitialized>true</uninitialized>
         <run_address>0x200026f4</run_address>
         <size>0x1c</size>
      </object_component>
      <object_component id="oc-a9">
         <name>.common:checkSum</name>
         <uninitialized>true</uninitialized>
         <run_address>0x20002684</run_address>
         <size>0x1c</size>
      </object_component>
      <object_component id="oc-ac">
         <name>.common:retransCount</name>
         <uninitialized>true</uninitialized>
         <run_address>0x200026bc</run_address>
         <size>0x1c</size>
      </object_component>
      <object_component id="oc-2a">
         <name>.stack</name>
         <uninitialized>true</uninitialized>
         <run_address>0x20000000</run_address>
         <size>0x0</size>
         <input_file_ref idref="fl-be"/>
      </object_component>
      <object_component id="oc-229">
         <name>.stack</name>
         <uninitialized>true</uninitialized>
         <run_address>0x20000000</run_address>
         <size>0x0</size>
      </object_component>
      <object_component id="oc-93">
         <name>.debug_info</name>
         <load_address>0x0</load_address>
         <run_address>0x0</run_address>
         <size>0x8f9</size>
         <input_file_ref idref="fl-2"/>
      </object_component>
      <object_component id="oc-a7">
         <name>.debug_info</name>
         <load_address>0x8f9</load_address>
         <run_address>0x8f9</run_address>
         <size>0x28b</size>
         <input_file_ref idref="fl-2"/>
      </object_component>
      <object_component id="oc-32">
         <name>.debug_info</name>
         <load_address>0xb84</load_address>
         <run_address>0xb84</run_address>
         <size>0x11b0</size>
         <input_file_ref idref="fl-2"/>
      </object_component>
      <object_component id="oc-118">
         <name>.debug_info</name>
         <load_address>0x1d34</load_address>
         <run_address>0x1d34</run_address>
         <size>0xc8</size>
         <input_file_ref idref="fl-2"/>
      </object_component>
      <object_component id="oc-d3">
         <name>.debug_info</name>
         <load_address>0x1dfc</load_address>
         <run_address>0x1dfc</run_address>
         <size>0x8b</size>
         <input_file_ref idref="fl-2"/>
      </object_component>
      <object_component id="oc-ce">
         <name>.debug_info</name>
         <load_address>0x1e87</load_address>
         <run_address>0x1e87</run_address>
         <size>0x18b</size>
         <input_file_ref idref="fl-2"/>
      </object_component>
      <object_component id="oc-12e">
         <name>.debug_info</name>
         <load_address>0x2012</load_address>
         <run_address>0x2012</run_address>
         <size>0x4e</size>
         <input_file_ref idref="fl-2"/>
      </object_component>
      <object_component id="oc-39">
         <name>.debug_info</name>
         <load_address>0x2060</load_address>
         <run_address>0x2060</run_address>
         <size>0x2ac</size>
         <input_file_ref idref="fl-3"/>
      </object_component>
      <object_component id="oc-10">
         <name>.debug_info</name>
         <load_address>0x230c</load_address>
         <run_address>0x230c</run_address>
         <size>0xe3</size>
         <input_file_ref idref="fl-3"/>
      </object_component>
      <object_component id="oc-2c">
         <name>.debug_info</name>
         <load_address>0x23ef</load_address>
         <run_address>0x23ef</run_address>
         <size>0x25f</size>
         <input_file_ref idref="fl-3"/>
      </object_component>
      <object_component id="oc-40">
         <name>.debug_info</name>
         <load_address>0x264e</load_address>
         <run_address>0x264e</run_address>
         <size>0x84</size>
         <input_file_ref idref="fl-3"/>
      </object_component>
      <object_component id="oc-113">
         <name>.debug_info</name>
         <load_address>0x26d2</load_address>
         <run_address>0x26d2</run_address>
         <size>0x2ae</size>
         <input_file_ref idref="fl-bd"/>
      </object_component>
      <object_component id="oc-89">
         <name>.debug_info</name>
         <load_address>0x2980</load_address>
         <run_address>0x2980</run_address>
         <size>0x171</size>
         <input_file_ref idref="fl-bd"/>
      </object_component>
      <object_component id="oc-26">
         <name>.debug_info</name>
         <load_address>0x2af1</load_address>
         <run_address>0x2af1</run_address>
         <size>0x160</size>
         <input_file_ref idref="fl-be"/>
      </object_component>
      <object_component id="oc-df">
         <name>.debug_info</name>
         <load_address>0x2c51</load_address>
         <run_address>0x2c51</run_address>
         <size>0x293</size>
         <input_file_ref idref="fl-bf"/>
      </object_component>
      <object_component id="oc-14">
         <name>.debug_info</name>
         <load_address>0x2ee4</load_address>
         <run_address>0x2ee4</run_address>
         <size>0x245</size>
         <input_file_ref idref="fl-bf"/>
      </object_component>
      <object_component id="oc-3b">
         <name>.debug_info</name>
         <load_address>0x3129</load_address>
         <run_address>0x3129</run_address>
         <size>0x60</size>
         <input_file_ref idref="fl-bf"/>
      </object_component>
      <object_component id="oc-da">
         <name>.debug_info</name>
         <load_address>0x3189</load_address>
         <run_address>0x3189</run_address>
         <size>0x46</size>
         <input_file_ref idref="fl-bf"/>
      </object_component>
      <object_component id="oc-50">
         <name>.debug_info</name>
         <load_address>0x31cf</load_address>
         <run_address>0x31cf</run_address>
         <size>0x2da</size>
         <input_file_ref idref="fl-c0"/>
      </object_component>
      <object_component id="oc-1a">
         <name>.debug_info</name>
         <load_address>0x34a9</load_address>
         <run_address>0x34a9</run_address>
         <size>0x1df</size>
         <input_file_ref idref="fl-c0"/>
      </object_component>
      <object_component id="oc-4b">
         <name>.debug_info</name>
         <load_address>0x3688</load_address>
         <run_address>0x3688</run_address>
         <size>0x46</size>
         <input_file_ref idref="fl-c0"/>
      </object_component>
      <object_component id="oc-e1">
         <name>.debug_info</name>
         <load_address>0x36ce</load_address>
         <run_address>0x36ce</run_address>
         <size>0x2c</size>
         <input_file_ref idref="fl-c0"/>
      </object_component>
      <object_component id="oc-5c">
         <name>.debug_info</name>
         <load_address>0x36fa</load_address>
         <run_address>0x36fa</run_address>
         <size>0x2c9</size>
         <input_file_ref idref="fl-c1"/>
      </object_component>
      <object_component id="oc-22">
         <name>.debug_info</name>
         <load_address>0x39c3</load_address>
         <run_address>0x39c3</run_address>
         <size>0x1aa</size>
         <input_file_ref idref="fl-c1"/>
      </object_component>
      <object_component id="oc-57">
         <name>.debug_info</name>
         <load_address>0x3b6d</load_address>
         <run_address>0x3b6d</run_address>
         <size>0x46</size>
         <input_file_ref idref="fl-c1"/>
      </object_component>
      <object_component id="oc-e9">
         <name>.debug_info</name>
         <load_address>0x3bb3</load_address>
         <run_address>0x3bb3</run_address>
         <size>0x2c</size>
         <input_file_ref idref="fl-c1"/>
      </object_component>
      <object_component id="oc-15d">
         <name>.debug_info</name>
         <load_address>0x3bdf</load_address>
         <run_address>0x3bdf</run_address>
         <size>0xee</size>
         <input_file_ref idref="fl-c2"/>
      </object_component>
      <object_component id="oc-110">
         <name>.debug_info</name>
         <load_address>0x3ccd</load_address>
         <run_address>0x3ccd</run_address>
         <size>0xfa</size>
         <input_file_ref idref="fl-c2"/>
      </object_component>
      <object_component id="oc-109">
         <name>.debug_info</name>
         <load_address>0x3dc7</load_address>
         <run_address>0x3dc7</run_address>
         <size>0x3ce</size>
         <input_file_ref idref="fl-c3"/>
      </object_component>
      <object_component id="oc-103">
         <name>.debug_info</name>
         <load_address>0x4195</load_address>
         <run_address>0x4195</run_address>
         <size>0x185</size>
         <input_file_ref idref="fl-c3"/>
      </object_component>
      <object_component id="oc-76">
         <name>.debug_info</name>
         <load_address>0x431a</load_address>
         <run_address>0x431a</run_address>
         <size>0x214</size>
         <input_file_ref idref="fl-c3"/>
      </object_component>
      <object_component id="oc-46">
         <name>.debug_info</name>
         <load_address>0x452e</load_address>
         <run_address>0x452e</run_address>
         <size>0x111</size>
         <input_file_ref idref="fl-c4"/>
      </object_component>
      <object_component id="oc-54">
         <name>.debug_info</name>
         <load_address>0x463f</load_address>
         <run_address>0x463f</run_address>
         <size>0x13f</size>
         <input_file_ref idref="fl-c5"/>
      </object_component>
      <object_component id="oc-5e">
         <name>.debug_info</name>
         <load_address>0x477e</load_address>
         <run_address>0x477e</run_address>
         <size>0x138</size>
         <input_file_ref idref="fl-c6"/>
      </object_component>
      <object_component id="oc-65">
         <name>.debug_info</name>
         <load_address>0x48b6</load_address>
         <run_address>0x48b6</run_address>
         <size>0x148</size>
         <input_file_ref idref="fl-c7"/>
      </object_component>
      <object_component id="oc-121">
         <name>.debug_info</name>
         <load_address>0x49fe</load_address>
         <run_address>0x49fe</run_address>
         <size>0x2af</size>
         <input_file_ref idref="fl-c8"/>
      </object_component>
      <object_component id="oc-11e">
         <name>.debug_info</name>
         <load_address>0x4cad</load_address>
         <run_address>0x4cad</run_address>
         <size>0xf0</size>
         <input_file_ref idref="fl-c8"/>
      </object_component>
      <object_component id="oc-a0">
         <name>.debug_info</name>
         <load_address>0x4d9d</load_address>
         <run_address>0x4d9d</run_address>
         <size>0x1a4</size>
         <input_file_ref idref="fl-c8"/>
      </object_component>
      <object_component id="oc-12d">
         <name>.debug_info</name>
         <load_address>0x4f41</load_address>
         <run_address>0x4f41</run_address>
         <size>0x355</size>
         <input_file_ref idref="fl-c9"/>
      </object_component>
      <object_component id="oc-c4">
         <name>.debug_info</name>
         <load_address>0x5296</load_address>
         <run_address>0x5296</run_address>
         <size>0x2e4</size>
         <input_file_ref idref="fl-c9"/>
      </object_component>
      <object_component id="oc-1ba">
         <name>.debug_info</name>
         <load_address>0x557a</load_address>
         <run_address>0x557a</run_address>
         <size>0x2c</size>
         <input_file_ref idref="fl-c9"/>
      </object_component>
      <object_component id="oc-7c">
         <name>.debug_info</name>
         <load_address>0x55a6</load_address>
         <run_address>0x55a6</run_address>
         <size>0x109</size>
         <input_file_ref idref="fl-ca"/>
      </object_component>
      <object_component id="oc-115">
         <name>.debug_info</name>
         <load_address>0x56af</load_address>
         <run_address>0x56af</run_address>
         <size>0x27f</size>
         <input_file_ref idref="fl-cb"/>
      </object_component>
      <object_component id="oc-8d">
         <name>.debug_info</name>
         <load_address>0x592e</load_address>
         <run_address>0x592e</run_address>
         <size>0x258</size>
         <input_file_ref idref="fl-cb"/>
      </object_component>
      <object_component id="oc-10e">
         <name>.debug_info</name>
         <load_address>0x5b86</load_address>
         <run_address>0x5b86</run_address>
         <size>0x284</size>
         <input_file_ref idref="fl-cc"/>
      </object_component>
      <object_component id="oc-82">
         <name>.debug_info</name>
         <load_address>0x5e0a</load_address>
         <run_address>0x5e0a</run_address>
         <size>0x22a</size>
         <input_file_ref idref="fl-cc"/>
      </object_component>
      <object_component id="oc-125">
         <name>.debug_info</name>
         <load_address>0x6034</load_address>
         <run_address>0x6034</run_address>
         <size>0x2ab</size>
         <input_file_ref idref="fl-cd"/>
      </object_component>
      <object_component id="oc-bb">
         <name>.debug_info</name>
         <load_address>0x62df</load_address>
         <run_address>0x62df</run_address>
         <size>0x149</size>
         <input_file_ref idref="fl-cd"/>
      </object_component>
      <object_component id="oc-155">
         <name>.debug_info</name>
         <load_address>0x6428</load_address>
         <run_address>0x6428</run_address>
         <size>0x2be</size>
         <input_file_ref idref="fl-ce"/>
      </object_component>
      <object_component id="oc-106">
         <name>.debug_info</name>
         <load_address>0x66e6</load_address>
         <run_address>0x66e6</run_address>
         <size>0x113</size>
         <input_file_ref idref="fl-ce"/>
      </object_component>
      <object_component id="oc-14e">
         <name>.debug_info</name>
         <load_address>0x67f9</load_address>
         <run_address>0x67f9</run_address>
         <size>0x21f</size>
         <input_file_ref idref="fl-ce"/>
      </object_component>
      <object_component id="oc-1af">
         <name>.debug_info</name>
         <load_address>0x6a18</load_address>
         <run_address>0x6a18</run_address>
         <size>0x51f</size>
         <input_file_ref idref="fl-cf"/>
      </object_component>
      <object_component id="oc-128">
         <name>.debug_info</name>
         <load_address>0x6f37</load_address>
         <run_address>0x6f37</run_address>
         <size>0x1543</size>
         <input_file_ref idref="fl-cf"/>
      </object_component>
      <object_component id="oc-1b0">
         <name>.debug_info</name>
         <load_address>0x847a</load_address>
         <run_address>0x847a</run_address>
         <size>0x86</size>
         <input_file_ref idref="fl-cf"/>
      </object_component>
      <object_component id="oc-1f4">
         <name>.debug_info</name>
         <load_address>0x8500</load_address>
         <run_address>0x8500</run_address>
         <size>0x46</size>
         <input_file_ref idref="fl-cf"/>
      </object_component>
      <object_component id="oc-1b5">
         <name>.debug_info</name>
         <load_address>0x8546</load_address>
         <run_address>0x8546</run_address>
         <size>0x39</size>
         <input_file_ref idref="fl-cf"/>
      </object_component>
      <object_component id="oc-101">
         <name>.debug_info</name>
         <load_address>0x857f</load_address>
         <run_address>0x857f</run_address>
         <size>0x300</size>
         <input_file_ref idref="fl-d0"/>
      </object_component>
      <object_component id="oc-70">
         <name>.debug_info</name>
         <load_address>0x887f</load_address>
         <run_address>0x887f</run_address>
         <size>0x167</size>
         <input_file_ref idref="fl-d0"/>
      </object_component>
      <object_component id="oc-146">
         <name>.debug_info</name>
         <load_address>0x89e6</load_address>
         <run_address>0x89e6</run_address>
         <size>0x5e</size>
         <input_file_ref idref="fl-d0"/>
      </object_component>
      <object_component id="oc-ff">
         <name>.debug_info</name>
         <load_address>0x8a44</load_address>
         <run_address>0x8a44</run_address>
         <size>0x483</size>
         <input_file_ref idref="fl-d1"/>
      </object_component>
      <object_component id="oc-6b">
         <name>.debug_info</name>
         <load_address>0x8ec7</load_address>
         <run_address>0x8ec7</run_address>
         <size>0x190</size>
         <input_file_ref idref="fl-d1"/>
      </object_component>
      <object_component id="oc-13a">
         <name>.debug_info</name>
         <load_address>0x9057</load_address>
         <run_address>0x9057</run_address>
         <size>0x39</size>
         <input_file_ref idref="fl-d1"/>
      </object_component>
      <object_component id="oc-1c8">
         <name>.debug_info</name>
         <load_address>0x9090</load_address>
         <run_address>0x9090</run_address>
         <size>0x39</size>
         <input_file_ref idref="fl-d1"/>
      </object_component>
      <object_component id="oc-13f">
         <name>.debug_info</name>
         <load_address>0x90c9</load_address>
         <run_address>0x90c9</run_address>
         <size>0xcd</size>
         <input_file_ref idref="fl-d1"/>
      </object_component>
      <object_component id="oc-136">
         <name>.debug_info</name>
         <load_address>0x9196</load_address>
         <run_address>0x9196</run_address>
         <size>0x37a</size>
         <input_file_ref idref="fl-d2"/>
      </object_component>
      <object_component id="oc-f5">
         <name>.debug_info</name>
         <load_address>0x9510</load_address>
         <run_address>0x9510</run_address>
         <size>0x183</size>
         <input_file_ref idref="fl-d2"/>
      </object_component>
      <object_component id="oc-1c3">
         <name>.debug_info</name>
         <load_address>0x9693</load_address>
         <run_address>0x9693</run_address>
         <size>0x2c</size>
         <input_file_ref idref="fl-d2"/>
      </object_component>
      <object_component id="oc-192">
         <name>.debug_info</name>
         <load_address>0x96bf</load_address>
         <run_address>0x96bf</run_address>
         <size>0x144</size>
         <input_file_ref idref="fl-d3"/>
      </object_component>
      <object_component id="oc-16f">
         <name>.debug_info</name>
         <load_address>0x9803</load_address>
         <run_address>0x9803</run_address>
         <size>0x120</size>
         <input_file_ref idref="fl-d4"/>
      </object_component>
      <object_component id="oc-17e">
         <name>.debug_info</name>
         <load_address>0x9923</load_address>
         <run_address>0x9923</run_address>
         <size>0x122</size>
         <input_file_ref idref="fl-d4"/>
      </object_component>
      <object_component id="oc-179">
         <name>.debug_info</name>
         <load_address>0x9a45</load_address>
         <run_address>0x9a45</run_address>
         <size>0x132</size>
         <input_file_ref idref="fl-d5"/>
      </object_component>
      <object_component id="oc-173">
         <name>.debug_info</name>
         <load_address>0x9b77</load_address>
         <run_address>0x9b77</run_address>
         <size>0x132</size>
         <input_file_ref idref="fl-d6"/>
      </object_component>
      <object_component id="oc-183">
         <name>.debug_info</name>
         <load_address>0x9ca9</load_address>
         <run_address>0x9ca9</run_address>
         <size>0x126</size>
         <input_file_ref idref="fl-d7"/>
      </object_component>
      <object_component id="oc-18d">
         <name>.debug_info</name>
         <load_address>0x9dcf</load_address>
         <run_address>0x9dcf</run_address>
         <size>0x124</size>
         <input_file_ref idref="fl-d8"/>
      </object_component>
      <object_component id="oc-1d9">
         <name>.debug_info</name>
         <load_address>0x9ef3</load_address>
         <run_address>0x9ef3</run_address>
         <size>0x2e6</size>
         <input_file_ref idref="fl-d9"/>
      </object_component>
      <object_component id="oc-187">
         <name>.debug_info</name>
         <load_address>0xa1d9</load_address>
         <run_address>0xa1d9</run_address>
         <size>0x1c2</size>
         <input_file_ref idref="fl-d9"/>
      </object_component>
      <object_component id="oc-1f1">
         <name>.debug_info</name>
         <load_address>0xa39b</load_address>
         <run_address>0xa39b</run_address>
         <size>0x28b</size>
         <input_file_ref idref="fl-da"/>
      </object_component>
      <object_component id="oc-1aa">
         <name>.debug_info</name>
         <load_address>0xa626</load_address>
         <run_address>0xa626</run_address>
         <size>0x1ab</size>
         <input_file_ref idref="fl-da"/>
      </object_component>
      <object_component id="oc-1dd">
         <name>.debug_info</name>
         <load_address>0xa7d1</load_address>
         <run_address>0xa7d1</run_address>
         <size>0x2d9</size>
         <input_file_ref idref="fl-db"/>
      </object_component>
      <object_component id="oc-198">
         <name>.debug_info</name>
         <load_address>0xaaaa</load_address>
         <run_address>0xaaaa</run_address>
         <size>0x18a</size>
         <input_file_ref idref="fl-db"/>
      </object_component>
      <object_component id="oc-1de">
         <name>.debug_info</name>
         <load_address>0xac34</load_address>
         <run_address>0xac34</run_address>
         <size>0x2c</size>
         <input_file_ref idref="fl-db"/>
      </object_component>
      <object_component id="oc-1ed">
         <name>.debug_info</name>
         <load_address>0xac60</load_address>
         <run_address>0xac60</run_address>
         <size>0x316</size>
         <input_file_ref idref="fl-dc"/>
      </object_component>
      <object_component id="oc-19d">
         <name>.debug_info</name>
         <load_address>0xaf76</load_address>
         <run_address>0xaf76</run_address>
         <size>0x1d5</size>
         <input_file_ref idref="fl-dc"/>
      </object_component>
      <object_component id="oc-fa">
         <name>.debug_info</name>
         <load_address>0xb14b</load_address>
         <run_address>0xb14b</run_address>
         <size>0x145</size>
         <input_file_ref idref="fl-dd"/>
      </object_component>
      <object_component id="oc-1ef">
         <name>.debug_info</name>
         <load_address>0xb290</load_address>
         <run_address>0xb290</run_address>
         <size>0x28f</size>
         <input_file_ref idref="fl-de"/>
      </object_component>
      <object_component id="oc-1a3">
         <name>.debug_info</name>
         <load_address>0xb51f</load_address>
         <run_address>0xb51f</run_address>
         <size>0x244</size>
         <input_file_ref idref="fl-de"/>
      </object_component>
      <object_component id="oc-16b">
         <name>.debug_info</name>
         <load_address>0xb763</load_address>
         <run_address>0xb763</run_address>
         <size>0x17d</size>
         <input_file_ref idref="fl-df"/>
      </object_component>
      <object_component id="oc-1ea">
         <name>.debug_info</name>
         <load_address>0xb8e0</load_address>
         <run_address>0xb8e0</run_address>
         <size>0xf3</size>
         <input_file_ref idref="fl-e0"/>
      </object_component>
      <object_component id="oc-1e5">
         <name>.debug_info</name>
         <load_address>0xb9d3</load_address>
         <run_address>0xb9d3</run_address>
         <size>0x156</size>
         <input_file_ref idref="fl-e1"/>
      </object_component>
      <object_component id="oc-22a">
         <name>.debug_info</name>
         <load_address>0xbb29</load_address>
         <run_address>0xbb29</run_address>
         <size>0x99</size>
      </object_component>
      <object_component id="oc-117">
         <name>.debug_line</name>
         <load_address>0x0</load_address>
         <run_address>0x0</run_address>
         <size>0x140</size>
         <input_file_ref idref="fl-2"/>
      </object_component>
      <object_component id="oc-123">
         <name>.debug_line</name>
         <load_address>0x140</load_address>
         <run_address>0x140</run_address>
         <size>0x2e</size>
         <input_file_ref idref="fl-2"/>
      </object_component>
      <object_component id="oc-36">
         <name>.debug_line</name>
         <load_address>0x16e</load_address>
         <run_address>0x16e</run_address>
         <size>0x769</size>
         <input_file_ref idref="fl-2"/>
      </object_component>
      <object_component id="oc-11b">
         <name>.debug_line</name>
         <load_address>0x8d7</load_address>
         <run_address>0x8d7</run_address>
         <size>0x64</size>
         <input_file_ref idref="fl-2"/>
      </object_component>
      <object_component id="oc-d6">
         <name>.debug_line</name>
         <load_address>0x93b</load_address>
         <run_address>0x93b</run_address>
         <size>0x20</size>
         <input_file_ref idref="fl-2"/>
      </object_component>
      <object_component id="oc-d1">
         <name>.debug_line</name>
         <load_address>0x95b</load_address>
         <run_address>0x95b</run_address>
         <size>0x65</size>
         <input_file_ref idref="fl-2"/>
      </object_component>
      <object_component id="oc-131">
         <name>.debug_line</name>
         <load_address>0x9c0</load_address>
         <run_address>0x9c0</run_address>
         <size>0x65</size>
         <input_file_ref idref="fl-2"/>
      </object_component>
      <object_component id="oc-d9">
         <name>.debug_line</name>
         <load_address>0xa25</load_address>
         <run_address>0xa25</run_address>
         <size>0x41</size>
         <input_file_ref idref="fl-3"/>
      </object_component>
      <object_component id="oc-38">
         <name>.debug_line</name>
         <load_address>0xa66</load_address>
         <run_address>0xa66</run_address>
         <size>0x41</size>
         <input_file_ref idref="fl-3"/>
      </object_component>
      <object_component id="oc-2f">
         <name>.debug_line</name>
         <load_address>0xaa7</load_address>
         <run_address>0xaa7</run_address>
         <size>0xa1</size>
         <input_file_ref idref="fl-3"/>
      </object_component>
      <object_component id="oc-43">
         <name>.debug_line</name>
         <load_address>0xb48</load_address>
         <run_address>0xb48</run_address>
         <size>0x20</size>
         <input_file_ref idref="fl-3"/>
      </object_component>
      <object_component id="oc-15f">
         <name>.debug_line</name>
         <load_address>0xb68</load_address>
         <run_address>0xb68</run_address>
         <size>0x89</size>
         <input_file_ref idref="fl-bd"/>
      </object_component>
      <object_component id="oc-8b">
         <name>.debug_line</name>
         <load_address>0xbf1</load_address>
         <run_address>0xbf1</run_address>
         <size>0x63</size>
         <input_file_ref idref="fl-bd"/>
      </object_component>
      <object_component id="oc-28">
         <name>.debug_line</name>
         <load_address>0xc54</load_address>
         <run_address>0xc54</run_address>
         <size>0x53</size>
         <input_file_ref idref="fl-be"/>
      </object_component>
      <object_component id="oc-134">
         <name>.debug_line</name>
         <load_address>0xca7</load_address>
         <run_address>0xca7</run_address>
         <size>0x20</size>
         <input_file_ref idref="fl-bf"/>
      </object_component>
      <object_component id="oc-13">
         <name>.debug_line</name>
         <load_address>0xcc7</load_address>
         <run_address>0xcc7</run_address>
         <size>0xa9</size>
         <input_file_ref idref="fl-bf"/>
      </object_component>
      <object_component id="oc-3e">
         <name>.debug_line</name>
         <load_address>0xd70</load_address>
         <run_address>0xd70</run_address>
         <size>0x3a</size>
         <input_file_ref idref="fl-bf"/>
      </object_component>
      <object_component id="oc-dd">
         <name>.debug_line</name>
         <load_address>0xdaa</load_address>
         <run_address>0xdaa</run_address>
         <size>0x8a</size>
         <input_file_ref idref="fl-bf"/>
      </object_component>
      <object_component id="oc-e7">
         <name>.debug_line</name>
         <load_address>0xe34</load_address>
         <run_address>0xe34</run_address>
         <size>0x8a</size>
         <input_file_ref idref="fl-c0"/>
      </object_component>
      <object_component id="oc-1d">
         <name>.debug_line</name>
         <load_address>0xebe</load_address>
         <run_address>0xebe</run_address>
         <size>0x55</size>
         <input_file_ref idref="fl-c0"/>
      </object_component>
      <object_component id="oc-4e">
         <name>.debug_line</name>
         <load_address>0xf13</load_address>
         <run_address>0xf13</run_address>
         <size>0x3a</size>
         <input_file_ref idref="fl-c0"/>
      </object_component>
      <object_component id="oc-e4">
         <name>.debug_line</name>
         <load_address>0xf4d</load_address>
         <run_address>0xf4d</run_address>
         <size>0x8a</size>
         <input_file_ref idref="fl-c0"/>
      </object_component>
      <object_component id="oc-ef">
         <name>.debug_line</name>
         <load_address>0xfd7</load_address>
         <run_address>0xfd7</run_address>
         <size>0x8a</size>
         <input_file_ref idref="fl-c1"/>
      </object_component>
      <object_component id="oc-20">
         <name>.debug_line</name>
         <load_address>0x1061</load_address>
         <run_address>0x1061</run_address>
         <size>0x4f</size>
         <input_file_ref idref="fl-c1"/>
      </object_component>
      <object_component id="oc-5a">
         <name>.debug_line</name>
         <load_address>0x10b0</load_address>
         <run_address>0x10b0</run_address>
         <size>0x34</size>
         <input_file_ref idref="fl-c1"/>
      </object_component>
      <object_component id="oc-ec">
         <name>.debug_line</name>
         <load_address>0x10e4</load_address>
         <run_address>0x10e4</run_address>
         <size>0x8a</size>
         <input_file_ref idref="fl-c1"/>
      </object_component>
      <object_component id="oc-1d1">
         <name>.debug_line</name>
         <load_address>0x116e</load_address>
         <run_address>0x116e</run_address>
         <size>0x20</size>
         <input_file_ref idref="fl-c2"/>
      </object_component>
      <object_component id="oc-15c">
         <name>.debug_line</name>
         <load_address>0x118e</load_address>
         <run_address>0x118e</run_address>
         <size>0x2b</size>
         <input_file_ref idref="fl-c2"/>
      </object_component>
      <object_component id="oc-158">
         <name>.debug_line</name>
         <load_address>0x11b9</load_address>
         <run_address>0x11b9</run_address>
         <size>0xf2</size>
         <input_file_ref idref="fl-c3"/>
      </object_component>
      <object_component id="oc-14c">
         <name>.debug_line</name>
         <load_address>0x12ab</load_address>
         <run_address>0x12ab</run_address>
         <size>0x2a</size>
         <input_file_ref idref="fl-c3"/>
      </object_component>
      <object_component id="oc-7a">
         <name>.debug_line</name>
         <load_address>0x12d5</load_address>
         <run_address>0x12d5</run_address>
         <size>0x86</size>
         <input_file_ref idref="fl-c3"/>
      </object_component>
      <object_component id="oc-49">
         <name>.debug_line</name>
         <load_address>0x135b</load_address>
         <run_address>0x135b</run_address>
         <size>0x88</size>
         <input_file_ref idref="fl-c4"/>
      </object_component>
      <object_component id="oc-53">
         <name>.debug_line</name>
         <load_address>0x13e3</load_address>
         <run_address>0x13e3</run_address>
         <size>0x79</size>
         <input_file_ref idref="fl-c5"/>
      </object_component>
      <object_component id="oc-61">
         <name>.debug_line</name>
         <load_address>0x145c</load_address>
         <run_address>0x145c</run_address>
         <size>0x3d</size>
         <input_file_ref idref="fl-c6"/>
      </object_component>
      <object_component id="oc-64">
         <name>.debug_line</name>
         <load_address>0x1499</load_address>
         <run_address>0x1499</run_address>
         <size>0x40</size>
         <input_file_ref idref="fl-c7"/>
      </object_component>
      <object_component id="oc-165">
         <name>.debug_line</name>
         <load_address>0x14d9</load_address>
         <run_address>0x14d9</run_address>
         <size>0x89</size>
         <input_file_ref idref="fl-c8"/>
      </object_component>
      <object_component id="oc-163">
         <name>.debug_line</name>
         <load_address>0x1562</load_address>
         <run_address>0x1562</run_address>
         <size>0x2a</size>
         <input_file_ref idref="fl-c8"/>
      </object_component>
      <object_component id="oc-9f">
         <name>.debug_line</name>
         <load_address>0x158c</load_address>
         <run_address>0x158c</run_address>
         <size>0x62</size>
         <input_file_ref idref="fl-c8"/>
      </object_component>
      <object_component id="oc-1c0">
         <name>.debug_line</name>
         <load_address>0x15ee</load_address>
         <run_address>0x15ee</run_address>
         <size>0x97</size>
         <input_file_ref idref="fl-c9"/>
      </object_component>
      <object_component id="oc-c3">
         <name>.debug_line</name>
         <load_address>0x1685</load_address>
         <run_address>0x1685</run_address>
         <size>0x83</size>
         <input_file_ref idref="fl-c9"/>
      </object_component>
      <object_component id="oc-1bd">
         <name>.debug_line</name>
         <load_address>0x1708</load_address>
         <run_address>0x1708</run_address>
         <size>0x89</size>
         <input_file_ref idref="fl-c9"/>
      </object_component>
      <object_component id="oc-10c">
         <name>.debug_line</name>
         <load_address>0x1791</load_address>
         <run_address>0x1791</run_address>
         <size>0x33</size>
         <input_file_ref idref="fl-ca"/>
      </object_component>
      <object_component id="oc-161">
         <name>.debug_line</name>
         <load_address>0x17c4</load_address>
         <run_address>0x17c4</run_address>
         <size>0x20</size>
         <input_file_ref idref="fl-cb"/>
      </object_component>
      <object_component id="oc-91">
         <name>.debug_line</name>
         <load_address>0x17e4</load_address>
         <run_address>0x17e4</run_address>
         <size>0xa5</size>
         <input_file_ref idref="fl-cb"/>
      </object_component>
      <object_component id="oc-15a">
         <name>.debug_line</name>
         <load_address>0x1889</load_address>
         <run_address>0x1889</run_address>
         <size>0x20</size>
         <input_file_ref idref="fl-cc"/>
      </object_component>
      <object_component id="oc-85">
         <name>.debug_line</name>
         <load_address>0x18a9</load_address>
         <run_address>0x18a9</run_address>
         <size>0xaa</size>
         <input_file_ref idref="fl-cc"/>
      </object_component>
      <object_component id="oc-167">
         <name>.debug_line</name>
         <load_address>0x1953</load_address>
         <run_address>0x1953</run_address>
         <size>0x89</size>
         <input_file_ref idref="fl-cd"/>
      </object_component>
      <object_component id="oc-be">
         <name>.debug_line</name>
         <load_address>0x19dc</load_address>
         <run_address>0x19dc</run_address>
         <size>0x3f</size>
         <input_file_ref idref="fl-cd"/>
      </object_component>
      <object_component id="oc-1cf">
         <name>.debug_line</name>
         <load_address>0x1a1b</load_address>
         <run_address>0x1a1b</run_address>
         <size>0x20</size>
         <input_file_ref idref="fl-ce"/>
      </object_component>
      <object_component id="oc-154">
         <name>.debug_line</name>
         <load_address>0x1a3b</load_address>
         <run_address>0x1a3b</run_address>
         <size>0x2b</size>
         <input_file_ref idref="fl-ce"/>
      </object_component>
      <object_component id="oc-151">
         <name>.debug_line</name>
         <load_address>0x1a66</load_address>
         <run_address>0x1a66</run_address>
         <size>0x68</size>
         <input_file_ref idref="fl-ce"/>
      </object_component>
      <object_component id="oc-1f3">
         <name>.debug_line</name>
         <load_address>0x1ace</load_address>
         <run_address>0x1ace</run_address>
         <size>0x16a</size>
         <input_file_ref idref="fl-cf"/>
      </object_component>
      <object_component id="oc-127">
         <name>.debug_line</name>
         <load_address>0x1c38</load_address>
         <run_address>0x1c38</run_address>
         <size>0xc44</size>
         <input_file_ref idref="fl-cf"/>
      </object_component>
      <object_component id="oc-1b3">
         <name>.debug_line</name>
         <load_address>0x287c</load_address>
         <run_address>0x287c</run_address>
         <size>0x8a</size>
         <input_file_ref idref="fl-cf"/>
      </object_component>
      <object_component id="oc-1f7">
         <name>.debug_line</name>
         <load_address>0x2906</load_address>
         <run_address>0x2906</run_address>
         <size>0x8a</size>
         <input_file_ref idref="fl-cf"/>
      </object_component>
      <object_component id="oc-1b8">
         <name>.debug_line</name>
         <load_address>0x2990</load_address>
         <run_address>0x2990</run_address>
         <size>0x2e</size>
         <input_file_ref idref="fl-cf"/>
      </object_component>
      <object_component id="oc-145">
         <name>.debug_line</name>
         <load_address>0x29be</load_address>
         <run_address>0x29be</run_address>
         <size>0x2b</size>
         <input_file_ref idref="fl-d0"/>
      </object_component>
      <object_component id="oc-74">
         <name>.debug_line</name>
         <load_address>0x29e9</load_address>
         <run_address>0x29e9</run_address>
         <size>0x4a</size>
         <input_file_ref idref="fl-d0"/>
      </object_component>
      <object_component id="oc-149">
         <name>.debug_line</name>
         <load_address>0x2a33</load_address>
         <run_address>0x2a33</run_address>
         <size>0x2b</size>
         <input_file_ref idref="fl-d0"/>
      </object_component>
      <object_component id="oc-139">
         <name>.debug_line</name>
         <load_address>0x2a5e</load_address>
         <run_address>0x2a5e</run_address>
         <size>0xa9</size>
         <input_file_ref idref="fl-d1"/>
      </object_component>
      <object_component id="oc-6e">
         <name>.debug_line</name>
         <load_address>0x2b07</load_address>
         <run_address>0x2b07</run_address>
         <size>0x8b</size>
         <input_file_ref idref="fl-d1"/>
      </object_component>
      <object_component id="oc-13d">
         <name>.debug_line</name>
         <load_address>0x2b92</load_address>
         <run_address>0x2b92</run_address>
         <size>0x2e</size>
         <input_file_ref idref="fl-d1"/>
      </object_component>
      <object_component id="oc-1cb">
         <name>.debug_line</name>
         <load_address>0x2bc0</load_address>
         <run_address>0x2bc0</run_address>
         <size>0x8a</size>
         <input_file_ref idref="fl-d1"/>
      </object_component>
      <object_component id="oc-142">
         <name>.debug_line</name>
         <load_address>0x2c4a</load_address>
         <run_address>0x2c4a</run_address>
         <size>0x8b</size>
         <input_file_ref idref="fl-d1"/>
      </object_component>
      <object_component id="oc-1c2">
         <name>.debug_line</name>
         <load_address>0x2cd5</load_address>
         <run_address>0x2cd5</run_address>
         <size>0x98</size>
         <input_file_ref idref="fl-d2"/>
      </object_component>
      <object_component id="oc-f7">
         <name>.debug_line</name>
         <load_address>0x2d6d</load_address>
         <run_address>0x2d6d</run_address>
         <size>0x68</size>
         <input_file_ref idref="fl-d2"/>
      </object_component>
      <object_component id="oc-1c6">
         <name>.debug_line</name>
         <load_address>0x2dd5</load_address>
         <run_address>0x2dd5</run_address>
         <size>0x2e</size>
         <input_file_ref idref="fl-d2"/>
      </object_component>
      <object_component id="oc-195">
         <name>.debug_line</name>
         <load_address>0x2e03</load_address>
         <run_address>0x2e03</run_address>
         <size>0xd2</size>
         <input_file_ref idref="fl-d3"/>
      </object_component>
      <object_component id="oc-171">
         <name>.debug_line</name>
         <load_address>0x2ed5</load_address>
         <run_address>0x2ed5</run_address>
         <size>0x77</size>
         <input_file_ref idref="fl-d4"/>
      </object_component>
      <object_component id="oc-17d">
         <name>.debug_line</name>
         <load_address>0x2f4c</load_address>
         <run_address>0x2f4c</run_address>
         <size>0x77</size>
         <input_file_ref idref="fl-d4"/>
      </object_component>
      <object_component id="oc-17b">
         <name>.debug_line</name>
         <load_address>0x2fc3</load_address>
         <run_address>0x2fc3</run_address>
         <size>0xa8</size>
         <input_file_ref idref="fl-d5"/>
      </object_component>
      <object_component id="oc-176">
         <name>.debug_line</name>
         <load_address>0x306b</load_address>
         <run_address>0x306b</run_address>
         <size>0x8e</size>
         <input_file_ref idref="fl-d6"/>
      </object_component>
      <object_component id="oc-185">
         <name>.debug_line</name>
         <load_address>0x30f9</load_address>
         <run_address>0x30f9</run_address>
         <size>0x5a</size>
         <input_file_ref idref="fl-d7"/>
      </object_component>
      <object_component id="oc-190">
         <name>.debug_line</name>
         <load_address>0x3153</load_address>
         <run_address>0x3153</run_address>
         <size>0x50</size>
         <input_file_ref idref="fl-d8"/>
      </object_component>
      <object_component id="oc-1fa">
         <name>.debug_line</name>
         <load_address>0x31a3</load_address>
         <run_address>0x31a3</run_address>
         <size>0x8a</size>
         <input_file_ref idref="fl-d9"/>
      </object_component>
      <object_component id="oc-18b">
         <name>.debug_line</name>
         <load_address>0x322d</load_address>
         <run_address>0x322d</run_address>
         <size>0x66</size>
         <input_file_ref idref="fl-d9"/>
      </object_component>
      <object_component id="oc-205">
         <name>.debug_line</name>
         <load_address>0x3293</load_address>
         <run_address>0x3293</run_address>
         <size>0x20</size>
         <input_file_ref idref="fl-da"/>
      </object_component>
      <object_component id="oc-1ad">
         <name>.debug_line</name>
         <load_address>0x32b3</load_address>
         <run_address>0x32b3</run_address>
         <size>0x48</size>
         <input_file_ref idref="fl-da"/>
      </object_component>
      <object_component id="oc-1fc">
         <name>.debug_line</name>
         <load_address>0x32fb</load_address>
         <run_address>0x32fb</run_address>
         <size>0x20</size>
         <input_file_ref idref="fl-db"/>
      </object_component>
      <object_component id="oc-197">
         <name>.debug_line</name>
         <load_address>0x331b</load_address>
         <run_address>0x331b</run_address>
         <size>0x5e</size>
         <input_file_ref idref="fl-db"/>
      </object_component>
      <object_component id="oc-1e1">
         <name>.debug_line</name>
         <load_address>0x3379</load_address>
         <run_address>0x3379</run_address>
         <size>0x8a</size>
         <input_file_ref idref="fl-db"/>
      </object_component>
      <object_component id="oc-201">
         <name>.debug_line</name>
         <load_address>0x3403</load_address>
         <run_address>0x3403</run_address>
         <size>0x93</size>
         <input_file_ref idref="fl-dc"/>
      </object_component>
      <object_component id="oc-1a1">
         <name>.debug_line</name>
         <load_address>0x3496</load_address>
         <run_address>0x3496</run_address>
         <size>0xa1</size>
         <input_file_ref idref="fl-dc"/>
      </object_component>
      <object_component id="oc-f9">
         <name>.debug_line</name>
         <load_address>0x3537</load_address>
         <run_address>0x3537</run_address>
         <size>0x3c</size>
         <input_file_ref idref="fl-dd"/>
      </object_component>
      <object_component id="oc-203">
         <name>.debug_line</name>
         <load_address>0x3573</load_address>
         <run_address>0x3573</run_address>
         <size>0x20</size>
         <input_file_ref idref="fl-de"/>
      </object_component>
      <object_component id="oc-1a6">
         <name>.debug_line</name>
         <load_address>0x3593</load_address>
         <run_address>0x3593</run_address>
         <size>0xa8</size>
         <input_file_ref idref="fl-de"/>
      </object_component>
      <object_component id="oc-16a">
         <name>.debug_line</name>
         <load_address>0x363b</load_address>
         <run_address>0x363b</run_address>
         <size>0x118</size>
         <input_file_ref idref="fl-df"/>
      </object_component>
      <object_component id="oc-1ff">
         <name>.debug_line</name>
         <load_address>0x3753</load_address>
         <run_address>0x3753</run_address>
         <size>0x2b</size>
         <input_file_ref idref="fl-e0"/>
      </object_component>
      <object_component id="oc-1e4">
         <name>.debug_line</name>
         <load_address>0x377e</load_address>
         <run_address>0x377e</run_address>
         <size>0x45</size>
         <input_file_ref idref="fl-e1"/>
      </object_component>
      <object_component id="oc-35">
         <name>.debug_frame</name>
         <load_address>0x0</load_address>
         <run_address>0x0</run_address>
         <size>0x230</size>
         <input_file_ref idref="fl-2"/>
      </object_component>
      <object_component id="oc-30">
         <name>.debug_frame</name>
         <load_address>0x230</load_address>
         <run_address>0x230</run_address>
         <size>0x84</size>
         <input_file_ref idref="fl-3"/>
      </object_component>
      <object_component id="oc-88">
         <name>.debug_frame</name>
         <load_address>0x2b4</load_address>
         <run_address>0x2b4</run_address>
         <size>0x5c</size>
         <input_file_ref idref="fl-bd"/>
      </object_component>
      <object_component id="oc-17">
         <name>.debug_frame</name>
         <load_address>0x310</load_address>
         <run_address>0x310</run_address>
         <size>0x60</size>
         <input_file_ref idref="fl-bf"/>
      </object_component>
      <object_component id="oc-19">
         <name>.debug_frame</name>
         <load_address>0x370</load_address>
         <run_address>0x370</run_address>
         <size>0x51</size>
         <input_file_ref idref="fl-c0"/>
      </object_component>
      <object_component id="oc-21">
         <name>.debug_frame</name>
         <load_address>0x3c1</load_address>
         <run_address>0x3c1</run_address>
         <size>0x51</size>
         <input_file_ref idref="fl-c1"/>
      </object_component>
      <object_component id="oc-79">
         <name>.debug_frame</name>
         <load_address>0x412</load_address>
         <run_address>0x412</run_address>
         <size>0x85</size>
         <input_file_ref idref="fl-c3"/>
      </object_component>
      <object_component id="oc-62">
         <name>.debug_frame</name>
         <load_address>0x497</load_address>
         <run_address>0x497</run_address>
         <size>0x51</size>
         <input_file_ref idref="fl-c6"/>
      </object_component>
      <object_component id="oc-68">
         <name>.debug_frame</name>
         <load_address>0x4e8</load_address>
         <run_address>0x4e8</run_address>
         <size>0x51</size>
         <input_file_ref idref="fl-c7"/>
      </object_component>
      <object_component id="oc-a3">
         <name>.debug_frame</name>
         <load_address>0x539</load_address>
         <run_address>0x539</run_address>
         <size>0x70</size>
         <input_file_ref idref="fl-c8"/>
      </object_component>
      <object_component id="oc-c2">
         <name>.debug_frame</name>
         <load_address>0x5a9</load_address>
         <run_address>0x5a9</run_address>
         <size>0x9d</size>
         <input_file_ref idref="fl-c9"/>
      </object_component>
      <object_component id="oc-90">
         <name>.debug_frame</name>
         <load_address>0x646</load_address>
         <run_address>0x646</run_address>
         <size>0x51</size>
         <input_file_ref idref="fl-cb"/>
      </object_component>
      <object_component id="oc-84">
         <name>.debug_frame</name>
         <load_address>0x697</load_address>
         <run_address>0x697</run_address>
         <size>0x51</size>
         <input_file_ref idref="fl-cc"/>
      </object_component>
      <object_component id="oc-bf">
         <name>.debug_frame</name>
         <load_address>0x6e8</load_address>
         <run_address>0x6e8</run_address>
         <size>0x51</size>
         <input_file_ref idref="fl-cd"/>
      </object_component>
      <object_component id="oc-152">
         <name>.debug_frame</name>
         <load_address>0x739</load_address>
         <run_address>0x739</run_address>
         <size>0x73</size>
         <input_file_ref idref="fl-ce"/>
      </object_component>
      <object_component id="oc-12b">
         <name>.debug_frame</name>
         <load_address>0x7ac</load_address>
         <run_address>0x7ac</run_address>
         <size>0x1e2</size>
         <input_file_ref idref="fl-cf"/>
      </object_component>
      <object_component id="oc-73">
         <name>.debug_frame</name>
         <load_address>0x98e</load_address>
         <run_address>0x98e</run_address>
         <size>0x51</size>
         <input_file_ref idref="fl-d0"/>
      </object_component>
      <object_component id="oc-6d">
         <name>.debug_frame</name>
         <load_address>0x9df</load_address>
[...]
      <symbol id="sm-1eb">
         <name>s</name>
         <value>0x20002755</value>
      </symbol>
      <symbol id="sm-1ec">
         <name>msgSizeRx</name>
         <value>0x20002753</value>
      </symbol>
      <symbol id="sm-1ed">
         <name>sizeTx</name>
         <value>0x20002756</value>
      </symbol>
      <symbol id="sm-1ee">
         <name>address</name>
         <value>0x20002738</value>
      </symbol>
      <symbol id="sm-1ef">
         <name>channel</name>
         <value>0x2000273a</value>
      </symbol>
      <symbol id="sm-1f0">
         <name>value</name>
         <value>0x2000274a</value>
      </symbol>
      <symbol id="sm-1f1">
         <name>newAddress</name>
         <value>0x20002742</value>
      </symbol>
      <symbol id="sm-1f2">
         <name>validity</name>
         <value>0x20002748</value>
      </symbol>
      <symbol id="sm-1f3">
         <name>field</name>
         <value>0x20002752</value>
      </symbol>
      <symbol id="sm-1f4">
         <name>position</name>
         <value>0x2000272c</value>
      </symbol>
      <symbol id="sm-1f5">
         <name>csEnable</name>
         <value>0x20002750</value>
      </symbol>
      <symbol id="sm-1f6">
         <name>randomRetrans</name>
         <value>0x20002754</value>
      </symbol>
      <symbol id="sm-1f7">
         <name>ackon</name>
         <value>0x2000274c</value>
      </symbol>
      <symbol id="sm-1f8">
         <name>str</name>
         <value>0x200024e4</value>
      </symbol>
      <symbol id="sm-1f9">
         <name>str2</name>
         <value>0x20002538</value>
      </symbol>
      <symbol id="sm-1fa">
         <name>count</name>
         <value>0x2000274f</value>
      </symbol>
      <symbol id="sm-1fb">
         <name>checksum</name>
         <value>0x2000274d</value>
      </symbol>
      <symbol id="sm-1fc">
         <name>checksumRx</name>
         <value>0x2000274e</value>
      </symbol>
      <symbol id="sm-1fd">
         <name>currentIndex</name>
         <value>0x20002751</value>
      </symbol>
      <symbol id="sm-1fe">
         <name>sequenceId</name>
         <value>0x20002744</value>
      </symbol>
      <symbol id="sm-1ff">
         <name>ledTimeout</name>
         <value>0x20002740</value>
      </symbol>
      <symbol id="sm-200">
         <name>deadlockTimeoutRx</name>
         <value>0x2000273c</value>
      </symbol>
      <symbol id="sm-201">
         <name>deadlockTimeoutTx</name>
         <value>0x2000273e</value>
      </symbol>
      <symbol id="sm-202">
         <name>retransTimeOut</name>
         <value>0x20002634</value>
      </symbol>
      <symbol id="sm-203">
         <name>sourceAdress_8bit</name>
         <value>0x20002746</value>
      </symbol>
      <symbol id="sm-204">
         <name>rxData</name>
         <value>0x2000258c</value>
      </symbol>
      <symbol id="sm-205">
         <name>destAdd</name>
         <value>0x20002600</value>
      </symbol>
      <symbol id="sm-206">
         <name>chan</name>
         <value>0x200025cc</value>
      </symbol>
      <symbol id="sm-207">
         <name>data</name>
         <value>0x20002000</value>
      </symbol>
      <symbol id="sm-208">
         <name>valid</name>
         <value>0x20002710</value>
      </symbol>
      <symbol id="sm-209">
         <name>ackRequired</name>
         <value>0x20002668</value>
      </symbol>
      <symbol id="sm-20a">
         <name>seqId</name>
         <value>0x200026d8</value>
      </symbol>
      <symbol id="sm-20b">
         <name>cmd</name>
         <value>0x200026a0</value>
      </symbol>
      <symbol id="sm-20c">
         <name>size</name>
         <value>0x200026f4</value>
      </symbol>
      <symbol id="sm-20d">
         <name>checkSum</name>
         <value>0x20002684</value>
      </symbol>
      <symbol id="sm-20e">
         <name>retransCount</name>
         <value>0x200026bc</value>
      </symbol>
      <symbol id="sm-20f">
         <name>getNumber</name>
         <value>0x621</value>
         <object_component_ref idref="oc-31"/>
      </symbol>
      <symbol id="sm-210">
         <name>getcUart0</name>
         <value>0x41b</value>
         <object_component_ref idref="oc-31"/>
      </symbol>
      <symbol id="sm-211">
         <name>getbUart1</name>
         <value>0x6d5</value>
         <object_component_ref idref="oc-31"/>
      </symbol>
      <symbol id="sm-212">
         <name>oldRxPhase</name>
         <value>0x20002768</value>
         <object_component_ref idref="oc-a6"/>
      </symbol>
      <symbol id="sm-213">
         <name>clear</name>
         <value>0x2000275c</value>
         <object_component_ref idref="oc-a6"/>
      </symbol>
      <symbol id="sm-214">
         <name>initHw</name>
         <value>0x26d</value>
         <object_component_ref idref="oc-31"/>
      </symbol>
      <symbol id="sm-215">
         <name>sourceAddress</name>
         <value>0x2000276a</value>
         <object_component_ref idref="oc-a6"/>
      </symbol>
      <symbol id="sm-216">
         <name>set</name>
         <value>0x2000275a</value>
         <object_component_ref idref="oc-a6"/>
      </symbol>
      <symbol id="sm-217">
         <name>rxPhase</name>
         <value>0x20002767</value>
         <object_component_ref idref="oc-a6"/>
      </symbol>
      <symbol id="sm-218">
         <name>isCommand</name>
         <value>0x681</value>
         <object_component_ref idref="oc-31"/>
      </symbol>
      <symbol id="sm-219">
         <name>clearString</name>
         <value>0x545</value>
         <object_component_ref idref="oc-31"/>
      </symbol>
      <symbol id="sm-21a">
         <name>clearArray</name>
         <value>0x591</value>
         <object_component_ref idref="oc-31"/>
      </symbol>
      <symbol id="sm-21b">
         <name>T0</name>
         <value>0x2000275e</value>
         <object_component_ref idref="oc-a6"/>
      </symbol>
      <symbol id="sm-21c">
         <name>Timer1Isr</name>
         <value>0x10b1</value>
         <object_component_ref idref="oc-31"/>
      </symbol>
      <symbol id="sm-21d">
         <name>T</name>
         <value>0x20002760</value>
         <object_component_ref idref="oc-a6"/>
      </symbol>
      <symbol id="sm-21e">
         <name>oldTxPhase</name>
         <value>0x20002769</value>
         <object_component_ref idref="oc-a6"/>
      </symbol>
      <symbol id="sm-21f">
         <name>sendPacket</name>
         <value>0x715</value>
         <object_component_ref idref="oc-31"/>
      </symbol>
      <symbol id="sm-220">
         <name>main</name>
         <value>0x12b5</value>
         <object_component_ref idref="oc-31"/>
      </symbol>
      <symbol id="sm-221">
         <name>inProgress</name>
         <value>0x20002762</value>
         <object_component_ref idref="oc-a6"/>
      </symbol>
      <symbol id="sm-222">
         <name>printTxAttemptMsg</name>
         <value>0x20002765</value>
         <object_component_ref idref="oc-a6"/>
      </symbol>
      <symbol id="sm-223">
         <name>transmitError</name>
         <value>0x20002763</value>
         <object_component_ref idref="oc-a6"/>
      </symbol>
      <symbol id="sm-224">
         <name>putsUart0</name>
         <value>0x3e9</value>
         <object_component_ref idref="oc-31"/>
      </symbol>
      <symbol id="sm-225">
         <name>putiUart0</name>
         <value>0x4a3</value>
         <object_component_ref idref="oc-31"/>
      </symbol>
      <symbol id="sm-226">
         <name>putcUart0</name>
         <value>0x3cd</value>
         <object_component_ref idref="oc-31"/>
      </symbol>
      <symbol id="sm-227">
         <name>putbUart1</name>
         <value>0x6b9</value>
         <object_component_ref idref="oc-31"/>
      </symbol>
      <symbol id="sm-228">
         <name>currentPhase</name>
         <value>0x20002766</value>
         <object_component_ref idref="oc-a6"/>
      </symbol>
      <symbol id="sm-229">
         <name>receiveMsg</name>
         <value>0xc01</value>
         <object_component_ref idref="oc-31"/>
      </symbol>
      <symbol id="sm-22a">
         <name>deadlock</name>
         <value>0x1021</value>
         <object_component_ref idref="oc-31"/>
      </symbol>
      <symbol id="sm-22b">
         <name>getString</name>
         <value>0x5ed</value>
         <object_component_ref idref="oc-31"/>
      </symbol>
      <symbol id="sm-22c">
         <name>printErrorTxMsg</name>
         <value>0x20002764</value>
         <object_component_ref idref="oc-a6"/>
      </symbol>
      <symbol id="sm-22d">
         <name>var_i</name>
         <value>0x20002758</value>
         <object_component_ref idref="oc-a6"/>
      </symbol>
      <symbol id="sm-22e">
         <name>itoa</name>
         <value>0x42f</value>
         <object_component_ref idref="oc-31"/>
      </symbol>
      <symbol id="sm-22f">
         <name>waitMicrosecond</name>
         <value>0x3a9</value>
         <object_component_ref idref="oc-31"/>
      </symbol>
      <symbol id="sm-230">
         <name>transmitMsg</name>
         <value>0x8f9</value>
         <object_component_ref idref="oc-31"/>
      </symbol>
      <symbol id="sm-251">
         <name>ResetISR</name>
         <value>0x37b7</value>
         <object_component_ref idref="oc-2b"/>
      </symbol>
      <symbol id="sm-252">
         <name>g_pfnVectors</name>
         <value>0x0</value>
         <object_component_ref idref="oc-f"/>
      </symbol>
      <symbol id="sm-268">
         <name>atoi</name>
         <value>0x3591</value>
         <object_component_ref idref="oc-86"/>
      </symbol>
      <symbol id="sm-279">
         <name>_c_int00</name>
         <value>0x3495</value>
         <object_component_ref idref="oc-24"/>
      </symbol>
      <symbol id="sm-27a">
         <name>__stack</name>
         <value>0x20000000</value>
         <object_component_ref idref="oc-2a"/>
      </symbol>
      <symbol id="sm-298">
         <name>__TI_decompress_lzss</name>
         <value>0x3369</value>
         <object_component_ref idref="oc-12"/>
      </symbol>
      <symbol id="sm-2af">
         <name>__TI_decompress_none</name>
         <value>0x379d</value>
         <object_component_ref idref="oc-18"/>
      </symbol>
      <symbol id="sm-2c6">
         <name>__TI_zero_init</name>
         <value>0x37ab</value>
         <object_component_ref idref="oc-1e"/>
      </symbol>
      <symbol id="sm-2d1">
         <name>_ctypes_</name>
         <value>0x37c6</value>
         <object_component_ref idref="oc-10f"/>
      </symbol>
      <symbol id="sm-2f2">
         <name>C$$EXIT</name>
         <value>0x34e9</value>
         <object_component_ref idref="oc-75"/>
      </symbol>
      <symbol id="sm-2f3">
         <name>abort</name>
         <value>0x34ed</value>
         <object_component_ref idref="oc-75"/>
      </symbol>
      <symbol id="sm-2f4">
         <name>exit</name>
         <value>0x34f5</value>
         <object_component_ref idref="oc-75"/>
      </symbol>
      <symbol id="sm-2f5">
         <name>__TI_dtors_ptr</name>
         <value>0x20002770</value>
         <object_component_ref idref="oc-102"/>
      </symbol>
      <symbol id="sm-2f6">
         <name>__TI_cleanup_ptr</name>
         <value>0x2000276c</value>
         <object_component_ref idref="oc-102"/>
      </symbol>
      <symbol id="sm-2f7">
         <name>__TI_enable_exit_profile_output</name>
         <value>0x20002774</value>
         <object_component_ref idref="oc-102"/>
      </symbol>
      <symbol id="sm-312">
         <name>memcpy</name>
         <value>0x30d5</value>
         <object_component_ref idref="oc-45"/>
      </symbol>
      <symbol id="sm-313">
         <name>__aeabi_memcpy</name>
         <value>0x30d5</value>
         <object_component_ref idref="oc-45"/>
      </symbol>
      <symbol id="sm-314">
         <name>__aeabi_memcpy8</name>
         <value>0x30d5</value>
         <object_component_ref idref="oc-45"/>
      </symbol>
      <symbol id="sm-315">
         <name>__aeabi_memcpy4</name>
         <value>0x30d5</value>
         <object_component_ref idref="oc-45"/>
      </symbol>
      <symbol id="sm-324">
         <name>__aeabi_memset</name>
         <value>0x327f</value>
         <object_component_ref idref="oc-51"/>
      </symbol>
      <symbol id="sm-325">
         <name>memset</name>
         <value>0x3285</value>
         <object_component_ref idref="oc-51"/>
      </symbol>
      <symbol id="sm-326">
         <name>__aeabi_memset8</name>
         <value>0x327f</value>
         <object_component_ref idref="oc-51"/>
      </symbol>
      <symbol id="sm-327">
         <name>__aeabi_memset4</name>
         <value>0x327f</value>
         <object_component_ref idref="oc-51"/>
      </symbol>
      <symbol id="sm-328">
         <name>__aeabi_memclr8</name>
         <value>0x327d</value>
         <object_component_ref idref="oc-51"/>
      </symbol>
      <symbol id="sm-329">
         <name>__aeabi_memclr4</name>
         <value>0x327d</value>
         <object_component_ref idref="oc-51"/>
      </symbol>
      <symbol id="sm-32a">
         <name>__aeabi_memclr</name>
         <value>0x327d</value>
         <object_component_ref idref="oc-51"/>
      </symbol>
      <symbol id="sm-334">
         <name>__mpu_init</name>
         <value>0x2fd7</value>
         <object_component_ref idref="oc-5d"/>
      </symbol>
      <symbol id="sm-33e">
         <name>_system_pre_init</name>
         <value>0x37c3</value>
         <object_component_ref idref="oc-63"/>
      </symbol>
      <symbol id="sm-358">
         <name>rand</name>
         <value>0x363f</value>
         <object_component_ref idref="oc-9e"/>
      </symbol>
      <symbol id="sm-359">
         <name>srand</name>
         <value>0x3629</value>
         <object_component_ref idref="oc-9e"/>
      </symbol>
      <symbol id="sm-372">
         <name>sprintf</name>
         <value>0x3435</value>
         <object_component_ref idref="oc-c1"/>
      </symbol>
      <symbol id="sm-37a">
         <name>main_func_sp</name>
         <value>0x20002788</value>
         <object_component_ref idref="oc-7b"/>
      </symbol>
      <symbol id="sm-389">
         <name>strcmp</name>
         <value>0x3721</value>
         <object_component_ref idref="oc-8c"/>
      </symbol>
      <symbol id="sm-397">
         <name>strlen</name>
         <value>0x3779</value>
         <object_component_ref idref="oc-80"/>
      </symbol>
      <symbol id="sm-3a6">
         <name>tolower</name>
         <value>0x378d</value>
         <object_component_ref idref="oc-ba"/>
      </symbol>
      <symbol id="sm-3bf">
         <name>_nop</name>
         <value>0x375f</value>
         <object_component_ref idref="oc-14d"/>
      </symbol>
      <symbol id="sm-3c0">
         <name>_lock</name>
         <value>0x20002778</value>
         <object_component_ref idref="oc-105"/>
      </symbol>
      <symbol id="sm-3c1">
         <name>_unlock</name>
         <value>0x2000277c</value>
         <object_component_ref idref="oc-105"/>
      </symbol>
      <symbol id="sm-3c2">
         <name>_register_lock</name>
         <value>0x3757</value>
         <object_component_ref idref="oc-14d"/>
      </symbol>
      <symbol id="sm-3c3">
         <name>_register_unlock</name>
         <value>0x3751</value>
         <object_component_ref idref="oc-14d"/>
      </symbol>
      <symbol id="sm-4c4">
         <name>__TI_printfi</name>
         <value>0x2101</value>
         <object_component_ref idref="oc-126"/>
      </symbol>
      <symbol id="sm-4d8">
         <name>_args_main</name>
         <value>0x3709</value>
         <object_component_ref idref="oc-6f"/>
      </symbol>
      <symbol id="sm-502">
         <name>__TI_auto_init</name>
         <value>0x32f9</value>
         <object_component_ref idref="oc-69"/>
      </symbol>
      <symbol id="sm-51c">
         <name>copy_in</name>
         <value>0x35dd</value>
         <object_component_ref idref="oc-f2"/>
      </symbol>
      <symbol id="sm-533">
         <name>__aeabi_dsub</name>
         <value>0x2bef</value>
         <object_component_ref idref="oc-191"/>
      </symbol>
      <symbol id="sm-534">
         <name>__aeabi_dadd</name>
         <value>0x2bf9</value>
         <object_component_ref idref="oc-191"/>
      </symbol>
      <symbol id="sm-556">
         <name>__aeabi_cdcmpeq</name>
         <value>0x3171</value>
         <object_component_ref idref="oc-16d"/>
      </symbol>
      <symbol id="sm-557">
         <name>__aeabi_cdcmple</name>
         <value>0x3171</value>
         <object_component_ref idref="oc-16d"/>
      </symbol>
      <symbol id="sm-558">
         <name>__aeabi_cdrcmple</name>
         <value>0x31f7</value>
         <object_component_ref idref="oc-17c"/>
      </symbol>
      <symbol id="sm-56c">
         <name>__aeabi_ddiv</name>
         <value>0x2da5</value>
         <object_component_ref idref="oc-177"/>
      </symbol>
      <symbol id="sm-577">
         <name>__aeabi_dmul</name>
         <value>0x2edb</value>
         <object_component_ref idref="oc-172"/>
      </symbol>
      <symbol id="sm-581">
         <name>__aeabi_d2iz</name>
         <value>0x3675</value>
         <object_component_ref idref="oc-181"/>
      </symbol>
      <symbol id="sm-58b">
         <name>__aeabi_i2d</name>
         <value>0x36bd</value>
         <object_component_ref idref="oc-18c"/>
      </symbol>
      <symbol id="sm-59a">
         <name>ltoa</name>
         <value>0x353d</value>
         <object_component_ref idref="oc-186"/>
      </symbol>
      <symbol id="sm-5aa">
         <name>memccpy</name>
         <value>0x36eb</value>
         <object_component_ref idref="oc-1a8"/>
      </symbol>
      <symbol id="sm-5c5">
         <name>frexpl</name>
         <value>0x33d1</value>
         <object_component_ref idref="oc-196"/>
      </symbol>
      <symbol id="sm-5c6">
         <name>frexp</name>
         <value>0x33d1</value>
         <object_component_ref idref="oc-196"/>
      </symbol>
      <symbol id="sm-5e3">
         <name>scalbn</name>
         <value>0x2fd9</value>
         <object_component_ref idref="oc-19c"/>
      </symbol>
      <symbol id="sm-5e4">
         <name>scalbnl</name>
         <value>0x2fd9</value>
         <object_component_ref idref="oc-19c"/>
      </symbol>
      <symbol id="sm-5e5">
         <name>ldexpl</name>
         <value>0x2fd9</value>
         <object_component_ref idref="oc-19c"/>
      </symbol>
      <symbol id="sm-5e6">
         <name>ldexp</name>
         <value>0x2fd9</value>
         <object_component_ref idref="oc-19c"/>
      </symbol>
      <symbol id="sm-5f0">
         <name>_system_post_cinit</name>
         <value>0x32f7</value>
         <object_component_ref idref="oc-f8"/>
      </symbol>
      <symbol id="sm-600">
         <name>strchr</name>
         <value>0x3739</value>
         <object_component_ref idref="oc-1a2"/>
      </symbol>
      <symbol id="sm-61c">
         <name>__aeabi_uldivmod</name>
         <value>0x29fb</value>
         <object_component_ref idref="oc-168"/>
      </symbol>
      <symbol id="sm-624">
         <name>errno</name>
         <value>0x20002780</value>
         <object_component_ref idref="oc-1e9"/>
      </symbol>
      <symbol id="sm-62e">
         <name>copysign</name>
         <value>0x3765</value>
         <object_component_ref idref="oc-1e3"/>
      </symbol>
      <symbol id="sm-62f">
         <name>copysignl</name>
         <value>0x3765</value>
         <object_component_ref idref="oc-1e3"/>
      </symbol>
      <symbol id="sm-630">
         <name>__TI_static_base__</name>
         <value>0x0</value>
      </symbol>
      <symbol id="sm-633">
         <name>SHT$$INIT_ARRAY$$Limit</name>
         <value>0x0</value>
      </symbol>
      <symbol id="sm-634">
         <name>SHT$$INIT_ARRAY$$Base</name>
         <value>0x0</value>
      </symbol>
   </symbol_table>
   <title>Link successful</title>
</link_info>
