******************************************************************************
                  TI ARM Linker PC v16.9.4                     
******************************************************************************
>> Linked Tue Dec 05 19:17:23 2017

OUTPUT FILE NAME:   <12-4-2017process function.out>
ENTRY POINT SYMBOL: "_c_int00"  address: 00003951


MEMORY CONFIGURATION

         name            origin    length      used     unused   attr    fill
----------------------  --------  ---------  --------  --------  ----  --------
  FLASH                 00000000   00040000  00003dcb  0003c235  R  X
  SRAM                  20000000   00008000  0000279b  00005865  RW X


SEGMENT ALLOCATION MAP

run origin  load origin   length   init length attrs members
----------  ----------- ---------- ----------- ----- -------
00000000    00000000    00003dd0   00003dd0    r-x
  00000000    00000000    0000026c   0000026c    r-- .intvecs
  0000026c    0000026c    00003a16   00003a16    r-x .text
  00003c82    00003c82    00000101   00000101    r-- .const
  00003d88    00003d88    00000048   00000048    r-- .cinit
20000000    20000000    0000279c   00000000    rw-
  20000000    20000000    00002000   00000000    rw- .stack
  20002000    20002000    0000075f   00000000    rw- .bss
  20002760    20002760    0000003c   00000000    rw- .data


SECTION ALLOCATION MAP

 output                                  attributes/
section   page    origin      length       input sections
--------  ----  ----------  ----------   ----------------
.intvecs   0    00000000    0000026c     
                  00000000    0000026c     tm4c123gh6pm_startup_ccs.obj (.intvecs)

.text      0    0000026c    00003a16     
                  0000026c    00001b0c     processfunction.obj (.text)
                  00001d78    0000113e     rtsv7M4_T_le_v4SPD16_eabi.lib : _printfi.obj (.text)
                  00002eb6    000001f4                                   : ull_div_t2.obj (.text)
                  000030aa    000001b6                                   : fd_add_t2.obj (.text)
                  00003260    00000136                                   : fd_div_t2.obj (.text)
                  00003396    000000fc                                   : fd_mul_t2.obj (.text)
                  00003492    00000002                                   : mpu_init.obj (.text)
                  00003494    000000fc                                   : s_scalbn.obj (.text)
                  00003590    0000009c                                   : memcpy_t2.obj (.text)
                  0000362c    00000086                                   : fd_cmp_t2.obj (.text:__aeabi_cdcmple)
                  000036b2    00000086                                   : fd_cmp_t2.obj (.text:__aeabi_cdrcmple)
                  00003738    0000007a                                   : memset_t2.obj (.text)
                  000037b2    00000002                                   : startup.obj (.text)
                  000037b4    00000070                                   : autoinit.obj (.text)
                  00003824    00000068                                   : copy_decompress_lzss.obj (.text:decompress:lzss)
                  0000388c    00000064                                   : s_frexp.obj (.text)
                  000038f0    00000060                                   : sprintf.obj (.text)
                  00003950    00000054                                   : boot.obj (.text)
                  000039a4    00000054                                   : exit.obj (.text)
                  000039f8    00000054                                   : ltoa.obj (.text)
                  00003a4c    0000004c                                   : atoi.obj (.text)
                  00003a98    0000004c                                   : cpy_tbl.obj (.text)
                  00003ae4    0000004c                                   : rand.obj (.text)
                  00003b30    00000048                                   : fd_toi_t2.obj (.text)
                  00003b78    0000002e                                   : i_tofd_t2.obj (.text)
                  00003ba6    0000001c                                   : memccpy.obj (.text)
                  00003bc2    00000002     --HOLE-- [fill = 0]
                  00003bc4    00000018                                   : args_main.obj (.text)
                  00003bdc    00000018                                   : strcmp.obj (.text)
                  00003bf4    00000016                                   : strchr.obj (.text)
                  00003c0a    00000002     --HOLE-- [fill = 0]
                  00003c0c    00000014                                   : _lock.obj (.text)
                  00003c20    00000014                                   : s_copysign.obj (.text)
                  00003c34    00000014                                   : strlen.obj (.text)
                  00003c48    00000010                                   : tolower.obj (.text)
                  00003c58    0000000e                                   : copy_decompress_none.obj (.text:decompress:none)
                  00003c66    0000000c                                   : copy_zero_init.obj (.text:decompress:ZI)
                  00003c72    0000000c     tm4c123gh6pm_startup_ccs.obj (.text)
                  00003c7e    00000004     rtsv7M4_T_le_v4SPD16_eabi.lib : pre_init.obj (.text)

.const     0    00003c82    00000101     
                  00003c82    00000101     rtsv7M4_T_le_v4SPD16_eabi.lib : ctype.obj (.const:.string:_ctypes_)

.cinit     0    00003d88    00000048     
                  00003d88    00000020     (.cinit..data.load) [load image, compression = lzss]
                  00003da8    0000000c     (__TI_handler_table)
                  00003db4    00000004     --HOLE-- [fill = 0]
                  00003db8    00000008     (.cinit..bss.load) [load image, compression = zero_init]
                  00003dc0    00000010     (__TI_cinit_table)

.init_array 
*          0    00000000    00000000     UNINITIALIZED

.stack     0    20000000    00002000     UNINITIALIZED
                  20000000    00002000     --HOLE--

.bss       0    20002000    0000075f     UNINITIALIZED
                  20002000    000004e4     (.common:data)
                  200024e4    00000054     (.common:str)
                  20002538    00000054     (.common:str2)
                  2000258c    00000040     (.common:rxData)
                  200025cc    00000034     (.common:chan)
                  20002600    00000034     (.common:destAdd)
                  20002634    00000034     (.common:retransTimeOut)
                  20002668    0000001c     (.common:ackRequired)
                  20002684    0000001c     (.common:checkSum)
                  200026a0    0000001c     (.common:cmd)
                  200026bc    0000001c     (.common:retransCount)
                  200026d8    0000001c     (.common:seqId)
                  200026f4    0000001c     (.common:size)
                  20002710    0000001c     (.common:valid)
                  2000272c    0000000c     (.common:position)
                  20002738    00000008     (.common:rgbData)
                  20002740    00000002     (.common:address)
                  20002742    00000002     (.common:channel)
                  20002744    00000002     (.common:deadlockTimeoutRx)
                  20002746    00000002     (.common:deadlockTimeoutTx)
                  20002748    00000002     (.common:ledTimeout)
                  2000274a    00000002     (.common:newAddress)
                  2000274c    00000002     (.common:sequenceId)
                  2000274e    00000002     (.common:sourceAdress_8bit)
                  20002750    00000002     (.common:validity)
                  20002752    00000002     (.common:value)
                  20002754    00000001     (.common:ackon)
                  20002755    00000001     (.common:checksum)
                  20002756    00000001     (.common:checksumRx)
                  20002757    00000001     (.common:count)
                  20002758    00000001     (.common:csEnable)
                  20002759    00000001     (.common:currentIndex)
                  2000275a    00000001     (.common:field)
                  2000275b    00000001     (.common:msgSizeRx)
                  2000275c    00000001     (.common:randomRetrans)
                  2000275d    00000001     (.common:s)
                  2000275e    00000001     (.common:sizeTx)

.data      0    20002760    0000003c     UNINITIALIZED
                  20002760    0000001b     processfunction.obj (.data)
                  2000277b    00000001     --HOLE--
                  2000277c    0000000c     rtsv7M4_T_le_v4SPD16_eabi.lib : exit.obj (.data:$O1$$)
                  20002788    00000008                                   : _lock.obj (.data:$O1$$)
                  20002790    00000004                                   : errno.obj (.data)
                  20002794    00000004                                   : rand.obj (.data)
                  20002798    00000004                                   : stkdepth_vars.obj (.data)

MODULE SUMMARY

       Module                         code    ro data   rw data
       ------                         ----    -------   -------
    .\
       processfunction.obj            6924    0         1914   
       tm4c123gh6pm_startup_ccs.obj   12      620       0      
    +--+------------------------------+-------+---------+---------+
       Total:                         6936    620       1914   
                                                               
    C:\ti\ccsv7\tools\compiler\ti-cgt-arm_16.9.4.LTS\lib\rtsv7M4_T_le_v4SPD16_eabi.lib
       _printfi.obj                   4414    0         0      
       ull_div_t2.obj                 500     0         0      
       fd_add_t2.obj                  438     0         0      
       fd_div_t2.obj                  310     0         0      
       fd_cmp_t2.obj                  268     0         0      
       ctype.obj                      0       257       0      
       fd_mul_t2.obj                  252     0         0      
       s_scalbn.obj                   252     0         0      
       memcpy_t2.obj                  156     0         0      
       memset_t2.obj                  122     0         0      
       autoinit.obj                   112     0         0      
       copy_decompress_lzss.obj       104     0         0      
       s_frexp.obj                    100     0         0      
       exit.obj                       84      0         12     
       sprintf.obj                    96      0         0      
       boot.obj                       84      0         0      
       ltoa.obj                       84      0         0      
       rand.obj                       76      0         4      
       atoi.obj                       76      0         0      
       cpy_tbl.obj                    76      0         0      
       fd_toi_t2.obj                  72      0         0      
       i_tofd_t2.obj                  46      0         0      
       _lock.obj                      20      0         8      
       memccpy.obj                    28      0         0      
       args_main.obj                  24      0         0      
       strcmp.obj                     24      0         0      
       strchr.obj                     22      0         0      
       s_copysign.obj                 20      0         0      
       strlen.obj                     20      0         0      
       tolower.obj                    16      0         0      
       copy_decompress_none.obj       14      0         0      
       copy_zero_init.obj             12      0         0      
       errno.obj                      0       0         4      
       pre_init.obj                   4       0         0      
       stkdepth_vars.obj              0       0         4      
       mpu_init.obj                   2       0         0      
       startup.obj                    2       0         0      
    +--+------------------------------+-------+---------+---------+
       Total:                         7930    257       32     
                                                               
       Stack:                         0       0         8192   
       Linker Generated:              0       68        0      
    +--+------------------------------+-------+---------+---------+
       Grand Total:                   14866   945       10138  


LINKER GENERATED COPY TABLES

__TI_cinit_table @ 00003dc0 records: 2, size/record: 8, table size: 16
	.data: load addr=00003d88, load size=00000020 bytes, run addr=20002760, run size=0000003c bytes, compression=lzss
	.bss: load addr=00003db8, load size=00000008 bytes, run addr=20002000, run size=0000075f bytes, compression=zero_init


LINKER GENERATED HANDLER TABLE

__TI_handler_table @ 00003da8 records: 3, size/record: 4, table size: 12
	index: 0, handler: __TI_decompress_lzss
	index: 1, handler: __TI_decompress_none
	index: 2, handler: __TI_zero_init


GLOBAL SYMBOLS: SORTED ALPHABETICALLY BY Name 

address   name                           
-------   ----                           
000039a5  C$$EXIT                        
00003c73  ResetISR                       
UNDEFED   SHT$$INIT_ARRAY$$Base          
UNDEFED   SHT$$INIT_ARRAY$$Limit         
20002768  T                              
20002766  T0                             
20002770  T_OFF1                         
2000276e  T_OFF_ms1                      
2000276a  T_ON                           
2000276c  T_ON_ms                        
00001345  Timer1Isr                      
20002000  __STACK_END                    
00002000  __STACK_SIZE                   
20000200  __STACK_TOP                    
00003dc0  __TI_CINIT_Base                
00003dd0  __TI_CINIT_Limit               
00003da8  __TI_Handler_Table_Base        
00003db4  __TI_Handler_Table_Limit       
000037b5  __TI_auto_init                 
2000277c  __TI_cleanup_ptr               
00003825  __TI_decompress_lzss           
00003c59  __TI_decompress_none           
20002780  __TI_dtors_ptr                 
20002784  __TI_enable_exit_profile_output
ffffffff  __TI_pprof_out_hndl            
000025bd  __TI_printfi                   
ffffffff  __TI_prof_data_size            
ffffffff  __TI_prof_data_start           
00000000  __TI_static_base__             
00003c67  __TI_zero_init                 
0000362d  __aeabi_cdcmpeq                
0000362d  __aeabi_cdcmple                
000036b3  __aeabi_cdrcmple               
00003b31  __aeabi_d2iz                   
000030b5  __aeabi_dadd                   
00003261  __aeabi_ddiv                   
00003397  __aeabi_dmul                   
000030ab  __aeabi_dsub                   
00003b79  __aeabi_i2d                    
00003739  __aeabi_memclr                 
00003739  __aeabi_memclr4                
00003739  __aeabi_memclr8                
00003591  __aeabi_memcpy                 
00003591  __aeabi_memcpy4                
00003591  __aeabi_memcpy8                
0000373b  __aeabi_memset                 
0000373b  __aeabi_memset4                
0000373b  __aeabi_memset8                
00002eb7  __aeabi_uldivmod               
ffffffff  __binit__                      
ffffffff  __c_args__                     
00003493  __mpu_init                     
20000000  __stack                        
00003bc5  _args_main                     
00003951  _c_int00                       
00003c82  _ctypes_                       
20002788  _lock                          
00003c1b  _nop                           
00003c13  _register_lock                 
00003c0d  _register_unlock               
000037b3  _system_post_cinit             
00003c7f  _system_pre_init               
2000278c  _unlock                        
000039a9  abort                          
20002668  ackRequired                    
20002754  ackon                          
20002740  address                        
00003a4d  atoi                           
ffffffff  binit                          
200025cc  chan                           
20002742  channel                        
20002684  checkSum                       
20002755  checksum                       
20002756  checksumRx                     
20002764  clear                          
000006f1  clearArray                     
00000303  clearPWM                       
00000679  clearString                    
200026a0  cmd                            
00003a99  copy_in                        
00003c21  copysign                       
00003c21  copysignl                      
20002757  count                          
20002758  csEnable                       
20002759  currentIndex                   
20002776  currentPhase                   
20002000  data                           
00001271  deadlock                       
20002744  deadlockTimeoutRx              
20002746  deadlockTimeoutTx              
20002600  destAdd                        
20002790  errno                          
000039b1  exit                           
2000275a  field                          
0000388d  frexp                          
0000388d  frexpl                         
00000000  g_pfnVectors                   
0000077d  getNumber                      
00000749  getString                      
000007f9  getbUart1                      
000004e9  getcUart0                      
20002772  inProgress                     
0000033b  initHw                         
0000026d  initPWM                        
0000079d  isCommand                      
000004fd  itoa                           
00003495  ldexp                          
00003495  ldexpl                         
20002748  ledTimeout                     
000039f9  ltoa                           
000014dd  main                           
20002798  main_func_sp                   
00003ba7  memccpy                        
00003591  memcpy                         
00003741  memset                         
2000275b  msgSizeRx                      
2000274a  newAddress                     
20002778  oldRxPhase                     
20002779  oldTxPhase                     
2000272c  position                       
20002774  printErrorTxMsg                
20002775  printTxAttemptMsg              
00000d55  processMsg                     
000007dd  putbUart1                      
0000049b  putcUart0                      
000005bd  putiUart0                      
000004b7  putsUart0                      
00003afb  rand                           
2000275c  randomRetrans                  
00001075  receiveMsg                     
200026bc  retransCount                   
20002634  retransTimeOut                 
20002738  rgbData                        
2000258c  rxData                         
20002777  rxPhase                        
2000275d  s                              
00003495  scalbn                         
00003495  scalbnl                        
0000085b  sendPacket                     
200026d8  seqId                          
2000274c  sequenceId                     
20002762  set                            
00000809  setRgbColor                    
200026f4  size                           
2000275e  sizeTx                         
2000277a  sourceAddress                  
2000274e  sourceAdress_8bit              
000038f1  sprintf                        
00003ae5  srand                          
200024e4  str                            
20002538  str2                           
00003bf5  strchr                         
00003bdd  strcmp                         
00003c35  strlen                         
00003c49  tolower                        
20002773  transmitError                  
00000a4d  transmitMsg                    
20002710  valid                          
20002750  validity                       
20002752  value                          
20002760  var_i                          
20002761  var_n                          
00000477  waitMicrosecond                


GLOBAL SYMBOLS: SORTED BY Symbol Address 

address   name                           
-------   ----                           
00000000  __TI_static_base__             
00000000  g_pfnVectors                   
0000026d  initPWM                        
00000303  clearPWM                       
0000033b  initHw                         
00000477  waitMicrosecond                
0000049b  putcUart0                      
000004b7  putsUart0                      
000004e9  getcUart0                      
000004fd  itoa                           
000005bd  putiUart0                      
00000679  clearString                    
000006f1  clearArray                     
00000749  getString                      
0000077d  getNumber                      
0000079d  isCommand                      
000007dd  putbUart1                      
000007f9  getbUart1                      
00000809  setRgbColor                    
0000085b  sendPacket                     
00000a4d  transmitMsg                    
00000d55  processMsg                     
00001075  receiveMsg                     
00001271  deadlock                       
00001345  Timer1Isr                      
000014dd  main                           
00002000  __STACK_SIZE                   
000025bd  __TI_printfi                   
00002eb7  __aeabi_uldivmod               
000030ab  __aeabi_dsub                   
000030b5  __aeabi_dadd                   
00003261  __aeabi_ddiv                   
00003397  __aeabi_dmul                   
00003493  __mpu_init                     
00003495  ldexp                          
00003495  ldexpl                         
00003495  scalbn                         
00003495  scalbnl                        
00003591  __aeabi_memcpy                 
00003591  __aeabi_memcpy4                
00003591  __aeabi_memcpy8                
00003591  memcpy                         
0000362d  __aeabi_cdcmpeq                
0000362d  __aeabi_cdcmple                
000036b3  __aeabi_cdrcmple               
00003739  __aeabi_memclr                 
00003739  __aeabi_memclr4                
00003739  __aeabi_memclr8                
0000373b  __aeabi_memset                 
0000373b  __aeabi_memset4                
0000373b  __aeabi_memset8                
00003741  memset                         
000037b3  _system_post_cinit             
000037b5  __TI_auto_init                 
00003825  __TI_decompress_lzss           
0000388d  frexp                          
0000388d  frexpl                         
000038f1  sprintf                        
00003951  _c_int00                       
000039a5  C$$EXIT                        
000039a9  abort                          
000039b1  exit                           
000039f9  ltoa                           
00003a4d  atoi                           
00003a99  copy_in                        
00003ae5  srand                          
00003afb  rand                           
00003b31  __aeabi_d2iz                   
00003b79  __aeabi_i2d                    
00003ba7  memccpy                        
00003bc5  _args_main                     
00003bdd  strcmp                         
00003bf5  strchr                         
00003c0d  _register_unlock               
00003c13  _register_lock                 
00003c1b  _nop                           
00003c21  copysign                       
00003c21  copysignl                      
00003c35  strlen                         
00003c49  tolower                        
00003c59  __TI_decompress_none           
00003c67  __TI_zero_init                 
00003c73  ResetISR                       
00003c7f  _system_pre_init               
00003c82  _ctypes_                       
00003da8  __TI_Handler_Table_Base        
00003db4  __TI_Handler_Table_Limit       
00003dc0  __TI_CINIT_Base                
00003dd0  __TI_CINIT_Limit               
20000000  __stack                        
20000200  __STACK_TOP                    
20002000  __STACK_END                    
20002000  data                           
200024e4  str                            
20002538  str2                           
2000258c  rxData                         
200025cc  chan                           
20002600  destAdd                        
20002634  retransTimeOut                 
20002668  ackRequired                    
20002684  checkSum                       
200026a0  cmd                            
200026bc  retransCount                   
200026d8  seqId                          
200026f4  size                           
20002710  valid                          
2000272c  position                       
20002738  rgbData                        
20002740  address                        
20002742  channel                        
20002744  deadlockTimeoutRx              
20002746  deadlockTimeoutTx              
20002748  ledTimeout                     
2000274a  newAddress                     
2000274c  sequenceId                     
2000274e  sourceAdress_8bit              
20002750  validity                       
20002752  value                          
20002754  ackon                          
20002755  checksum                       
20002756  checksumRx                     
20002757  count                          
20002758  csEnable                       
20002759  currentIndex                   
2000275a  field                          
2000275b  msgSizeRx                      
2000275c  randomRetrans                  
2000275d  s                              
2000275e  sizeTx                         
20002760  var_i                          
20002761  var_n                          
20002762  set                            
20002764  clear                          
20002766  T0                             
20002768  T                              
2000276a  T_ON                           
2000276c  T_ON_ms                        
2000276e  T_OFF_ms1                      
20002770  T_OFF1                         
20002772  inProgress                     
20002773  transmitError                  
20002774  printErrorTxMsg                
20002775  printTxAttemptMsg              
20002776  currentPhase                   
20002777  rxPhase                        
20002778  oldRxPhase                     
20002779  oldTxPhase                     
2000277a  sourceAddress                  
2000277c  __TI_cleanup_ptr               
20002780  __TI_dtors_ptr                 
20002784  __TI_enable_exit_profile_output
20002788  _lock                          
2000278c  _unlock                        
20002790  errno                          
20002798  main_func_sp                   
ffffffff  __TI_pprof_out_hndl            
ffffffff  __TI_prof_data_size            
ffffffff  __TI_prof_data_start           
ffffffff  __binit__                      
ffffffff  __c_args__                     
ffffffff  binit                          
UNDEFED   SHT$$INIT_ARRAY$$Base          
UNDEFED   SHT$$INIT_ARRAY$$Limit         

[163 symbols]
