******************************************************************************
                  TI ARM Linker PC v16.9.4                     
******************************************************************************
>> Linked Tue Oct 31 20:31:24 2017

OUTPUT FILE NAME:   <Major Project.out>
ENTRY POINT SYMBOL: "_c_int00"  address: 00002279


MEMORY CONFIGURATION

         name            origin    length      used     unused   attr    fill
----------------------  --------  ---------  --------  --------  ----  --------
  FLASH                 00000000   00040000  00002667  0003d999  R  X
  SRAM                  20000000   00008000  000000c9  00007f37  RW X


SEGMENT ALLOCATION MAP

run origin  load origin   length   init length attrs members
----------  ----------- ---------- ----------- ----- -------
00000000    00000000    0000026c   0000026c    r--
  00000000    00000000    0000026c   0000026c    r-- .intvecs
00000000    00000000    0004e2c0   00000000    rw-
  00000000    00000000    0004e2c0   00000000    rw- .stack
0000026c    0000026c    000023cb   000023cb    r-x
  0000026c    0000026c    000022ca   000022ca    r-x .text
  00002536    00002536    00000101   00000101    r-- .const
00002638    00002638    00000030   00000030    r--
  00002638    00002638    00000030   00000030    r-- .cinit
20000000    20000000    000000cc   00000000    rw-
  20000000    20000000    000000ad   00000000    rw- .bss
  200000b0    200000b0    0000001c   00000000    rw- .data


SECTION ALLOCATION MAP

 output                                  attributes/
section   page    origin      length       input sections
--------  ----  ----------  ----------   ----------------
.intvecs   0    00000000    0000026c     
                  00000000    0000026c     tm4c123gh6pm_startup_ccs.obj (.intvecs)

.stack     0    00000000    0004e2c0     FAILED TO ALLOCATE
.text      0    0000026c    000022ca     
                  0000026c    0000113e     rtsv7M4_T_le_v4SPD16_eabi.lib : _printfi.obj (.text)
                  000013aa    00000002                                   : mpu_init.obj (.text)
                  000013ac    00000434     main.obj (.text)
                  000017e0    000001f4     rtsv7M4_T_le_v4SPD16_eabi.lib : ull_div_t2.obj (.text)
                  000019d4    000001b6                                   : fd_add_t2.obj (.text)
                  00001b8a    00000136                                   : fd_div_t2.obj (.text)
                  00001cc0    000000fc                                   : fd_mul_t2.obj (.text)
                  00001dbc    000000fc                                   : s_scalbn.obj (.text)
                  00001eb8    0000009c                                   : memcpy_t2.obj (.text)
                  00001f54    00000086                                   : fd_cmp_t2.obj (.text:__aeabi_cdcmple)
                  00001fda    00000086                                   : fd_cmp_t2.obj (.text:__aeabi_cdrcmple)
                  00002060    0000007a                                   : memset_t2.obj (.text)
                  000020da    00000002                                   : startup.obj (.text)
                  000020dc    00000070                                   : autoinit.obj (.text)
                  0000214c    00000068                                   : copy_decompress_lzss.obj (.text:decompress:lzss)
                  000021b4    00000064                                   : s_frexp.obj (.text)
                  00002218    00000060                                   : sprintf.obj (.text)
                  00002278    00000054                                   : boot.obj (.text)
                  000022cc    00000054                                   : exit.obj (.text)
                  00002320    00000054                                   : ltoa.obj (.text)
                  00002374    0000004c                                   : atoi.obj (.text)
                  000023c0    0000004c                                   : cpy_tbl.obj (.text)
                  0000240c    00000048                                   : fd_toi_t2.obj (.text)
                  00002454    0000002e                                   : i_tofd_t2.obj (.text)
                  00002482    0000001c                                   : memccpy.obj (.text)
                  0000249e    00000002     --HOLE-- [fill = 0]
                  000024a0    00000018                                   : args_main.obj (.text)
                  000024b8    00000016                                   : strchr.obj (.text)
                  000024ce    00000002     --HOLE-- [fill = 0]
                  000024d0    00000014                                   : _lock.obj (.text)
                  000024e4    00000014                                   : s_copysign.obj (.text)
                  000024f8    00000014                                   : strlen.obj (.text)
                  0000250c    0000000e                                   : copy_decompress_none.obj (.text:decompress:none)
                  0000251a    0000000c                                   : copy_zero_init.obj (.text:decompress:ZI)
                  00002526    0000000c     tm4c123gh6pm_startup_ccs.obj (.text)
                  00002532    00000004     rtsv7M4_T_le_v4SPD16_eabi.lib : pre_init.obj (.text)

.const     0    00002536    00000101     
                  00002536    00000101     rtsv7M4_T_le_v4SPD16_eabi.lib : ctype.obj (.const:.string:_ctypes_)

.cinit     0    00002638    00000030     
                  00002638    0000000c     (.cinit..data.load) [load image, compression = lzss]
                  00002644    0000000c     (__TI_handler_table)
                  00002650    00000008     (.cinit..bss.load) [load image, compression = zero_init]
                  00002658    00000010     (__TI_cinit_table)

.init_array 
*          0    00000000    00000000     UNINITIALIZED

.bss       0    20000000    000000ad     UNINITIALIZED
                  20000000    00000054     (.common:str)
                  20000054    00000054     (.common:str2)
                  200000a8    00000004     (.common:field)
                  200000ac    00000001     (.common:count)

.data      0    200000b0    0000001c     UNINITIALIZED
                  200000b0    0000000c     rtsv7M4_T_le_v4SPD16_eabi.lib : exit.obj (.data:$O1$$)
                  200000bc    00000008                                   : _lock.obj (.data:$O1$$)
                  200000c4    00000004                                   : errno.obj (.data)
                  200000c8    00000004                                   : stkdepth_vars.obj (.data)

MODULE SUMMARY

       Module                         code   ro data   rw data
       ------                         ----   -------   -------
    .\
       main.obj                       1076   0         173    
       tm4c123gh6pm_startup_ccs.obj   12     620       0      
    +--+------------------------------+------+---------+---------+
       Total:                         1088   620       173    
                                                              
    C:\ti\ccsv7\tools\compiler\ti-cgt-arm_16.9.4.LTS\lib\rtsv7M4_T_le_v4SPD16_eabi.lib
       _printfi.obj                   4414   0         0      
       ull_div_t2.obj                 500    0         0      
       fd_add_t2.obj                  438    0         0      
       fd_div_t2.obj                  310    0         0      
       fd_cmp_t2.obj                  268    0         0      
       ctype.obj                      0      257       0      
       fd_mul_t2.obj                  252    0         0      
       s_scalbn.obj                   252    0         0      
       memcpy_t2.obj                  156    0         0      
       memset_t2.obj                  122    0         0      
       autoinit.obj                   112    0         0      
       copy_decompress_lzss.obj       104    0         0      
       s_frexp.obj                    100    0         0      
       exit.obj                       84     0         12     
       sprintf.obj                    96     0         0      
       boot.obj                       84     0         0      
       ltoa.obj                       84     0         0      
       atoi.obj                       76     0         0      
       cpy_tbl.obj                    76     0         0      
       fd_toi_t2.obj                  72     0         0      
       i_tofd_t2.obj                  46     0         0      
       _lock.obj                      20     0         8      
       memccpy.obj                    28     0         0      
       args_main.obj                  24     0         0      
       strchr.obj                     22     0         0      
       s_copysign.obj                 20     0         0      
       strlen.obj                     20     0         0      
       copy_decompress_none.obj       14     0         0      
       copy_zero_init.obj             12     0         0      
       errno.obj                      0      0         4      
       pre_init.obj                   4      0         0      
       stkdepth_vars.obj              0      0         4      
       mpu_init.obj                   2      0         0      
       startup.obj                    2      0         0      
    +--+------------------------------+------+---------+---------+
       Total:                         7814   257       28     
                                                              
       Linker Generated:              0      48        0      
    +--+------------------------------+------+---------+---------+
       Grand Total:                   8902   925       201    


LINKER GENERATED COPY TABLES

__TI_cinit_table @ 00002658 records: 2, size/record: 8, table size: 16
	.data: load addr=00002638, load size=0000000c bytes, run addr=200000b0, run size=0000001c bytes, compression=lzss
	.bss: load addr=00002650, load size=00000008 bytes, run addr=20000000, run size=000000ad bytes, compression=zero_init


LINKER GENERATED HANDLER TABLE

__TI_handler_table @ 00002644 records: 3, size/record: 4, table size: 12
	index: 0, handler: __TI_decompress_lzss
	index: 1, handler: __TI_decompress_none
	index: 2, handler: __TI_zero_init


GLOBAL SYMBOLS: SORTED ALPHABETICALLY BY Name 

address   name                           
-------   ----                           
000022cd  C$$EXIT                        
00002527  ResetISR                       
UNDEFED   SHT$$INIT_ARRAY$$Base          
UNDEFED   SHT$$INIT_ARRAY$$Limit         
0004e2c0  __STACK_END                    
0004e2c0  __STACK_SIZE                   
00000200  __STACK_TOP                    
00002658  __TI_CINIT_Base                
00002668  __TI_CINIT_Limit               
00002644  __TI_Handler_Table_Base        
00002650  __TI_Handler_Table_Limit       
000020dd  __TI_auto_init                 
200000b0  __TI_cleanup_ptr               
0000214d  __TI_decompress_lzss           
0000250d  __TI_decompress_none           
200000b4  __TI_dtors_ptr                 
200000b8  __TI_enable_exit_profile_output
ffffffff  __TI_pprof_out_hndl            
00000ab1  __TI_printfi                   
ffffffff  __TI_prof_data_size            
ffffffff  __TI_prof_data_start           
00000000  __TI_static_base__             
0000251b  __TI_zero_init                 
00001f55  __aeabi_cdcmpeq                
00001f55  __aeabi_cdcmple                
00001fdb  __aeabi_cdrcmple               
0000240d  __aeabi_d2iz                   
000019df  __aeabi_dadd                   
00001b8b  __aeabi_ddiv                   
00001cc1  __aeabi_dmul                   
000019d5  __aeabi_dsub                   
00002455  __aeabi_i2d                    
00002061  __aeabi_memclr                 
00002061  __aeabi_memclr4                
00002061  __aeabi_memclr8                
00001eb9  __aeabi_memcpy                 
00001eb9  __aeabi_memcpy4                
00001eb9  __aeabi_memcpy8                
00002063  __aeabi_memset                 
00002063  __aeabi_memset4                
00002063  __aeabi_memset8                
000017e1  __aeabi_uldivmod               
ffffffff  __binit__                      
ffffffff  __c_args__                     
000013ab  __mpu_init                     
00000000  __stack                        
000024a1  _args_main                     
00002279  _c_int00                       
00002536  _ctypes_                       
200000bc  _lock                          
000024df  _nop                           
000024d7  _register_lock                 
000024d1  _register_unlock               
000020db  _system_post_cinit             
00002533  _system_pre_init               
200000c0  _unlock                        
000022d1  abort                          
00002375  atoi                           
ffffffff  binit                          
000014a3  clearString                    
000023c1  copy_in                        
000024e5  copysign                       
000024e5  copysignl                      
200000ac  count                          
200000c4  errno                          
000022d9  exit                           
200000a8  field                          
000021b5  frexp                          
000021b5  frexpl                         
00000000  g_pfnVectors                   
000014d9  getNumber                      
0000148f  getcUart0                      
000013ad  initHw                         
00001dbd  ldexp                          
00001dbd  ldexpl                         
00002321  ltoa                           
00001539  main                           
200000c8  main_func_sp                   
00002483  memccpy                        
00001eb9  memcpy                         
00002069  memset                         
00001441  putcUart0                      
0000145d  putsUart0                      
00001dbd  scalbn                         
00001dbd  scalbnl                        
00002219  sprintf                        
20000000  str                            
20000054  str2                           
000024b9  strchr                         
000024f9  strlen                         
0000141d  waitMicrosecond                


GLOBAL SYMBOLS: SORTED BY Symbol Address 

address   name                           
-------   ----                           
00000000  __TI_static_base__             
00000000  __stack                        
00000000  g_pfnVectors                   
00000200  __STACK_TOP                    
00000ab1  __TI_printfi                   
000013ab  __mpu_init                     
000013ad  initHw                         
0000141d  waitMicrosecond                
00001441  putcUart0                      
0000145d  putsUart0                      
0000148f  getcUart0                      
000014a3  clearString                    
000014d9  getNumber                      
00001539  main                           
000017e1  __aeabi_uldivmod               
000019d5  __aeabi_dsub                   
000019df  __aeabi_dadd                   
00001b8b  __aeabi_ddiv                   
00001cc1  __aeabi_dmul                   
00001dbd  ldexp                          
00001dbd  ldexpl                         
00001dbd  scalbn                         
00001dbd  scalbnl                        
00001eb9  __aeabi_memcpy                 
00001eb9  __aeabi_memcpy4                
00001eb9  __aeabi_memcpy8                
00001eb9  memcpy                         
00001f55  __aeabi_cdcmpeq                
00001f55  __aeabi_cdcmple                
00001fdb  __aeabi_cdrcmple               
00002061  __aeabi_memclr                 
00002061  __aeabi_memclr4                
00002061  __aeabi_memclr8                
00002063  __aeabi_memset                 
00002063  __aeabi_memset4                
00002063  __aeabi_memset8                
00002069  memset                         
000020db  _system_post_cinit             
000020dd  __TI_auto_init                 
0000214d  __TI_decompress_lzss           
000021b5  frexp                          
000021b5  frexpl                         
00002219  sprintf                        
00002279  _c_int00                       
000022cd  C$$EXIT                        
000022d1  abort                          
000022d9  exit                           
00002321  ltoa                           
00002375  atoi                           
000023c1  copy_in                        
0000240d  __aeabi_d2iz                   
00002455  __aeabi_i2d                    
00002483  memccpy                        
000024a1  _args_main                     
000024b9  strchr                         
000024d1  _register_unlock               
000024d7  _register_lock                 
000024df  _nop                           
000024e5  copysign                       
000024e5  copysignl                      
000024f9  strlen                         
0000250d  __TI_decompress_none           
0000251b  __TI_zero_init                 
00002527  ResetISR                       
00002533  _system_pre_init               
00002536  _ctypes_                       
00002644  __TI_Handler_Table_Base        
00002650  __TI_Handler_Table_Limit       
00002658  __TI_CINIT_Base                
00002668  __TI_CINIT_Limit               
0004e2c0  __STACK_END                    
0004e2c0  __STACK_SIZE                   
20000000  str                            
20000054  str2                           
200000a8  field                          
200000ac  count                          
200000b0  __TI_cleanup_ptr               
200000b4  __TI_dtors_ptr                 
200000b8  __TI_enable_exit_profile_output
200000bc  _lock                          
200000c0  _unlock                        
200000c4  errno                          
200000c8  main_func_sp                   
ffffffff  __TI_pprof_out_hndl            
ffffffff  __TI_prof_data_size            
ffffffff  __TI_prof_data_start           
ffffffff  __binit__                      
ffffffff  __c_args__                     
ffffffff  binit                          
UNDEFED   SHT$$INIT_ARRAY$$Base          
UNDEFED   SHT$$INIT_ARRAY$$Limit         

[91 symbols]
