<?xml version="1.0"?>
<link_info>
   <banner>TI ARM Linker PC v16.9.4.LTS</banner>
   <copyright>Copyright (c) 1996-2017 Texas Instruments Incorporated</copyright>
   <link_time>0x5a187c0e</link_time>
   <link_errors>0x0</link_errors>
   <output_file>MajorProject.out</output_file>
   <entry_point>
      <name>_c_int00</name>
      <address>0x2e51</address>
   </entry_point>
   <input_file_list>
      <input_file id="fl-2">
         <path>.\</path>
         <kind>object</kind>
         <file>main.obj</file>
         <name>main.obj</name>
      </input_file>
      <input_file id="fl-3">
         <path>.\</path>
         <kind>object</kind>
         <file>tm4c123gh6pm_startup_ccs.obj</file>
         <name>tm4c123gh6pm_startup_ccs.obj</name>
      </input_file>
      <input_file id="fl-7">
         <kind>object</kind>
         <file>&lt;internal&gt;</file>
         <name>&lt;internal&gt;</name>
      </input_file>
      <input_file id="fl-bd">
         <path>C:\ti\ccsv7\tools\compiler\ti-cgt-arm_16.9.4.LTS\lib\</path>
         <kind>archive</kind>
         <file>rtsv7M4_T_le_v4SPD16_eabi.lib</file>
         <name>atoi.obj</name>
      </input_file>
      <input_file id="fl-be">
         <path>C:\ti\ccsv7\tools\compiler\ti-cgt-arm_16.9.4.LTS\lib\</path>
         <kind>archive</kind>
         <file>rtsv7M4_T_le_v4SPD16_eabi.lib</file>
         <name>boot.obj</name>
      </input_file>
      <input_file id="fl-bf">
         <path>C:\ti\ccsv7\tools\compiler\ti-cgt-arm_16.9.4.LTS\lib\</path>
         <kind>archive</kind>
         <file>rtsv7M4_T_le_v4SPD16_eabi.lib</file>
         <name>copy_decompress_lzss.obj</name>
      </input_file>
      <input_file id="fl-c0">
         <path>C:\ti\ccsv7\tools\compiler\ti-cgt-arm_16.9.4.LTS\lib\</path>
         <kind>archive</kind>
         <file>rtsv7M4_T_le_v4SPD16_eabi.lib</file>
         <name>copy_decompress_none.obj</name>
      </input_file>
      <input_file id="fl-c1">
         <path>C:\ti\ccsv7\tools\compiler\ti-cgt-arm_16.9.4.LTS\lib\</path>
         <kind>archive</kind>
         <file>rtsv7M4_T_le_v4SPD16_eabi.lib</file>
         <name>copy_zero_init.obj</name>
      </input_file>
      <input_file id="fl-c2">
         <path>C:\ti\ccsv7\tools\compiler\ti-cgt-arm_16.9.4.LTS\lib\</path>
         <kind>archive</kind>
         <file>rtsv7M4_T_le_v4SPD16_eabi.lib</file>
         <name>ctype.obj</name>
      </input_file>
      <input_file id="fl-c3">
         <path>C:\ti\ccsv7\tools\compiler\ti-cgt-arm_16.9.4.LTS\lib\</path>
         <kind>archive</kind>
         <file>rtsv7M4_T_le_v4SPD16_eabi.lib</file>
         <name>exit.obj</name>
      </input_file>
      <input_file id="fl-c4">
         <path>C:\ti\ccsv7\tools\compiler\ti-cgt-arm_16.9.4.LTS\lib\</path>
         <kind>archive</kind>
         <file>rtsv7M4_T_le_v4SPD16_eabi.lib</file>
         <name>memcpy_t2.obj</name>
      </input_file>
      <input_file id="fl-c5">
         <path>C:\ti\ccsv7\tools\compiler\ti-cgt-arm_16.9.4.LTS\lib\</path>
         <kind>archive</kind>
         <file>rtsv7M4_T_le_v4SPD16_eabi.lib</file>
         <name>memset_t2.obj</name>
      </input_file>
      <input_file id="fl-c6">
         <path>C:\ti\ccsv7\tools\compiler\ti-cgt-arm_16.9.4.LTS\lib\</path>
         <kind>archive</kind>
         <file>rtsv7M4_T_le_v4SPD16_eabi.lib</file>
         <name>mpu_init.obj</name>
      </input_file>
      <input_file id="fl-c7">
         <path>C:\ti\ccsv7\tools\compiler\ti-cgt-arm_16.9.4.LTS\lib\</path>
         <kind>archive</kind>
         <file>rtsv7M4_T_le_v4SPD16_eabi.lib</file>
         <name>pre_init.obj</name>
      </input_file>
      <input_file id="fl-c8">
         <path>C:\ti\ccsv7\tools\compiler\ti-cgt-arm_16.9.4.LTS\lib\</path>
         <kind>archive</kind>
         <file>rtsv7M4_T_le_v4SPD16_eabi.lib</file>
         <name>rand.obj</name>
      </input_file>
      <input_file id="fl-c9">
         <path>C:\ti\ccsv7\tools\compiler\ti-cgt-arm_16.9.4.LTS\lib\</path>
         <kind>archive</kind>
         <file>rtsv7M4_T_le_v4SPD16_eabi.lib</file>
         <name>sprintf.obj</name>
      </input_file>
      <input_file id="fl-ca">
         <path>C:\ti\ccsv7\tools\compiler\ti-cgt-arm_16.9.4.LTS\lib\</path>
         <kind>archive</kind>
         <file>rtsv7M4_T_le_v4SPD16_eabi.lib</file>
         <name>stkdepth_vars.obj</name>
      </input_file>
      <input_file id="fl-cb">
         <path>C:\ti\ccsv7\tools\compiler\ti-cgt-arm_16.9.4.LTS\lib\</path>
         <kind>archive</kind>
         <file>rtsv7M4_T_le_v4SPD16_eabi.lib</file>
         <name>strcmp.obj</name>
      </input_file>
      <input_file id="fl-cc">
         <path>C:\ti\ccsv7\tools\compiler\ti-cgt-arm_16.9.4.LTS\lib\</path>
         <kind>archive</kind>
         <file>rtsv7M4_T_le_v4SPD16_eabi.lib</file>
         <name>strlen.obj</name>
      </input_file>
      <input_file id="fl-cd">
         <path>C:\ti\ccsv7\tools\compiler\ti-cgt-arm_16.9.4.LTS\lib\</path>
         <kind>archive</kind>
         <file>rtsv7M4_T_le_v4SPD16_eabi.lib</file>
         <name>tolower.obj</name>
      </input_file>
      <input_file id="fl-ce">
         <path>C:\ti\ccsv7\tools\compiler\ti-cgt-arm_16.9.4.LTS\lib\</path>
         <kind>archive</kind>
         <file>rtsv7M4_T_le_v4SPD16_eabi.lib</file>
         <name>_lock.obj</name>
      </input_file>
      <input_file id="fl-cf">
         <path>C:\ti\ccsv7\tools\compiler\ti-cgt-arm_16.9.4.LTS\lib\</path>
         <kind>archive</kind>
         <file>rtsv7M4_T_le_v4SPD16_eabi.lib</file>
         <name>_printfi.obj</name>
      </input_file>
      <input_file id="fl-d0">
         <path>C:\ti\ccsv7\tools\compiler\ti-cgt-arm_16.9.4.LTS\lib\</path>
         <kind>archive</kind>
         <file>rtsv7M4_T_le_v4SPD16_eabi.lib</file>
         <name>args_main.obj</name>
      </input_file>
      <input_file id="fl-d1">
         <path>C:\ti\ccsv7\tools\compiler\ti-cgt-arm_16.9.4.LTS\lib\</path>
         <kind>archive</kind>
         <file>rtsv7M4_T_le_v4SPD16_eabi.lib</file>
         <name>autoinit.obj</name>
      </input_file>
      <input_file id="fl-d2">
         <path>C:\ti\ccsv7\tools\compiler\ti-cgt-arm_16.9.4.LTS\lib\</path>
         <kind>archive</kind>
         <file>rtsv7M4_T_le_v4SPD16_eabi.lib</file>
         <name>cpy_tbl.obj</name>
      </input_file>
      <input_file id="fl-d3">
         <path>C:\ti\ccsv7\tools\compiler\ti-cgt-arm_16.9.4.LTS\lib\</path>
         <kind>archive</kind>
         <file>rtsv7M4_T_le_v4SPD16_eabi.lib</file>
         <name>fd_add_t2.obj</name>
      </input_file>
      <input_file id="fl-d4">
         <path>C:\ti\ccsv7\tools\compiler\ti-cgt-arm_16.9.4.LTS\lib\</path>
         <kind>archive</kind>
         <file>rtsv7M4_T_le_v4SPD16_eabi.lib</file>
         <name>fd_cmp_t2.obj</name>
      </input_file>
      <input_file id="fl-d5">
         <path>C:\ti\ccsv7\tools\compiler\ti-cgt-arm_16.9.4.LTS\lib\</path>
         <kind>archive</kind>
         <file>rtsv7M4_T_le_v4SPD16_eabi.lib</file>
         <name>fd_div_t2.obj</name>
      </input_file>
      <input_file id="fl-d6">
         <path>C:\ti\ccsv7\tools\compiler\ti-cgt-arm_16.9.4.LTS\lib\</path>
         <kind>archive</kind>
         <file>rtsv7M4_T_le_v4SPD16_eabi.lib</file>
         <name>fd_mul_t2.obj</name>
      </input_file>
      <input_file id="fl-d7">
         <path>C:\ti\ccsv7\tools\compiler\ti-cgt-arm_16.9.4.LTS\lib\</path>
         <kind>archive</kind>
         <file>rtsv7M4_T_le_v4SPD16_eabi.lib</file>
         <name>fd_toi_t2.obj</name>
      </input_file>
      <input_file id="fl-d8">
         <path>C:\ti\ccsv7\tools\compiler\ti-cgt-arm_16.9.4.LTS\lib\</path>
         <kind>archive</kind>
         <file>rtsv7M4_T_le_v4SPD16_eabi.lib</file>
         <name>i_tofd_t2.obj</name>
      </input_file>
      <input_file id="fl-d9">
         <path>C:\ti\ccsv7\tools\compiler\ti-cgt-arm_16.9.4.LTS\lib\</path>
         <kind>archive</kind>
         <file>rtsv7M4_T_le_v4SPD16_eabi.lib</file>
         <name>ltoa.obj</name>
      </input_file>
      <input_file id="fl-da">
         <path>C:\ti\ccsv7\tools\compiler\ti-cgt-arm_16.9.4.LTS\lib\</path>
         <kind>archive</kind>
         <file>rtsv7M4_T_le_v4SPD16_eabi.lib</file>
         <name>memccpy.obj</name>
      </input_file>
      <input_file id="fl-db">
         <path>C:\ti\ccsv7\tools\compiler\ti-cgt-arm_16.9.4.LTS\lib\</path>
         <kind>archive</kind>
         <file>rtsv7M4_T_le_v4SPD16_eabi.lib</file>
         <name>s_frexp.obj</name>
      </input_file>
      <input_file id="fl-dc">
         <path>C:\ti\ccsv7\tools\compiler\ti-cgt-arm_16.9.4.LTS\lib\</path>
         <kind>archive</kind>
         <file>rtsv7M4_T_le_v4SPD16_eabi.lib</file>
         <name>s_scalbn.obj</name>
      </input_file>
      <input_file id="fl-dd">
         <path>C:\ti\ccsv7\tools\compiler\ti-cgt-arm_16.9.4.LTS\lib\</path>
         <kind>archive</kind>
         <file>rtsv7M4_T_le_v4SPD16_eabi.lib</file>
         <name>startup.obj</name>
      </input_file>
      <input_file id="fl-de">
         <path>C:\ti\ccsv7\tools\compiler\ti-cgt-arm_16.9.4.LTS\lib\</path>
         <kind>archive</kind>
         <file>rtsv7M4_T_le_v4SPD16_eabi.lib</file>
         <name>strchr.obj</name>
      </input_file>
      <input_file id="fl-df">
         <path>C:\ti\ccsv7\tools\compiler\ti-cgt-arm_16.9.4.LTS\lib\</path>
         <kind>archive</kind>
         <file>rtsv7M4_T_le_v4SPD16_eabi.lib</file>
         <name>ull_div_t2.obj</name>
      </input_file>
      <input_file id="fl-e0">
         <path>C:\ti\ccsv7\tools\compiler\ti-cgt-arm_16.9.4.LTS\lib\</path>
         <kind>archive</kind>
         <file>rtsv7M4_T_le_v4SPD16_eabi.lib</file>
         <name>errno.obj</name>
      </input_file>
      <input_file id="fl-e1">
         <path>C:\ti\ccsv7\tools\compiler\ti-cgt-arm_16.9.4.LTS\lib\</path>
         <kind>archive</kind>
         <file>rtsv7M4_T_le_v4SPD16_eabi.lib</file>
         <name>s_copysign.obj</name>
      </input_file>
   </input_file_list>
   <object_component_list>
      <object_component id="oc-f">
         <name>.intvecs</name>
         <load_address>0x0</load_address>
         <run_address>0x0</run_address>
         <size>0x26c</size>
         <input_file_ref idref="fl-3"/>
      </object_component>
      <object_component id="oc-120">
         <name>.text</name>
         <load_address>0x26c</load_address>
         <run_address>0x26c</run_address>
         <size>0x113e</size>
         <input_file_ref idref="fl-cf"/>
      </object_component>
      <object_component id="oc-5d">
         <name>.text</name>
         <load_address>0x13aa</load_address>
         <run_address>0x13aa</run_address>
         <size>0x2</size>
         <input_file_ref idref="fl-c6"/>
      </object_component>
      <object_component id="oc-31">
         <name>.text</name>
         <load_address>0x13ac</load_address>
         <run_address>0x13ac</run_address>
         <size>0x100c</size>
         <input_file_ref idref="fl-2"/>
      </object_component>
      <object_component id="oc-162">
         <name>.text</name>
         <load_address>0x23b8</load_address>
         <run_address>0x23b8</run_address>
         <size>0x1f4</size>
         <input_file_ref idref="fl-df"/>
      </object_component>
      <object_component id="oc-18b">
         <name>.text</name>
         <load_address>0x25ac</load_address>
         <run_address>0x25ac</run_address>
         <size>0x1b6</size>
         <input_file_ref idref="fl-d3"/>
      </object_component>
      <object_component id="oc-171">
         <name>.text</name>
         <load_address>0x2762</load_address>
         <run_address>0x2762</run_address>
         <size>0x136</size>
         <input_file_ref idref="fl-d5"/>
      </object_component>
      <object_component id="oc-16c">
         <name>.text</name>
         <load_address>0x2898</load_address>
         <run_address>0x2898</run_address>
         <size>0xfc</size>
         <input_file_ref idref="fl-d6"/>
      </object_component>
      <object_component id="oc-196">
         <name>.text</name>
         <load_address>0x2994</load_address>
         <run_address>0x2994</run_address>
         <size>0xfc</size>
         <input_file_ref idref="fl-dc"/>
      </object_component>
      <object_component id="oc-45">
         <name>.text</name>
         <load_address>0x2a90</load_address>
         <run_address>0x2a90</run_address>
         <size>0x9c</size>
         <input_file_ref idref="fl-c4"/>
      </object_component>
      <object_component id="oc-167">
         <name>.text:__aeabi_cdcmple</name>
         <load_address>0x2b2c</load_address>
         <run_address>0x2b2c</run_address>
         <size>0x86</size>
         <input_file_ref idref="fl-d4"/>
      </object_component>
      <object_component id="oc-176">
         <name>.text:__aeabi_cdrcmple</name>
         <load_address>0x2bb2</load_address>
         <run_address>0x2bb2</run_address>
         <size>0x86</size>
         <input_file_ref idref="fl-d4"/>
      </object_component>
      <object_component id="oc-51">
         <name>.text</name>
         <load_address>0x2c38</load_address>
         <run_address>0x2c38</run_address>
         <size>0x7a</size>
         <input_file_ref idref="fl-c5"/>
      </object_component>
      <object_component id="oc-f2">
         <name>.text</name>
         <load_address>0x2cb2</load_address>
         <run_address>0x2cb2</run_address>
         <size>0x2</size>
         <input_file_ref idref="fl-dd"/>
      </object_component>
      <object_component id="oc-69">
         <name>.text</name>
         <load_address>0x2cb4</load_address>
         <run_address>0x2cb4</run_address>
         <size>0x70</size>
         <input_file_ref idref="fl-d1"/>
      </object_component>
      <object_component id="oc-12">
         <name>.text:decompress:lzss</name>
         <load_address>0x2d24</load_address>
         <run_address>0x2d24</run_address>
         <size>0x68</size>
         <input_file_ref idref="fl-bf"/>
      </object_component>
      <object_component id="oc-190">
         <name>.text</name>
         <load_address>0x2d8c</load_address>
         <run_address>0x2d8c</run_address>
         <size>0x64</size>
         <input_file_ref idref="fl-db"/>
      </object_component>
      <object_component id="oc-b9">
         <name>.text</name>
         <load_address>0x2df0</load_address>
         <run_address>0x2df0</run_address>
         <size>0x60</size>
         <input_file_ref idref="fl-c9"/>
      </object_component>
      <object_component id="oc-24">
         <name>.text</name>
         <load_address>0x2e50</load_address>
         <run_address>0x2e50</run_address>
         <size>0x54</size>
         <input_file_ref idref="fl-be"/>
      </object_component>
      <object_component id="oc-75">
         <name>.text</name>
         <load_address>0x2ea4</load_address>
         <run_address>0x2ea4</run_address>
         <size>0x54</size>
         <input_file_ref idref="fl-c3"/>
      </object_component>
      <object_component id="oc-180">
         <name>.text</name>
         <load_address>0x2ef8</load_address>
         <run_address>0x2ef8</run_address>
         <size>0x54</size>
         <input_file_ref idref="fl-d9"/>
      </object_component>
      <object_component id="oc-9d">
         <name>.text</name>
         <load_address>0x2f4c</load_address>
         <run_address>0x2f4c</run_address>
         <size>0x4c</size>
         <input_file_ref idref="fl-bd"/>
      </object_component>
      <object_component id="oc-ec">
         <name>.text</name>
         <load_address>0x2f98</load_address>
         <run_address>0x2f98</run_address>
         <size>0x4c</size>
         <input_file_ref idref="fl-d2"/>
      </object_component>
      <object_component id="oc-80">
         <name>.text</name>
         <load_address>0x2fe4</load_address>
         <run_address>0x2fe4</run_address>
         <size>0x4c</size>
         <input_file_ref idref="fl-c8"/>
      </object_component>
      <object_component id="oc-17b">
         <name>.text</name>
         <load_address>0x3030</load_address>
         <run_address>0x3030</run_address>
         <size>0x48</size>
         <input_file_ref idref="fl-d7"/>
      </object_component>
      <object_component id="oc-186">
         <name>.text</name>
         <load_address>0x3078</load_address>
         <run_address>0x3078</run_address>
         <size>0x2e</size>
         <input_file_ref idref="fl-d8"/>
      </object_component>
      <object_component id="oc-1a2">
         <name>.text</name>
         <load_address>0x30a6</load_address>
         <run_address>0x30a6</run_address>
         <size>0x1c</size>
         <input_file_ref idref="fl-da"/>
      </object_component>
      <object_component id="oc-6f">
         <name>.text</name>
         <load_address>0x30c4</load_address>
         <run_address>0x30c4</run_address>
         <size>0x18</size>
         <input_file_ref idref="fl-d0"/>
      </object_component>
      <object_component id="oc-a5">
         <name>.text</name>
         <load_address>0x30dc</load_address>
         <run_address>0x30dc</run_address>
         <size>0x18</size>
         <input_file_ref idref="fl-cb"/>
      </object_component>
      <object_component id="oc-19c">
         <name>.text</name>
         <load_address>0x30f4</load_address>
         <run_address>0x30f4</run_address>
         <size>0x16</size>
         <input_file_ref idref="fl-de"/>
      </object_component>
      <object_component id="oc-147">
         <name>.text</name>
         <load_address>0x310c</load_address>
         <run_address>0x310c</run_address>
         <size>0x14</size>
         <input_file_ref idref="fl-ce"/>
      </object_component>
      <object_component id="oc-1dd">
         <name>.text</name>
         <load_address>0x3120</load_address>
         <run_address>0x3120</run_address>
         <size>0x14</size>
         <input_file_ref idref="fl-e1"/>
      </object_component>
      <object_component id="oc-90">
         <name>.text</name>
         <load_address>0x3134</load_address>
         <run_address>0x3134</run_address>
         <size>0x14</size>
         <input_file_ref idref="fl-cc"/>
      </object_component>
      <object_component id="oc-b3">
         <name>.text</name>
         <load_address>0x3148</load_address>
         <run_address>0x3148</run_address>
         <size>0x10</size>
         <input_file_ref idref="fl-cd"/>
      </object_component>
      <object_component id="oc-18">
         <name>.text:decompress:none</name>
         <load_address>0x3158</load_address>
         <run_address>0x3158</run_address>
         <size>0xe</size>
         <input_file_ref idref="fl-c0"/>
      </object_component>
      <object_component id="oc-1e">
         <name>.text:decompress:ZI</name>
         <load_address>0x3166</load_address>
         <run_address>0x3166</run_address>
         <size>0xc</size>
         <input_file_ref idref="fl-c1"/>
      </object_component>
      <object_component id="oc-2b">
         <name>.text</name>
         <load_address>0x3172</load_address>
         <run_address>0x3172</run_address>
         <size>0xc</size>
         <input_file_ref idref="fl-3"/>
      </object_component>
      <object_component id="oc-63">
         <name>.text</name>
         <load_address>0x317e</load_address>
         <run_address>0x317e</run_address>
         <size>0x4</size>
         <input_file_ref idref="fl-c7"/>
      </object_component>
      <object_component id="oc-117">
         <name>.const:.string:_ctypes_</name>
         <load_address>0x3182</load_address>
         <run_address>0x3182</run_address>
         <size>0x101</size>
         <input_file_ref idref="fl-c2"/>
      </object_component>
      <object_component id="oc-221">
         <name>.cinit..data.load</name>
         <load_address>0x3288</load_address>
         <run_address>0x3288</run_address>
         <size>0x16</size>
      </object_component>
      <object_component id="oc-21f">
         <name>__TI_handler_table</name>
         <load_address>0x32a0</load_address>
         <run_address>0x32a0</run_address>
         <size>0xc</size>
      </object_component>
      <object_component id="oc-222">
         <name>.cinit..bss.load</name>
         <load_address>0x32b0</load_address>
         <run_address>0x32b0</run_address>
         <size>0x8</size>
      </object_component>
      <object_component id="oc-220">
         <name>__TI_cinit_table</name>
         <load_address>0x32b8</load_address>
         <run_address>0x32b8</run_address>
         <size>0x10</size>
      </object_component>
      <object_component id="oc-86">
         <name>.data</name>
         <load_address>0x20002734</load_address>
         <run_address>0x20002734</run_address>
         <size>0x4</size>
         <input_file_ref idref="fl-2"/>
      </object_component>
      <object_component id="oc-fc">
         <name>.data:$O1$$</name>
         <load_address>0x20002720</load_address>
         <run_address>0x20002720</run_address>
         <size>0xc</size>
         <input_file_ref idref="fl-c3"/>
      </object_component>
      <object_component id="oc-107">
         <name>.data</name>
         <load_address>0x2000273c</load_address>
         <run_address>0x2000273c</run_address>
         <size>0x4</size>
         <input_file_ref idref="fl-c8"/>
      </object_component>
      <object_component id="oc-7b">
         <name>.data</name>
         <load_address>0x20002740</load_address>
         <run_address>0x20002740</run_address>
         <size>0x4</size>
         <input_file_ref idref="fl-ca"/>
      </object_component>
      <object_component id="oc-ff">
         <name>.data:$O1$$</name>
         <load_address>0x2000272c</load_address>
         <run_address>0x2000272c</run_address>
         <size>0x8</size>
         <input_file_ref idref="fl-ce"/>
      </object_component>
      <object_component id="oc-1e3">
         <name>.data</name>
         <load_address>0x20002738</load_address>
         <run_address>0x20002738</run_address>
         <size>0x4</size>
         <input_file_ref idref="fl-e0"/>
      </object_component>
      <object_component id="oc-c2">
         <name>.common:address</name>
         <uninitialized>true</uninitialized>
         <run_address>0x20002708</run_address>
         <size>0x2</size>
      </object_component>
      <object_component id="oc-c3">
         <name>.common:channel</name>
         <uninitialized>true</uninitialized>
         <run_address>0x2000270a</run_address>
         <size>0x2</size>
      </object_component>
      <object_component id="oc-c4">
         <name>.common:value</name>
         <uninitialized>true</uninitialized>
         <run_address>0x20002714</run_address>
         <size>0x2</size>
      </object_component>
      <object_component id="oc-c6">
         <name>.common:newAddress</name>
         <uninitialized>true</uninitialized>
         <run_address>0x2000270e</run_address>
         <size>0x2</size>
      </object_component>
      <object_component id="oc-bf">
         <name>.common:validity</name>
         <uninitialized>true</uninitialized>
         <run_address>0x20002712</run_address>
         <size>0x2</size>
      </object_component>
      <object_component id="oc-af">
         <name>.common:field</name>
         <uninitialized>true</uninitialized>
         <run_address>0x2000271c</run_address>
         <size>0x1</size>
      </object_component>
      <object_component id="oc-ae">
         <name>.common:position</name>
         <uninitialized>true</uninitialized>
         <run_address>0x200026fc</run_address>
         <size>0xc</size>
      </object_component>
      <object_component id="oc-8e">
         <name>.common:csEnable</name>
         <uninitialized>true</uninitialized>
         <run_address>0x2000271a</run_address>
         <size>0x1</size>
      </object_component>
      <object_component id="oc-c5">
         <name>.common:randomRetrans</name>
         <uninitialized>true</uninitialized>
         <run_address>0x2000271d</run_address>
         <size>0x1</size>
      </object_component>
      <object_component id="oc-b1">
         <name>.common:ackon</name>
         <uninitialized>true</uninitialized>
         <run_address>0x20002716</run_address>
         <size>0x1</size>
      </object_component>
      <object_component id="oc-ad">
         <name>.common:str</name>
         <uninitialized>true</uninitialized>
         <run_address>0x200024e4</run_address>
         <size>0x54</size>
      </object_component>
      <object_component id="oc-c1">
         <name>.common:str2</name>
         <uninitialized>true</uninitialized>
         <run_address>0x20002538</run_address>
         <size>0x54</size>
      </object_component>
      <object_component id="oc-c0">
         <name>.common:count</name>
         <uninitialized>true</uninitialized>
         <run_address>0x20002719</run_address>
         <size>0x1</size>
      </object_component>
      <object_component id="oc-b0">
         <name>.common:checksum</name>
         <uninitialized>true</uninitialized>
         <run_address>0x20002717</run_address>
         <size>0x1</size>
      </object_component>
      <object_component id="oc-ac">
         <name>.common:checksumRx</name>
         <uninitialized>true</uninitialized>
         <run_address>0x20002718</run_address>
         <size>0x1</size>
      </object_component>
      <object_component id="oc-8d">
         <name>.common:currentIndex</name>
         <uninitialized>true</uninitialized>
         <run_address>0x2000271b</run_address>
         <size>0x1</size>
      </object_component>
      <object_component id="oc-b2">
         <name>.common:sequenceId</name>
         <uninitialized>true</uninitialized>
         <run_address>0x20002710</run_address>
         <size>0x2</size>
      </object_component>
      <object_component id="oc-9c">
         <name>.common:ledTimeout</name>
         <uninitialized>true</uninitialized>
         <run_address>0x2000270c</run_address>
         <size>0x2</size>
      </object_component>
      <object_component id="oc-8c">
         <name>.common:retransTimeOut</name>
         <uninitialized>true</uninitialized>
         <run_address>0x200025f4</run_address>
         <size>0x34</size>
      </object_component>
      <object_component id="oc-ab">
         <name>.common:rxData</name>
         <uninitialized>true</uninitialized>
         <run_address>0x200026ec</run_address>
         <size>0x10</size>
      </object_component>
      <object_component id="oc-8f">
         <name>.common:destAdd</name>
         <uninitialized>true</uninitialized>
         <run_address>0x200025c0</run_address>
         <size>0x34</size>
      </object_component>
      <object_component id="oc-98">
         <name>.common:chan</name>
         <uninitialized>true</uninitialized>
         <run_address>0x2000258c</run_address>
         <size>0x34</size>
      </object_component>
      <object_component id="oc-9a">
         <name>.common:data</name>
         <uninitialized>true</uninitialized>
         <run_address>0x20002000</run_address>
         <size>0x4e4</size>
      </object_component>
      <object_component id="oc-89">
         <name>.common:valid</name>
         <uninitialized>true</uninitialized>
         <run_address>0x200026d0</run_address>
         <size>0x1c</size>
      </object_component>
      <object_component id="oc-a3">
         <name>.common:ackRequired</name>
         <uninitialized>true</uninitialized>
         <run_address>0x20002628</run_address>
         <size>0x1c</size>
      </object_component>
      <object_component id="oc-96">
         <name>.common:seqId</name>
         <uninitialized>true</uninitialized>
         <run_address>0x20002698</run_address>
         <size>0x1c</size>
      </object_component>
      <object_component id="oc-97">
         <name>.common:cmd</name>
         <uninitialized>true</uninitialized>
         <run_address>0x20002660</run_address>
         <size>0x1c</size>
      </object_component>
      <object_component id="oc-99">
         <name>.common:size</name>
         <uninitialized>true</uninitialized>
         <run_address>0x200026b4</run_address>
         <size>0x1c</size>
      </object_component>
      <object_component id="oc-9b">
         <name>.common:checkSum</name>
         <uninitialized>true</uninitialized>
         <run_address>0x20002644</run_address>
         <size>0x1c</size>
      </object_component>
      <object_component id="oc-a4">
         <name>.common:retransCount</name>
         <uninitialized>true</uninitialized>
         <run_address>0x2000267c</run_address>
         <size>0x1c</size>
      </object_component>
      <object_component id="oc-2a">
         <name>.stack</name>
         <uninitialized>true</uninitialized>
         <run_address>0x20000000</run_address>
         <size>0x0</size>
         <input_file_ref idref="fl-be"/>
      </object_component>
      <object_component id="oc-223">
         <name>.stack</name>
         <uninitialized>true</uninitialized>
         <run_address>0x20000000</run_address>
         <size>0x0</size>
      </object_component>
      <object_component id="oc-8a">
         <name>.debug_info</name>
         <load_address>0x0</load_address>
         <run_address>0x0</run_address>
         <size>0x7cf</size>
         <input_file_ref idref="fl-2"/>
      </object_component>
      <object_component id="oc-87">
         <name>.debug_info</name>
         <load_address>0x7cf</load_address>
         <run_address>0x7cf</run_address>
         <size>0x141</size>
         <input_file_ref idref="fl-2"/>
      </object_component>
      <object_component id="oc-32">
         <name>.debug_info</name>
         <load_address>0x910</load_address>
         <run_address>0x910</run_address>
         <size>0xdf1</size>
         <input_file_ref idref="fl-2"/>
      </object_component>
      <object_component id="oc-110">
         <name>.debug_info</name>
         <load_address>0x1701</load_address>
         <run_address>0x1701</run_address>
         <size>0xc8</size>
         <input_file_ref idref="fl-2"/>
      </object_component>
      <object_component id="oc-cd">
         <name>.debug_info</name>
         <load_address>0x17c9</load_address>
         <run_address>0x17c9</run_address>
         <size>0x8b</size>
         <input_file_ref idref="fl-2"/>
      </object_component>
      <object_component id="oc-c8">
         <name>.debug_info</name>
         <load_address>0x1854</load_address>
         <run_address>0x1854</run_address>
         <size>0x18b</size>
         <input_file_ref idref="fl-2"/>
      </object_component>
      <object_component id="oc-128">
         <name>.debug_info</name>
         <load_address>0x19df</load_address>
         <run_address>0x19df</run_address>
         <size>0x4e</size>
         <input_file_ref idref="fl-2"/>
      </object_component>
      <object_component id="oc-39">
         <name>.debug_info</name>
         <load_address>0x1a2d</load_address>
         <run_address>0x1a2d</run_address>
         <size>0x2af</size>
         <input_file_ref idref="fl-3"/>
      </object_component>
      <object_component id="oc-10">
         <name>.debug_info</name>
         <load_address>0x1cdc</load_address>
         <run_address>0x1cdc</run_address>
         <size>0xe6</size>
         <input_file_ref idref="fl-3"/>
      </object_component>
      <object_component id="oc-2d">
         <name>.debug_info</name>
         <load_address>0x1dc2</load_address>
         <run_address>0x1dc2</run_address>
         <size>0x262</size>
         <input_file_ref idref="fl-3"/>
      </object_component>
      <object_component id="oc-40">
         <name>.debug_info</name>
         <load_address>0x2024</load_address>
         <run_address>0x2024</run_address>
         <size>0x84</size>
         <input_file_ref idref="fl-3"/>
      </object_component>
      <object_component id="oc-11b">
         <name>.debug_info</name>
         <load_address>0x20a8</load_address>
         <run_address>0x20a8</run_address>
         <size>0x2ae</size>
         <input_file_ref idref="fl-bd"/>
      </object_component>
      <object_component id="oc-9e">
         <name>.debug_info</name>
         <load_address>0x2356</load_address>
         <run_address>0x2356</run_address>
         <size>0x171</size>
         <input_file_ref idref="fl-bd"/>
      </object_component>
      <object_component id="oc-25">
         <name>.debug_info</name>
         <load_address>0x24c7</load_address>
         <run_address>0x24c7</run_address>
         <size>0x160</size>
         <input_file_ref idref="fl-be"/>
      </object_component>
      <object_component id="oc-d9">
         <name>.debug_info</name>
         <load_address>0x2627</load_address>
         <run_address>0x2627</run_address>
         <size>0x293</size>
         <input_file_ref idref="fl-bf"/>
      </object_component>
      <object_component id="oc-14">
         <name>.debug_info</name>
         <load_address>0x28ba</load_address>
         <run_address>0x28ba</run_address>
         <size>0x245</size>
         <input_file_ref idref="fl-bf"/>
      </object_component>
      <object_component id="oc-3b">
         <name>.debug_info</name>
         <load_address>0x2aff</load_address>
         <run_address>0x2aff</run_address>
         <size>0x60</size>
         <input_file_ref idref="fl-bf"/>
      </object_component>
      <object_component id="oc-d4">
         <name>.debug_info</name>
         <load_address>0x2b5f</load_address>
         <run_address>0x2b5f</run_address>
         <size>0x46</size>
         <input_file_ref idref="fl-bf"/>
      </object_component>
      <object_component id="oc-50">
         <name>.debug_info</name>
         <load_address>0x2ba5</load_address>
         <run_address>0x2ba5</run_address>
         <size>0x2da</size>
         <input_file_ref idref="fl-c0"/>
      </object_component>
      <object_component id="oc-19">
         <name>.debug_info</name>
         <load_address>0x2e7f</load_address>
         <run_address>0x2e7f</run_address>
         <size>0x1df</size>
         <input_file_ref idref="fl-c0"/>
      </object_component>
      <object_component id="oc-4b">
         <name>.debug_info</name>
         <load_address>0x305e</load_address>
         <run_address>0x305e</run_address>
         <size>0x46</size>
         <input_file_ref idref="fl-c0"/>
      </object_component>
      <object_component id="oc-db">
         <name>.debug_info</name>
         <load_address>0x30a4</load_address>
         <run_address>0x30a4</run_address>
         <size>0x2c</size>
         <input_file_ref idref="fl-c0"/>
      </object_component>
      <object_component id="oc-5c">
         <name>.debug_info</name>
         <load_address>0x30d0</load_address>
         <run_address>0x30d0</run_address>
         <size>0x2c9</size>
         <input_file_ref idref="fl-c1"/>
      </object_component>
      <object_component id="oc-21">
         <name>.debug_info</name>
         <load_address>0x3399</load_address>
         <run_address>0x3399</run_address>
         <size>0x1aa</size>
         <input_file_ref idref="fl-c1"/>
      </object_component>
      <object_component id="oc-57">
         <name>.debug_info</name>
         <load_address>0x3543</load_address>
         <run_address>0x3543</run_address>
         <size>0x46</size>
         <input_file_ref idref="fl-c1"/>
      </object_component>
      <object_component id="oc-e3">
         <name>.debug_info</name>
         <load_address>0x3589</load_address>
         <run_address>0x3589</run_address>
         <size>0x2c</size>
         <input_file_ref idref="fl-c1"/>
      </object_component>
      <object_component id="oc-15b">
         <name>.debug_info</name>
         <load_address>0x35b5</load_address>
         <run_address>0x35b5</run_address>
         <size>0xee</size>
         <input_file_ref idref="fl-c2"/>
      </object_component>
      <object_component id="oc-118">
         <name>.debug_info</name>
         <load_address>0x36a3</load_address>
         <run_address>0x36a3</run_address>
         <size>0xfa</size>
         <input_file_ref idref="fl-c2"/>
      </object_component>
      <object_component id="oc-103">
         <name>.debug_info</name>
         <load_address>0x379d</load_address>
         <run_address>0x379d</run_address>
         <size>0x3ce</size>
         <input_file_ref idref="fl-c3"/>
      </object_component>
      <object_component id="oc-fd">
         <name>.debug_info</name>
         <load_address>0x3b6b</load_address>
         <run_address>0x3b6b</run_address>
         <size>0x185</size>
         <input_file_ref idref="fl-c3"/>
      </object_component>
      <object_component id="oc-76">
         <name>.debug_info</name>
         <load_address>0x3cf0</load_address>
         <run_address>0x3cf0</run_address>
         <size>0x214</size>
         <input_file_ref idref="fl-c3"/>
      </object_component>
      <object_component id="oc-46">
         <name>.debug_info</name>
         <load_address>0x3f04</load_address>
         <run_address>0x3f04</run_address>
         <size>0x111</size>
         <input_file_ref idref="fl-c4"/>
      </object_component>
      <object_component id="oc-52">
         <name>.debug_info</name>
         <load_address>0x4015</load_address>
         <run_address>0x4015</run_address>
         <size>0x13f</size>
         <input_file_ref idref="fl-c5"/>
      </object_component>
      <object_component id="oc-5e">
         <name>.debug_info</name>
         <load_address>0x4154</load_address>
         <run_address>0x4154</run_address>
         <size>0x138</size>
         <input_file_ref idref="fl-c6"/>
      </object_component>
      <object_component id="oc-64">
         <name>.debug_info</name>
         <load_address>0x428c</load_address>
         <run_address>0x428c</run_address>
         <size>0x148</size>
         <input_file_ref idref="fl-c7"/>
      </object_component>
      <object_component id="oc-10b">
         <name>.debug_info</name>
         <load_address>0x43d4</load_address>
         <run_address>0x43d4</run_address>
         <size>0x2af</size>
         <input_file_ref idref="fl-c8"/>
      </object_component>
      <object_component id="oc-108">
         <name>.debug_info</name>
         <load_address>0x4683</load_address>
         <run_address>0x4683</run_address>
         <size>0xf0</size>
         <input_file_ref idref="fl-c8"/>
      </object_component>
      <object_component id="oc-83">
         <name>.debug_info</name>
         <load_address>0x4773</load_address>
         <run_address>0x4773</run_address>
         <size>0x1a4</size>
         <input_file_ref idref="fl-c8"/>
      </object_component>
      <object_component id="oc-127">
         <name>.debug_info</name>
         <load_address>0x4917</load_address>
         <run_address>0x4917</run_address>
         <size>0x355</size>
         <input_file_ref idref="fl-c9"/>
      </object_component>
      <object_component id="oc-bc">
         <name>.debug_info</name>
         <load_address>0x4c6c</load_address>
         <run_address>0x4c6c</run_address>
         <size>0x2e4</size>
         <input_file_ref idref="fl-c9"/>
      </object_component>
      <object_component id="oc-1b4">
         <name>.debug_info</name>
         <load_address>0x4f50</load_address>
         <run_address>0x4f50</run_address>
         <size>0x2c</size>
         <input_file_ref idref="fl-c9"/>
      </object_component>
      <object_component id="oc-7c">
         <name>.debug_info</name>
         <load_address>0x4f7c</load_address>
         <run_address>0x4f7c</run_address>
         <size>0x109</size>
         <input_file_ref idref="fl-ca"/>
      </object_component>
      <object_component id="oc-11d">
         <name>.debug_info</name>
         <load_address>0x5085</load_address>
         <run_address>0x5085</run_address>
         <size>0x27f</size>
         <input_file_ref idref="fl-cb"/>
      </object_component>
      <object_component id="oc-a9">
         <name>.debug_info</name>
         <load_address>0x5304</load_address>
         <run_address>0x5304</run_address>
         <size>0x258</size>
         <input_file_ref idref="fl-cb"/>
      </object_component>
      <object_component id="oc-116">
         <name>.debug_info</name>
         <load_address>0x555c</load_address>
         <run_address>0x555c</run_address>
         <size>0x284</size>
         <input_file_ref idref="fl-cc"/>
      </object_component>
      <object_component id="oc-92">
         <name>.debug_info</name>
         <load_address>0x57e0</load_address>
         <run_address>0x57e0</run_address>
         <size>0x22a</size>
         <input_file_ref idref="fl-cc"/>
      </object_component>
      <object_component id="oc-11f">
         <name>.debug_info</name>
         <load_address>0x5a0a</load_address>
         <run_address>0x5a0a</run_address>
         <size>0x2ab</size>
         <input_file_ref idref="fl-cd"/>
      </object_component>
      <object_component id="oc-b4">
         <name>.debug_info</name>
         <load_address>0x5cb5</load_address>
         <run_address>0x5cb5</run_address>
         <size>0x149</size>
         <input_file_ref idref="fl-cd"/>
      </object_component>
      <object_component id="oc-14f">
         <name>.debug_info</name>
         <load_address>0x5dfe</load_address>
         <run_address>0x5dfe</run_address>
         <size>0x2be</size>
         <input_file_ref idref="fl-ce"/>
      </object_component>
      <object_component id="oc-100">
         <name>.debug_info</name>
         <load_address>0x60bc</load_address>
         <run_address>0x60bc</run_address>
         <size>0x113</size>
         <input_file_ref idref="fl-ce"/>
      </object_component>
      <object_component id="oc-148">
         <name>.debug_info</name>
         <load_address>0x61cf</load_address>
         <run_address>0x61cf</run_address>
         <size>0x21f</size>
         <input_file_ref idref="fl-ce"/>
      </object_component>
      <object_component id="oc-1a9">
         <name>.debug_info</name>
         <load_address>0x63ee</load_address>
         <run_address>0x63ee</run_address>
         <size>0x51f</size>
         <input_file_ref idref="fl-cf"/>
      </object_component>
      <object_component id="oc-121">
         <name>.debug_info</name>
         <load_address>0x690d</load_address>
         <run_address>0x690d</run_address>
         <size>0x1543</size>
         <input_file_ref idref="fl-cf"/>
      </object_component>
      <object_component id="oc-1aa">
         <name>.debug_info</name>
         <load_address>0x7e50</load_address>
         <run_address>0x7e50</run_address>
         <size>0x86</size>
         <input_file_ref idref="fl-cf"/>
      </object_component>
      <object_component id="oc-1ee">
         <name>.debug_info</name>
         <load_address>0x7ed6</load_address>
         <run_address>0x7ed6</run_address>
         <size>0x46</size>
         <input_file_ref idref="fl-cf"/>
      </object_component>
      <object_component id="oc-1af">
         <name>.debug_info</name>
         <load_address>0x7f1c</load_address>
         <run_address>0x7f1c</run_address>
         <size>0x39</size>
         <input_file_ref idref="fl-cf"/>
      </object_component>
      <object_component id="oc-fb">
         <name>.debug_info</name>
         <load_address>0x7f55</load_address>
         <run_address>0x7f55</run_address>
         <size>0x300</size>
         <input_file_ref idref="fl-d0"/>
      </object_component>
      <object_component id="oc-73">
         <name>.debug_info</name>
         <load_address>0x8255</load_address>
         <run_address>0x8255</run_address>
         <size>0x167</size>
         <input_file_ref idref="fl-d0"/>
      </object_component>
      <object_component id="oc-140">
         <name>.debug_info</name>
         <load_address>0x83bc</load_address>
         <run_address>0x83bc</run_address>
         <size>0x5e</size>
         <input_file_ref idref="fl-d0"/>
      </object_component>
      <object_component id="oc-f9">
         <name>.debug_info</name>
         <load_address>0x841a</load_address>
         <run_address>0x841a</run_address>
         <size>0x483</size>
         <input_file_ref idref="fl-d1"/>
      </object_component>
      <object_component id="oc-6d">
         <name>.debug_info</name>
         <load_address>0x889d</load_address>
         <run_address>0x889d</run_address>
         <size>0x190</size>
         <input_file_ref idref="fl-d1"/>
      </object_component>
      <object_component id="oc-134">
         <name>.debug_info</name>
         <load_address>0x8a2d</load_address>
         <run_address>0x8a2d</run_address>
         <size>0x39</size>
         <input_file_ref idref="fl-d1"/>
      </object_component>
      <object_component id="oc-1c2">
         <name>.debug_info</name>
         <load_address>0x8a66</load_address>
         <run_address>0x8a66</run_address>
         <size>0x39</size>
         <input_file_ref idref="fl-d1"/>
      </object_component>
      <object_component id="oc-139">
         <name>.debug_info</name>
         <load_address>0x8a9f</load_address>
         <run_address>0x8a9f</run_address>
         <size>0xcd</size>
         <input_file_ref idref="fl-d1"/>
      </object_component>
      <object_component id="oc-130">
         <name>.debug_info</name>
         <load_address>0x8b6c</load_address>
         <run_address>0x8b6c</run_address>
         <size>0x37a</size>
         <input_file_ref idref="fl-d2"/>
      </object_component>
      <object_component id="oc-ed">
         <name>.debug_info</name>
         <load_address>0x8ee6</load_address>
         <run_address>0x8ee6</run_address>
         <size>0x183</size>
         <input_file_ref idref="fl-d2"/>
      </object_component>
      <object_component id="oc-1bd">
         <name>.debug_info</name>
         <load_address>0x9069</load_address>
         <run_address>0x9069</run_address>
         <size>0x2c</size>
         <input_file_ref idref="fl-d2"/>
      </object_component>
      <object_component id="oc-18d">
         <name>.debug_info</name>
         <load_address>0x9095</load_address>
         <run_address>0x9095</run_address>
         <size>0x144</size>
         <input_file_ref idref="fl-d3"/>
      </object_component>
      <object_component id="oc-16a">
         <name>.debug_info</name>
         <load_address>0x91d9</load_address>
         <run_address>0x91d9</run_address>
         <size>0x120</size>
         <input_file_ref idref="fl-d4"/>
      </object_component>
      <object_component id="oc-177">
         <name>.debug_info</name>
         <load_address>0x92f9</load_address>
         <run_address>0x92f9</run_address>
         <size>0x122</size>
         <input_file_ref idref="fl-d4"/>
      </object_component>
      <object_component id="oc-172">
         <name>.debug_info</name>
         <load_address>0x941b</load_address>
         <run_address>0x941b</run_address>
         <size>0x132</size>
         <input_file_ref idref="fl-d5"/>
      </object_component>
      <object_component id="oc-16d">
         <name>.debug_info</name>
         <load_address>0x954d</load_address>
         <run_address>0x954d</run_address>
         <size>0x132</size>
         <input_file_ref idref="fl-d6"/>
      </object_component>
      <object_component id="oc-17d">
         <name>.debug_info</name>
         <load_address>0x967f</load_address>
         <run_address>0x967f</run_address>
         <size>0x126</size>
         <input_file_ref idref="fl-d7"/>
      </object_component>
      <object_component id="oc-187">
         <name>.debug_info</name>
         <load_address>0x97a5</load_address>
         <run_address>0x97a5</run_address>
         <size>0x124</size>
         <input_file_ref idref="fl-d8"/>
      </object_component>
      <object_component id="oc-1d3">
         <name>.debug_info</name>
         <load_address>0x98c9</load_address>
         <run_address>0x98c9</run_address>
         <size>0x2e6</size>
         <input_file_ref idref="fl-d9"/>
      </object_component>
      <object_component id="oc-181">
         <name>.debug_info</name>
         <load_address>0x9baf</load_address>
         <run_address>0x9baf</run_address>
         <size>0x1c2</size>
         <input_file_ref idref="fl-d9"/>
      </object_component>
      <object_component id="oc-1eb">
         <name>.debug_info</name>
         <load_address>0x9d71</load_address>
         <run_address>0x9d71</run_address>
         <size>0x28b</size>
         <input_file_ref idref="fl-da"/>
      </object_component>
      <object_component id="oc-1a3">
         <name>.debug_info</name>
         <load_address>0x9ffc</load_address>
         <run_address>0x9ffc</run_address>
         <size>0x1ab</size>
         <input_file_ref idref="fl-da"/>
      </object_component>
      <object_component id="oc-1d7">
         <name>.debug_info</name>
         <load_address>0xa1a7</load_address>
         <run_address>0xa1a7</run_address>
         <size>0x2d9</size>
         <input_file_ref idref="fl-db"/>
      </object_component>
      <object_component id="oc-192">
         <name>.debug_info</name>
         <load_address>0xa480</load_address>
         <run_address>0xa480</run_address>
         <size>0x18a</size>
         <input_file_ref idref="fl-db"/>
      </object_component>
      <object_component id="oc-1d8">
         <name>.debug_info</name>
         <load_address>0xa60a</load_address>
         <run_address>0xa60a</run_address>
         <size>0x2c</size>
         <input_file_ref idref="fl-db"/>
      </object_component>
      <object_component id="oc-1e7">
         <name>.debug_info</name>
         <load_address>0xa636</load_address>
         <run_address>0xa636</run_address>
         <size>0x316</size>
         <input_file_ref idref="fl-dc"/>
      </object_component>
      <object_component id="oc-197">
         <name>.debug_info</name>
         <load_address>0xa94c</load_address>
         <run_address>0xa94c</run_address>
         <size>0x1d5</size>
         <input_file_ref idref="fl-dc"/>
      </object_component>
      <object_component id="oc-f3">
         <name>.debug_info</name>
         <load_address>0xab21</load_address>
         <run_address>0xab21</run_address>
         <size>0x145</size>
         <input_file_ref idref="fl-dd"/>
      </object_component>
      <object_component id="oc-1e9">
         <name>.debug_info</name>
         <load_address>0xac66</load_address>
         <run_address>0xac66</run_address>
         <size>0x28f</size>
         <input_file_ref idref="fl-de"/>
      </object_component>
      <object_component id="oc-19d">
         <name>.debug_info</name>
         <load_address>0xaef5</load_address>
         <run_address>0xaef5</run_address>
         <size>0x244</size>
         <input_file_ref idref="fl-de"/>
      </object_component>
      <object_component id="oc-165">
         <name>.debug_info</name>
         <load_address>0xb139</load_address>
         <run_address>0xb139</run_address>
         <size>0x17d</size>
         <input_file_ref idref="fl-df"/>
      </object_component>
      <object_component id="oc-1e4">
         <name>.debug_info</name>
         <load_address>0xb2b6</load_address>
         <run_address>0xb2b6</run_address>
         <size>0xf3</size>
         <input_file_ref idref="fl-e0"/>
      </object_component>
      <object_component id="oc-1de">
         <name>.debug_info</name>
         <load_address>0xb3a9</load_address>
         <run_address>0xb3a9</run_address>
         <size>0x156</size>
         <input_file_ref idref="fl-e1"/>
      </object_component>
      <object_component id="oc-224">
         <name>.debug_info</name>
         <load_address>0xb4ff</load_address>
         <run_address>0xb4ff</run_address>
         <size>0x9c</size>
      </object_component>
      <object_component id="oc-10f">
         <name>.debug_line</name>
         <load_address>0x0</load_address>
         <run_address>0x0</run_address>
         <size>0x13f</size>
         <input_file_ref idref="fl-2"/>
      </object_component>
      <object_component id="oc-10d">
         <name>.debug_line</name>
         <load_address>0x13f</load_address>
         <run_address>0x13f</run_address>
         <size>0x2d</size>
         <input_file_ref idref="fl-2"/>
      </object_component>
      <object_component id="oc-36">
         <name>.debug_line</name>
         <load_address>0x16c</load_address>
         <run_address>0x16c</run_address>
         <size>0x5ea</size>
         <input_file_ref idref="fl-2"/>
      </object_component>
      <object_component id="oc-113">
         <name>.debug_line</name>
         <load_address>0x756</load_address>
         <run_address>0x756</run_address>
         <size>0x64</size>
         <input_file_ref idref="fl-2"/>
      </object_component>
      <object_component id="oc-d0">
         <name>.debug_line</name>
         <load_address>0x7ba</load_address>
         <run_address>0x7ba</run_address>
         <size>0x20</size>
         <input_file_ref idref="fl-2"/>
      </object_component>
      <object_component id="oc-cb">
         <name>.debug_line</name>
         <load_address>0x7da</load_address>
         <run_address>0x7da</run_address>
         <size>0x65</size>
         <input_file_ref idref="fl-2"/>
      </object_component>
      <object_component id="oc-12b">
         <name>.debug_line</name>
         <load_address>0x83f</load_address>
         <run_address>0x83f</run_address>
         <size>0x65</size>
         <input_file_ref idref="fl-2"/>
      </object_component>
      <object_component id="oc-d3">
         <name>.debug_line</name>
         <load_address>0x8a4</load_address>
         <run_address>0x8a4</run_address>
         <size>0x41</size>
         <input_file_ref idref="fl-3"/>
      </object_component>
      <object_component id="oc-38">
         <name>.debug_line</name>
         <load_address>0x8e5</load_address>
         <run_address>0x8e5</run_address>
         <size>0x41</size>
         <input_file_ref idref="fl-3"/>
      </object_component>
      <object_component id="oc-2c">
         <name>.debug_line</name>
         <load_address>0x926</load_address>
         <run_address>0x926</run_address>
         <size>0xa1</size>
         <input_file_ref idref="fl-3"/>
      </object_component>
      <object_component id="oc-43">
         <name>.debug_line</name>
         <load_address>0x9c7</load_address>
         <run_address>0x9c7</run_address>
         <size>0x20</size>
         <input_file_ref idref="fl-3"/>
      </object_component>
      <object_component id="oc-15d">
         <name>.debug_line</name>
         <load_address>0x9e7</load_address>
         <run_address>0x9e7</run_address>
         <size>0x89</size>
         <input_file_ref idref="fl-bd"/>
      </object_component>
      <object_component id="oc-a1">
         <name>.debug_line</name>
         <load_address>0xa70</load_address>
         <run_address>0xa70</run_address>
         <size>0x63</size>
         <input_file_ref idref="fl-bd"/>
      </object_component>
      <object_component id="oc-28">
         <name>.debug_line</name>
         <load_address>0xad3</load_address>
         <run_address>0xad3</run_address>
         <size>0x53</size>
         <input_file_ref idref="fl-be"/>
      </object_component>
      <object_component id="oc-12e">
         <name>.debug_line</name>
         <load_address>0xb26</load_address>
         <run_address>0xb26</run_address>
         <size>0x20</size>
         <input_file_ref idref="fl-bf"/>
      </object_component>
      <object_component id="oc-13">
         <name>.debug_line</name>
         <load_address>0xb46</load_address>
         <run_address>0xb46</run_address>
         <size>0xa9</size>
         <input_file_ref idref="fl-bf"/>
      </object_component>
      <object_component id="oc-3e">
         <name>.debug_line</name>
         <load_address>0xbef</load_address>
         <run_address>0xbef</run_address>
         <size>0x3a</size>
         <input_file_ref idref="fl-bf"/>
      </object_component>
      <object_component id="oc-d7">
         <name>.debug_line</name>
         <load_address>0xc29</load_address>
         <run_address>0xc29</run_address>
         <size>0x8a</size>
         <input_file_ref idref="fl-bf"/>
      </object_component>
      <object_component id="oc-e1">
         <name>.debug_line</name>
         <load_address>0xcb3</load_address>
         <run_address>0xcb3</run_address>
         <size>0x8a</size>
         <input_file_ref idref="fl-c0"/>
      </object_component>
      <object_component id="oc-1d">
         <name>.debug_line</name>
         <load_address>0xd3d</load_address>
         <run_address>0xd3d</run_address>
         <size>0x55</size>
         <input_file_ref idref="fl-c0"/>
      </object_component>
      <object_component id="oc-4e">
         <name>.debug_line</name>
         <load_address>0xd92</load_address>
         <run_address>0xd92</run_address>
         <size>0x3a</size>
         <input_file_ref idref="fl-c0"/>
      </object_component>
      <object_component id="oc-de">
         <name>.debug_line</name>
         <load_address>0xdcc</load_address>
         <run_address>0xdcc</run_address>
         <size>0x8a</size>
         <input_file_ref idref="fl-c0"/>
      </object_component>
      <object_component id="oc-e9">
         <name>.debug_line</name>
         <load_address>0xe56</load_address>
         <run_address>0xe56</run_address>
         <size>0x8a</size>
         <input_file_ref idref="fl-c1"/>
      </object_component>
      <object_component id="oc-23">
         <name>.debug_line</name>
         <load_address>0xee0</load_address>
         <run_address>0xee0</run_address>
         <size>0x4f</size>
         <input_file_ref idref="fl-c1"/>
      </object_component>
      <object_component id="oc-5a">
         <name>.debug_line</name>
         <load_address>0xf2f</load_address>
         <run_address>0xf2f</run_address>
         <size>0x34</size>
         <input_file_ref idref="fl-c1"/>
      </object_component>
      <object_component id="oc-e6">
         <name>.debug_line</name>
         <load_address>0xf63</load_address>
         <run_address>0xf63</run_address>
         <size>0x8a</size>
         <input_file_ref idref="fl-c1"/>
      </object_component>
      <object_component id="oc-1cb">
         <name>.debug_line</name>
         <load_address>0xfed</load_address>
         <run_address>0xfed</run_address>
         <size>0x20</size>
         <input_file_ref idref="fl-c2"/>
      </object_component>
      <object_component id="oc-15a">
         <name>.debug_line</name>
         <load_address>0x100d</load_address>
         <run_address>0x100d</run_address>
         <size>0x2b</size>
         <input_file_ref idref="fl-c2"/>
      </object_component>
      <object_component id="oc-152">
         <name>.debug_line</name>
         <load_address>0x1038</load_address>
         <run_address>0x1038</run_address>
         <size>0xf2</size>
         <input_file_ref idref="fl-c3"/>
      </object_component>
      <object_component id="oc-146">
         <name>.debug_line</name>
         <load_address>0x112a</load_address>
         <run_address>0x112a</run_address>
         <size>0x2a</size>
         <input_file_ref idref="fl-c3"/>
      </object_component>
      <object_component id="oc-7a">
         <name>.debug_line</name>
         <load_address>0x1154</load_address>
         <run_address>0x1154</run_address>
         <size>0x86</size>
         <input_file_ref idref="fl-c3"/>
      </object_component>
      <object_component id="oc-49">
         <name>.debug_line</name>
         <load_address>0x11da</load_address>
         <run_address>0x11da</run_address>
         <size>0x88</size>
         <input_file_ref idref="fl-c4"/>
      </object_component>
      <object_component id="oc-55">
         <name>.debug_line</name>
         <load_address>0x1262</load_address>
         <run_address>0x1262</run_address>
         <size>0x79</size>
         <input_file_ref idref="fl-c5"/>
      </object_component>
      <object_component id="oc-61">
         <name>.debug_line</name>
         <load_address>0x12db</load_address>
         <run_address>0x12db</run_address>
         <size>0x3d</size>
         <input_file_ref idref="fl-c6"/>
      </object_component>
      <object_component id="oc-68">
         <name>.debug_line</name>
         <load_address>0x1318</load_address>
         <run_address>0x1318</run_address>
         <size>0x40</size>
         <input_file_ref idref="fl-c7"/>
      </object_component>
      <object_component id="oc-156">
         <name>.debug_line</name>
         <load_address>0x1358</load_address>
         <run_address>0x1358</run_address>
         <size>0x89</size>
         <input_file_ref idref="fl-c8"/>
      </object_component>
      <object_component id="oc-154">
         <name>.debug_line</name>
         <load_address>0x13e1</load_address>
         <run_address>0x13e1</run_address>
         <size>0x2a</size>
         <input_file_ref idref="fl-c8"/>
      </object_component>
      <object_component id="oc-81">
         <name>.debug_line</name>
         <load_address>0x140b</load_address>
         <run_address>0x140b</run_address>
         <size>0x62</size>
         <input_file_ref idref="fl-c8"/>
      </object_component>
      <object_component id="oc-1ba">
         <name>.debug_line</name>
         <load_address>0x146d</load_address>
         <run_address>0x146d</run_address>
         <size>0x97</size>
         <input_file_ref idref="fl-c9"/>
      </object_component>
      <object_component id="oc-be">
         <name>.debug_line</name>
         <load_address>0x1504</load_address>
         <run_address>0x1504</run_address>
         <size>0x83</size>
         <input_file_ref idref="fl-c9"/>
      </object_component>
      <object_component id="oc-1b7">
         <name>.debug_line</name>
         <load_address>0x1587</load_address>
         <run_address>0x1587</run_address>
         <size>0x89</size>
         <input_file_ref idref="fl-c9"/>
      </object_component>
      <object_component id="oc-106">
         <name>.debug_line</name>
         <load_address>0x1610</load_address>
         <run_address>0x1610</run_address>
         <size>0x33</size>
         <input_file_ref idref="fl-ca"/>
      </object_component>
      <object_component id="oc-15f">
         <name>.debug_line</name>
         <load_address>0x1643</load_address>
         <run_address>0x1643</run_address>
         <size>0x20</size>
         <input_file_ref idref="fl-cb"/>
      </object_component>
      <object_component id="oc-a6">
         <name>.debug_line</name>
         <load_address>0x1663</load_address>
         <run_address>0x1663</run_address>
         <size>0xa5</size>
         <input_file_ref idref="fl-cb"/>
      </object_component>
      <object_component id="oc-158">
         <name>.debug_line</name>
         <load_address>0x1708</load_address>
         <run_address>0x1708</run_address>
         <size>0x20</size>
         <input_file_ref idref="fl-cc"/>
      </object_component>
      <object_component id="oc-95">
         <name>.debug_line</name>
         <load_address>0x1728</load_address>
         <run_address>0x1728</run_address>
         <size>0xaa</size>
         <input_file_ref idref="fl-cc"/>
      </object_component>
      <object_component id="oc-161">
         <name>.debug_line</name>
         <load_address>0x17d2</load_address>
         <run_address>0x17d2</run_address>
         <size>0x89</size>
         <input_file_ref idref="fl-cd"/>
      </object_component>
      <object_component id="oc-b7">
         <name>.debug_line</name>
         <load_address>0x185b</load_address>
         <run_address>0x185b</run_address>
         <size>0x3f</size>
         <input_file_ref idref="fl-cd"/>
      </object_component>
      <object_component id="oc-1c9">
         <name>.debug_line</name>
         <load_address>0x189a</load_address>
         <run_address>0x189a</run_address>
         <size>0x20</size>
         <input_file_ref idref="fl-ce"/>
      </object_component>
      <object_component id="oc-14e">
         <name>.debug_line</name>
         <load_address>0x18ba</load_address>
         <run_address>0x18ba</run_address>
         <size>0x2b</size>
         <input_file_ref idref="fl-ce"/>
      </object_component>
      <object_component id="oc-14b">
         <name>.debug_line</name>
         <load_address>0x18e5</load_address>
         <run_address>0x18e5</run_address>
         <size>0x68</size>
         <input_file_ref idref="fl-ce"/>
      </object_component>
      <object_component id="oc-1ed">
         <name>.debug_line</name>
         <load_address>0x194d</load_address>
         <run_address>0x194d</run_address>
         <size>0x16a</size>
         <input_file_ref idref="fl-cf"/>
      </object_component>
      <object_component id="oc-124">
         <name>.debug_line</name>
         <load_address>0x1ab7</load_address>
         <run_address>0x1ab7</run_address>
         <size>0xc44</size>
         <input_file_ref idref="fl-cf"/>
      </object_component>
      <object_component id="oc-1ad">
         <name>.debug_line</name>
         <load_address>0x26fb</load_address>
         <run_address>0x26fb</run_address>
         <size>0x8a</size>
         <input_file_ref idref="fl-cf"/>
      </object_component>
      <object_component id="oc-1f1">
         <name>.debug_line</name>
         <load_address>0x2785</load_address>
         <run_address>0x2785</run_address>
         <size>0x8a</size>
         <input_file_ref idref="fl-cf"/>
      </object_component>
      <object_component id="oc-1b2">
         <name>.debug_line</name>
         <load_address>0x280f</load_address>
         <run_address>0x280f</run_address>
         <size>0x2e</size>
         <input_file_ref idref="fl-cf"/>
      </object_component>
      <object_component id="oc-13f">
         <name>.debug_line</name>
         <load_address>0x283d</load_address>
         <run_address>0x283d</run_address>
         <size>0x2b</size>
         <input_file_ref idref="fl-d0"/>
      </object_component>
      <object_component id="oc-70">
         <name>.debug_line</name>
         <load_address>0x2868</load_address>
         <run_address>0x2868</run_address>
         <size>0x4a</size>
         <input_file_ref idref="fl-d0"/>
      </object_component>
      <object_component id="oc-143">
         <name>.debug_line</name>
         <load_address>0x28b2</load_address>
         <run_address>0x28b2</run_address>
         <size>0x2b</size>
         <input_file_ref idref="fl-d0"/>
      </object_component>
      <object_component id="oc-133">
         <name>.debug_line</name>
         <load_address>0x28dd</load_address>
         <run_address>0x28dd</run_address>
         <size>0xa9</size>
         <input_file_ref idref="fl-d1"/>
      </object_component>
      <object_component id="oc-6c">
         <name>.debug_line</name>
         <load_address>0x2986</load_address>
         <run_address>0x2986</run_address>
         <size>0x8b</size>
         <input_file_ref idref="fl-d1"/>
      </object_component>
      <object_component id="oc-137">
         <name>.debug_line</name>
         <load_address>0x2a11</load_address>
         <run_address>0x2a11</run_address>
         <size>0x2e</size>
         <input_file_ref idref="fl-d1"/>
      </object_component>
      <object_component id="oc-1c5">
         <name>.debug_line</name>
         <load_address>0x2a3f</load_address>
         <run_address>0x2a3f</run_address>
         <size>0x8a</size>
         <input_file_ref idref="fl-d1"/>
      </object_component>
      <object_component id="oc-13c">
         <name>.debug_line</name>
         <load_address>0x2ac9</load_address>
         <run_address>0x2ac9</run_address>
         <size>0x8b</size>
         <input_file_ref idref="fl-d1"/>
      </object_component>
      <object_component id="oc-1bc">
         <name>.debug_line</name>
         <load_address>0x2b54</load_address>
         <run_address>0x2b54</run_address>
         <size>0x98</size>
         <input_file_ref idref="fl-d2"/>
      </object_component>
      <object_component id="oc-f0">
         <name>.debug_line</name>
         <load_address>0x2bec</load_address>
         <run_address>0x2bec</run_address>
         <size>0x68</size>
         <input_file_ref idref="fl-d2"/>
      </object_component>
      <object_component id="oc-1c0">
         <name>.debug_line</name>
         <load_address>0x2c54</load_address>
         <run_address>0x2c54</run_address>
         <size>0x2e</size>
         <input_file_ref idref="fl-d2"/>
      </object_component>
      <object_component id="oc-18c">
         <name>.debug_line</name>
         <load_address>0x2c82</load_address>
         <run_address>0x2c82</run_address>
         <size>0xd2</size>
         <input_file_ref idref="fl-d3"/>
      </object_component>
      <object_component id="oc-168">
         <name>.debug_line</name>
         <load_address>0x2d54</load_address>
         <run_address>0x2d54</run_address>
         <size>0x77</size>
         <input_file_ref idref="fl-d4"/>
      </object_component>
      <object_component id="oc-17a">
         <name>.debug_line</name>
         <load_address>0x2dcb</load_address>
         <run_address>0x2dcb</run_address>
         <size>0x77</size>
         <input_file_ref idref="fl-d4"/>
      </object_component>
      <object_component id="oc-175">
         <name>.debug_line</name>
         <load_address>0x2e42</load_address>
         <run_address>0x2e42</run_address>
         <size>0xa8</size>
         <input_file_ref idref="fl-d5"/>
      </object_component>
      <object_component id="oc-170">
         <name>.debug_line</name>
         <load_address>0x2eea</load_address>
         <run_address>0x2eea</run_address>
         <size>0x8e</size>
         <input_file_ref idref="fl-d6"/>
      </object_component>
      <object_component id="oc-17c">
         <name>.debug_line</name>
         <load_address>0x2f78</load_address>
         <run_address>0x2f78</run_address>
         <size>0x5a</size>
         <input_file_ref idref="fl-d7"/>
      </object_component>
      <object_component id="oc-18a">
         <name>.debug_line</name>
         <load_address>0x2fd2</load_address>
         <run_address>0x2fd2</run_address>
         <size>0x50</size>
         <input_file_ref idref="fl-d8"/>
      </object_component>
      <object_component id="oc-1f4">
         <name>.debug_line</name>
         <load_address>0x3022</load_address>
         <run_address>0x3022</run_address>
         <size>0x8a</size>
         <input_file_ref idref="fl-d9"/>
      </object_component>
      <object_component id="oc-185">
         <name>.debug_line</name>
         <load_address>0x30ac</load_address>
         <run_address>0x30ac</run_address>
         <size>0x66</size>
         <input_file_ref idref="fl-d9"/>
      </object_component>
      <object_component id="oc-1ff">
         <name>.debug_line</name>
         <load_address>0x3112</load_address>
         <run_address>0x3112</run_address>
         <size>0x20</size>
         <input_file_ref idref="fl-da"/>
      </object_component>
      <object_component id="oc-1a6">
         <name>.debug_line</name>
         <load_address>0x3132</load_address>
         <run_address>0x3132</run_address>
         <size>0x48</size>
         <input_file_ref idref="fl-da"/>
      </object_component>
      <object_component id="oc-1f6">
         <name>.debug_line</name>
         <load_address>0x317a</load_address>
         <run_address>0x317a</run_address>
         <size>0x20</size>
         <input_file_ref idref="fl-db"/>
      </object_component>
      <object_component id="oc-191">
         <name>.debug_line</name>
         <load_address>0x319a</load_address>
         <run_address>0x319a</run_address>
         <size>0x5e</size>
         <input_file_ref idref="fl-db"/>
      </object_component>
      <object_component id="oc-1db">
         <name>.debug_line</name>
         <load_address>0x31f8</load_address>
         <run_address>0x31f8</run_address>
         <size>0x8a</size>
         <input_file_ref idref="fl-db"/>
      </object_component>
      <object_component id="oc-1fb">
         <name>.debug_line</name>
         <load_address>0x3282</load_address>
         <run_address>0x3282</run_address>
         <size>0x93</size>
         <input_file_ref idref="fl-dc"/>
      </object_component>
      <object_component id="oc-19b">
         <name>.debug_line</name>
         <load_address>0x3315</load_address>
         <run_address>0x3315</run_address>
         <size>0xa1</size>
         <input_file_ref idref="fl-dc"/>
      </object_component>
      <object_component id="oc-f6">
         <name>.debug_line</name>
         <load_address>0x33b6</load_address>
         <run_address>0x33b6</run_address>
         <size>0x3c</size>
         <input_file_ref idref="fl-dd"/>
      </object_component>
      <object_component id="oc-1fd">
         <name>.debug_line</name>
         <load_address>0x33f2</load_address>
         <run_address>0x33f2</run_address>
         <size>0x20</size>
         <input_file_ref idref="fl-de"/>
      </object_component>
      <object_component id="oc-1a0">
         <name>.debug_line</name>
         <load_address>0x3412</load_address>
         <run_address>0x3412</run_address>
         <size>0xa8</size>
         <input_file_ref idref="fl-de"/>
      </object_component>
      <object_component id="oc-163">
         <name>.debug_line</name>
         <load_address>0x34ba</load_address>
         <run_address>0x34ba</run_address>
         <size>0x118</size>
         <input_file_ref idref="fl-df"/>
      </object_component>
      <object_component id="oc-1f9">
         <name>.debug_line</name>
         <load_address>0x35d2</load_address>
         <run_address>0x35d2</run_address>
         <size>0x2b</size>
         <input_file_ref idref="fl-e0"/>
      </object_component>
      <object_component id="oc-1e1">
         <name>.debug_line</name>
         <load_address>0x35fd</load_address>
         <run_address>0x35fd</run_address>
         <size>0x45</size>
         <input_file_ref idref="fl-e1"/>
      </object_component>
      <object_component id="oc-35">
         <name>.debug_frame</name>
         <load_address>0x0</load_address>
         <run_address>0x0</run_address>
         <size>0x1e5</size>
         <input_file_ref idref="fl-2"/>
      </object_component>
      <object_component id="oc-30">
         <name>.debug_frame</name>
         <load_address>0x1e5</load_address>
         <run_address>0x1e5</run_address>
         <size>0x84</size>
         <input_file_ref idref="fl-3"/>
      </object_component>
      <object_component id="oc-a2">
         <name>.debug_frame</name>
         <load_address>0x269</load_address>
         <run_address>0x269</run_address>
         <size>0x5c</size>
         <input_file_ref idref="fl-bd"/>
      </object_component>
      <object_component id="oc-17">
         <name>.debug_frame</name>
         <load_address>0x2c5</load_address>
         <run_address>0x2c5</run_address>
         <size>0x60</size>
         <input_file_ref idref="fl-bf"/>
      </object_component>
      <object_component id="oc-1c">
         <name>.debug_frame</name>
         <load_address>0x325</load_address>
         <run_address>0x325</run_address>
         <size>0x51</size>
         <input_file_ref idref="fl-c0"/>
      </object_component>
      <object_component id="oc-20">
         <name>.debug_frame</name>
         <load_address>0x376</load_address>
         <run_address>0x376</run_address>
         <size>0x51</size>
         <input_file_ref idref="fl-c1"/>
      </object_component>
      <object_component id="oc-79">
         <name>.debug_frame</name>
         <load_address>0x3c7</load_address>
         <run_address>0x3c7</run_address>
         <size>0x85</size>
         <input_file_ref idref="fl-c3"/>
      </object_component>
      <object_component id="oc-62">
         <name>.debug_frame</name>
         <load_address>0x44c</load_address>
         <run_address>0x44c</run_address>
         <size>0x51</size>
         <input_file_ref idref="fl-c6"/>
      </object_component>
      <object_component id="oc-67">
         <name>.debug_frame</name>
         <load_address>0x49d</load_address>
         <run_address>0x49d</run_address>
         <size>0x51</size>
         <input_file_ref idref="fl-c7"/>
      </object_component>
      <object_component id="oc-82">
         <name>.debug_frame</name>
         <load_address>0x4ee</load_address>
         <run_address>0x4ee</run_address>
         <size>0x70</size>
         <input_file_ref idref="fl-c8"/>
      </object_component>
      <object_component id="oc-ba">
         <name>.debug_frame</name>
         <load_address>0x55e</load_address>
         <run_address>0x55e</run_address>
         <size>0x9d</size>
         <input_file_ref idref="fl-c9"/>
      </object_component>
      <object_component id="oc-a7">
         <name>.debug_frame</name>
         <load_address>0x5fb</load_address>
         <run_address>0x5fb</run_address>
         <size>0x51</size>
         <input_file_ref idref="fl-cb"/>
      </object_component>
      <object_component id="oc-94">
         <name>.debug_frame</name>
         <load_address>0x64c</load_address>
         <run_address>0x64c</run_address>
         <size>0x51</size>
         <input_file_ref idref="fl-cc"/>
      </object_component>
      <object_component id="oc-b8">
         <name>.debug_frame</name>
         <load_address>0x69d</load_address>
         <run_address>0x69d</run_address>
         <size>0x51</size>
         <input_file_ref idref="fl-cd"/>
      </object_component>
      <object_component id="oc-14c">
         <name>.debug_frame</name>
         <load_address>0x6ee</load_address>
         <run_address>0x6ee</run_address>
         <size>0x73</size>
         <input_file_ref idref="fl-ce"/>
      </object_component>
      <object_component id="oc-125">
         <name>.debug_frame</name>
         <load_address>0x761</load_address>
         <run_address>0x761</run_address>
         <size>0x1e2</size>
         <input_file_ref idref="fl-cf"/>
      </object_component>
      <object_component id="oc-72">
         <name>.debug_frame</name>
         <load_address>0x943</load_address>
         <run_address>0x943</run_address>
         <size>0x51</size>
         <input_file_ref idref="fl-d0"/>
      </object_component>
      <object_component id="oc-6b">
         <name>.debug_frame</name>
         <load_address>0x994</load_address>
         <run_address>0x994</run_address>
         <size>0x5c</size>
         <input_file_ref idref="fl-d1"/>
      </object_component>
      <object_component id="oc-f1">
         <name>.debug_frame</name>
         <load_address>0x9f0</load_address>
         <run_address>0x9f0</run_address>
         <size>0x60</size>
         <input_file_ref idref="fl-d2"/>
      </object_component>
      <object_component id="oc-184">
         <name>.debug_frame</name>
         <load_address>0xa50</load_address>
         <run_address>0xa50</run_address>
         <size>0x60</size>
         <input_file_ref idref="fl-d9"/>
      </object_component>
      <object_component id="oc-1a7">
         <name>.debug_frame</name>
         <load_address>0xab0</load_address>
         <run_address>0xab0</run_address>
         <size>0x58</size>
         <input_file_ref idref="fl-da"/>
      </object_component>
      <object_component id="oc-195">
         <name>.debug_frame</name>
         <load_address>0xb08</load_address>
         <run_address>0xb08</run_address>
         <size>0x5c</size>
         <input_file_ref idref="fl-db"/>
      </object_component>
      <object_component id="oc-19a">
         <name>.debug_frame</name>
         <load_address>0xb64</load_address>
         <run_address>0xb64</run_address>
         <size>0x60</size>
         <input_file_ref idref="fl-dc"/>
[...]
            </available_space>
         </usage_details>
      </memory_area>
   </placement_map>
   <cptbl_list>
      <cptbl>
         <name>__TI_cinit_table</name>
         <cprec>
            <name>.data</name>
            <load_address>0x3288</load_address>
            <load_size>0x16</load_size>
            <run_address>0x20002720</run_address>
            <run_size>0x24</run_size>
            <compression>lzss</compression>
         </cprec>
         <cprec>
            <name>.bss</name>
            <load_address>0x32b0</load_address>
            <load_size>0x8</load_size>
            <run_address>0x20002000</run_address>
            <run_size>0x71e</run_size>
            <compression>zero_init</compression>
         </cprec>
      </cptbl>
   </cptbl_list>
   <handler_table>
      <handler_table_name>__TI_handler_table</handler_table_name>
      <handler>
         <index>0x0</index>
         <name>__TI_decompress_lzss</name>
      </handler>
      <handler>
         <index>0x1</index>
         <name>__TI_decompress_none</name>
      </handler>
      <handler>
         <index>0x2</index>
         <name>__TI_zero_init</name>
      </handler>
   </handler_table>
   <symbol_table>
      <symbol id="sm-1">
         <name>__STACK_TOP</name>
         <value>0x20000200</value>
      </symbol>
      <symbol id="sm-2">
         <name>__TI_CINIT_Base</name>
         <value>0x32b8</value>
      </symbol>
      <symbol id="sm-3">
         <name>__TI_CINIT_Limit</name>
         <value>0x32c8</value>
      </symbol>
      <symbol id="sm-4">
         <name>__TI_Handler_Table_Base</name>
         <value>0x32a0</value>
      </symbol>
      <symbol id="sm-5">
         <name>__TI_Handler_Table_Limit</name>
         <value>0x32ac</value>
      </symbol>
      <symbol id="sm-6">
         <name>binit</name>
         <value>0xffffffff</value>
      </symbol>
      <symbol id="sm-7">
         <name>__binit__</name>
         <value>0xffffffff</value>
      </symbol>
      <symbol id="sm-8">
         <name>__STACK_SIZE</name>
         <value>0x2000</value>
      </symbol>
      <symbol id="sm-9">
         <name>__STACK_END</name>
         <value>0x20002000</value>
      </symbol>
      <symbol id="sm-a">
         <name>__c_args__</name>
         <value>0xffffffff</value>
      </symbol>
      <symbol id="sm-b">
         <name>__TI_pprof_out_hndl</name>
         <value>0xffffffff</value>
      </symbol>
      <symbol id="sm-c">
         <name>__TI_prof_data_start</name>
         <value>0xffffffff</value>
      </symbol>
      <symbol id="sm-d">
         <name>__TI_prof_data_size</name>
         <value>0xffffffff</value>
      </symbol>
      <symbol id="sm-168">
         <name>address</name>
         <value>0x20002708</value>
      </symbol>
      <symbol id="sm-169">
         <name>channel</name>
         <value>0x2000270a</value>
      </symbol>
      <symbol id="sm-16a">
         <name>value</name>
         <value>0x20002714</value>
      </symbol>
      <symbol id="sm-16b">
         <name>newAddress</name>
         <value>0x2000270e</value>
      </symbol>
      <symbol id="sm-16c">
         <name>validity</name>
         <value>0x20002712</value>
      </symbol>
      <symbol id="sm-16d">
         <name>field</name>
         <value>0x2000271c</value>
      </symbol>
      <symbol id="sm-16e">
         <name>position</name>
         <value>0x200026fc</value>
      </symbol>
      <symbol id="sm-16f">
         <name>csEnable</name>
         <value>0x2000271a</value>
      </symbol>
      <symbol id="sm-170">
         <name>randomRetrans</name>
         <value>0x2000271d</value>
      </symbol>
      <symbol id="sm-171">
         <name>ackon</name>
         <value>0x20002716</value>
      </symbol>
      <symbol id="sm-172">
         <name>str</name>
         <value>0x200024e4</value>
      </symbol>
      <symbol id="sm-173">
         <name>str2</name>
         <value>0x20002538</value>
      </symbol>
      <symbol id="sm-174">
         <name>count</name>
         <value>0x20002719</value>
      </symbol>
      <symbol id="sm-175">
         <name>checksum</name>
         <value>0x20002717</value>
      </symbol>
      <symbol id="sm-176">
         <name>checksumRx</name>
         <value>0x20002718</value>
      </symbol>
      <symbol id="sm-177">
         <name>currentIndex</name>
         <value>0x2000271b</value>
      </symbol>
      <symbol id="sm-178">
         <name>sequenceId</name>
         <value>0x20002710</value>
      </symbol>
      <symbol id="sm-179">
         <name>ledTimeout</name>
         <value>0x2000270c</value>
      </symbol>
      <symbol id="sm-17a">
         <name>retransTimeOut</name>
         <value>0x200025f4</value>
      </symbol>
      <symbol id="sm-17b">
         <name>rxData</name>
         <value>0x200026ec</value>
      </symbol>
      <symbol id="sm-17c">
         <name>destAdd</name>
         <value>0x200025c0</value>
      </symbol>
      <symbol id="sm-17d">
         <name>chan</name>
         <value>0x2000258c</value>
      </symbol>
      <symbol id="sm-17e">
         <name>data</name>
         <value>0x20002000</value>
      </symbol>
      <symbol id="sm-17f">
         <name>valid</name>
         <value>0x200026d0</value>
      </symbol>
      <symbol id="sm-180">
         <name>ackRequired</name>
         <value>0x20002628</value>
      </symbol>
      <symbol id="sm-181">
         <name>seqId</name>
         <value>0x20002698</value>
      </symbol>
      <symbol id="sm-182">
         <name>cmd</name>
         <value>0x20002660</value>
      </symbol>
      <symbol id="sm-183">
         <name>size</name>
         <value>0x200026b4</value>
      </symbol>
      <symbol id="sm-184">
         <name>checkSum</name>
         <value>0x20002644</value>
      </symbol>
      <symbol id="sm-185">
         <name>retransCount</name>
         <value>0x2000267c</value>
      </symbol>
      <symbol id="sm-186">
         <name>getNumber</name>
         <value>0x19f1</value>
         <object_component_ref idref="oc-31"/>
      </symbol>
      <symbol id="sm-187">
         <name>getcUart0</name>
         <value>0x1939</value>
         <object_component_ref idref="oc-31"/>
      </symbol>
      <symbol id="sm-188">
         <name>getbUart1</name>
         <value>0x1a71</value>
         <object_component_ref idref="oc-31"/>
      </symbol>
      <symbol id="sm-189">
         <name>initHw</name>
         <value>0x13ad</value>
         <object_component_ref idref="oc-31"/>
      </symbol>
      <symbol id="sm-18a">
         <name>sourceAddress</name>
         <value>0x20002737</value>
         <object_component_ref idref="oc-86"/>
      </symbol>
      <symbol id="sm-18b">
         <name>rxPhase</name>
         <value>0x20002736</value>
         <object_component_ref idref="oc-86"/>
      </symbol>
      <symbol id="sm-18c">
         <name>isCommand</name>
         <value>0x1a19</value>
         <object_component_ref idref="oc-31"/>
      </symbol>
      <symbol id="sm-18d">
         <name>clearString</name>
         <value>0x1959</value>
         <object_component_ref idref="oc-31"/>
      </symbol>
      <symbol id="sm-18e">
         <name>clearArray</name>
         <value>0x1995</value>
         <object_component_ref idref="oc-31"/>
      </symbol>
      <symbol id="sm-18f">
         <name>Timer1Isr</name>
         <value>0x1571</value>
         <object_component_ref idref="oc-31"/>
      </symbol>
      <symbol id="sm-190">
         <name>sendPacket</name>
         <value>0x1aa9</value>
         <object_component_ref idref="oc-31"/>
      </symbol>
      <symbol id="sm-191">
         <name>main</name>
         <value>0x1dc9</value>
         <object_component_ref idref="oc-31"/>
      </symbol>
      <symbol id="sm-192">
         <name>inProgress</name>
         <value>0x20002734</value>
         <object_component_ref idref="oc-86"/>
      </symbol>
      <symbol id="sm-193">
         <name>putsUart0</name>
         <value>0x1901</value>
         <object_component_ref idref="oc-31"/>
      </symbol>
      <symbol id="sm-194">
         <name>putiUart0</name>
         <value>0x1cb1</value>
         <object_component_ref idref="oc-31"/>
      </symbol>
      <symbol id="sm-195">
         <name>putcUart0</name>
         <value>0x18d9</value>
         <object_component_ref idref="oc-31"/>
      </symbol>
      <symbol id="sm-196">
         <name>putbUart1</name>
         <value>0x1a51</value>
         <object_component_ref idref="oc-31"/>
      </symbol>
      <symbol id="sm-197">
         <name>currentPhase</name>
         <value>0x20002735</value>
         <object_component_ref idref="oc-86"/>
      </symbol>
      <symbol id="sm-198">
         <name>getString</name>
         <value>0x19d1</value>
         <object_component_ref idref="oc-31"/>
      </symbol>
      <symbol id="sm-199">
         <name>itoa</name>
         <value>0x1c31</value>
         <object_component_ref idref="oc-31"/>
      </symbol>
      <symbol id="sm-19a">
         <name>waitMicrosecond</name>
         <value>0x14c9</value>
         <object_component_ref idref="oc-31"/>
      </symbol>
      <symbol id="sm-1bb">
         <name>ResetISR</name>
         <value>0x3173</value>
         <object_component_ref idref="oc-2b"/>
      </symbol>
      <symbol id="sm-1bc">
         <name>g_pfnVectors</name>
         <value>0x0</value>
         <object_component_ref idref="oc-f"/>
      </symbol>
      <symbol id="sm-1d2">
         <name>atoi</name>
         <value>0x2f4d</value>
         <object_component_ref idref="oc-9d"/>
      </symbol>
      <symbol id="sm-1e3">
         <name>_c_int00</name>
         <value>0x2e51</value>
         <object_component_ref idref="oc-24"/>
      </symbol>
      <symbol id="sm-1e4">
         <name>__stack</name>
         <value>0x20000000</value>
         <object_component_ref idref="oc-2a"/>
      </symbol>
      <symbol id="sm-202">
         <name>__TI_decompress_lzss</name>
         <value>0x2d25</value>
         <object_component_ref idref="oc-12"/>
      </symbol>
      <symbol id="sm-219">
         <name>__TI_decompress_none</name>
         <value>0x3159</value>
         <object_component_ref idref="oc-18"/>
      </symbol>
      <symbol id="sm-230">
         <name>__TI_zero_init</name>
         <value>0x3167</value>
         <object_component_ref idref="oc-1e"/>
      </symbol>
      <symbol id="sm-23b">
         <name>_ctypes_</name>
         <value>0x3182</value>
         <object_component_ref idref="oc-117"/>
      </symbol>
      <symbol id="sm-25c">
         <name>C$$EXIT</name>
         <value>0x2ea5</value>
         <object_component_ref idref="oc-75"/>
      </symbol>
      <symbol id="sm-25d">
         <name>abort</name>
         <value>0x2ea9</value>
         <object_component_ref idref="oc-75"/>
      </symbol>
      <symbol id="sm-25e">
         <name>exit</name>
         <value>0x2eb1</value>
         <object_component_ref idref="oc-75"/>
      </symbol>
      <symbol id="sm-25f">
         <name>__TI_dtors_ptr</name>
         <value>0x20002724</value>
         <object_component_ref idref="oc-fc"/>
      </symbol>
      <symbol id="sm-260">
         <name>__TI_cleanup_ptr</name>
         <value>0x20002720</value>
         <object_component_ref idref="oc-fc"/>
      </symbol>
      <symbol id="sm-261">
         <name>__TI_enable_exit_profile_output</name>
         <value>0x20002728</value>
         <object_component_ref idref="oc-fc"/>
      </symbol>
      <symbol id="sm-27c">
         <name>memcpy</name>
         <value>0x2a91</value>
         <object_component_ref idref="oc-45"/>
      </symbol>
      <symbol id="sm-27d">
         <name>__aeabi_memcpy</name>
         <value>0x2a91</value>
         <object_component_ref idref="oc-45"/>
      </symbol>
      <symbol id="sm-27e">
         <name>__aeabi_memcpy8</name>
         <value>0x2a91</value>
         <object_component_ref idref="oc-45"/>
      </symbol>
      <symbol id="sm-27f">
         <name>__aeabi_memcpy4</name>
         <value>0x2a91</value>
         <object_component_ref idref="oc-45"/>
      </symbol>
      <symbol id="sm-28e">
         <name>__aeabi_memset</name>
         <value>0x2c3b</value>
         <object_component_ref idref="oc-51"/>
      </symbol>
      <symbol id="sm-28f">
         <name>memset</name>
         <value>0x2c41</value>
         <object_component_ref idref="oc-51"/>
      </symbol>
      <symbol id="sm-290">
         <name>__aeabi_memset8</name>
         <value>0x2c3b</value>
         <object_component_ref idref="oc-51"/>
      </symbol>
      <symbol id="sm-291">
         <name>__aeabi_memset4</name>
         <value>0x2c3b</value>
         <object_component_ref idref="oc-51"/>
      </symbol>
      <symbol id="sm-292">
         <name>__aeabi_memclr8</name>
         <value>0x2c39</value>
         <object_component_ref idref="oc-51"/>
      </symbol>
      <symbol id="sm-293">
         <name>__aeabi_memclr4</name>
         <value>0x2c39</value>
         <object_component_ref idref="oc-51"/>
      </symbol>
      <symbol id="sm-294">
         <name>__aeabi_memclr</name>
         <value>0x2c39</value>
         <object_component_ref idref="oc-51"/>
      </symbol>
      <symbol id="sm-29e">
         <name>__mpu_init</name>
         <value>0x13ab</value>
         <object_component_ref idref="oc-5d"/>
      </symbol>
      <symbol id="sm-2a8">
         <name>_system_pre_init</name>
         <value>0x317f</value>
         <object_component_ref idref="oc-63"/>
      </symbol>
      <symbol id="sm-2c2">
         <name>rand</name>
         <value>0x2ffb</value>
         <object_component_ref idref="oc-80"/>
      </symbol>
      <symbol id="sm-2c3">
         <name>srand</name>
         <value>0x2fe5</value>
         <object_component_ref idref="oc-80"/>
      </symbol>
      <symbol id="sm-2dc">
         <name>sprintf</name>
         <value>0x2df1</value>
         <object_component_ref idref="oc-b9"/>
      </symbol>
      <symbol id="sm-2e4">
         <name>main_func_sp</name>
         <value>0x20002740</value>
         <object_component_ref idref="oc-7b"/>
      </symbol>
      <symbol id="sm-2f3">
         <name>strcmp</name>
         <value>0x30dd</value>
         <object_component_ref idref="oc-a5"/>
      </symbol>
      <symbol id="sm-301">
         <name>strlen</name>
         <value>0x3135</value>
         <object_component_ref idref="oc-90"/>
      </symbol>
      <symbol id="sm-310">
         <name>tolower</name>
         <value>0x3149</value>
         <object_component_ref idref="oc-b3"/>
      </symbol>
      <symbol id="sm-329">
         <name>_nop</name>
         <value>0x311b</value>
         <object_component_ref idref="oc-147"/>
      </symbol>
      <symbol id="sm-32a">
         <name>_lock</name>
         <value>0x2000272c</value>
         <object_component_ref idref="oc-ff"/>
      </symbol>
      <symbol id="sm-32b">
         <name>_unlock</name>
         <value>0x20002730</value>
         <object_component_ref idref="oc-ff"/>
      </symbol>
      <symbol id="sm-32c">
         <name>_register_lock</name>
         <value>0x3113</value>
         <object_component_ref idref="oc-147"/>
      </symbol>
      <symbol id="sm-32d">
         <name>_register_unlock</name>
         <value>0x310d</value>
         <object_component_ref idref="oc-147"/>
      </symbol>
      <symbol id="sm-42e">
         <name>__TI_printfi</name>
         <value>0xab1</value>
         <object_component_ref idref="oc-120"/>
      </symbol>
      <symbol id="sm-442">
         <name>_args_main</name>
         <value>0x30c5</value>
         <object_component_ref idref="oc-6f"/>
      </symbol>
      <symbol id="sm-46c">
         <name>__TI_auto_init</name>
         <value>0x2cb5</value>
         <object_component_ref idref="oc-69"/>
      </symbol>
      <symbol id="sm-486">
         <name>copy_in</name>
         <value>0x2f99</value>
         <object_component_ref idref="oc-ec"/>
      </symbol>
      <symbol id="sm-49d">
         <name>__aeabi_dsub</name>
         <value>0x25ad</value>
         <object_component_ref idref="oc-18b"/>
      </symbol>
      <symbol id="sm-49e">
         <name>__aeabi_dadd</name>
         <value>0x25b7</value>
         <object_component_ref idref="oc-18b"/>
      </symbol>
      <symbol id="sm-4c0">
         <name>__aeabi_cdcmpeq</name>
         <value>0x2b2d</value>
         <object_component_ref idref="oc-167"/>
      </symbol>
      <symbol id="sm-4c1">
         <name>__aeabi_cdcmple</name>
         <value>0x2b2d</value>
         <object_component_ref idref="oc-167"/>
      </symbol>
      <symbol id="sm-4c2">
         <name>__aeabi_cdrcmple</name>
         <value>0x2bb3</value>
         <object_component_ref idref="oc-176"/>
      </symbol>
      <symbol id="sm-4d6">
         <name>__aeabi_ddiv</name>
         <value>0x2763</value>
         <object_component_ref idref="oc-171"/>
      </symbol>
      <symbol id="sm-4e1">
         <name>__aeabi_dmul</name>
         <value>0x2899</value>
         <object_component_ref idref="oc-16c"/>
      </symbol>
      <symbol id="sm-4eb">
         <name>__aeabi_d2iz</name>
         <value>0x3031</value>
         <object_component_ref idref="oc-17b"/>
      </symbol>
      <symbol id="sm-4f5">
         <name>__aeabi_i2d</name>
         <value>0x3079</value>
         <object_component_ref idref="oc-186"/>
      </symbol>
      <symbol id="sm-504">
         <name>ltoa</name>
         <value>0x2ef9</value>
         <object_component_ref idref="oc-180"/>
      </symbol>
      <symbol id="sm-514">
         <name>memccpy</name>
         <value>0x30a7</value>
         <object_component_ref idref="oc-1a2"/>
      </symbol>
      <symbol id="sm-52f">
         <name>frexpl</name>
         <value>0x2d8d</value>
         <object_component_ref idref="oc-190"/>
      </symbol>
      <symbol id="sm-530">
         <name>frexp</name>
         <value>0x2d8d</value>
         <object_component_ref idref="oc-190"/>
      </symbol>
      <symbol id="sm-54d">
         <name>scalbn</name>
         <value>0x2995</value>
         <object_component_ref idref="oc-196"/>
      </symbol>
      <symbol id="sm-54e">
         <name>scalbnl</name>
         <value>0x2995</value>
         <object_component_ref idref="oc-196"/>
      </symbol>
      <symbol id="sm-54f">
         <name>ldexpl</name>
         <value>0x2995</value>
         <object_component_ref idref="oc-196"/>
      </symbol>
      <symbol id="sm-550">
         <name>ldexp</name>
         <value>0x2995</value>
         <object_component_ref idref="oc-196"/>
      </symbol>
      <symbol id="sm-55a">
         <name>_system_post_cinit</name>
         <value>0x2cb3</value>
         <object_component_ref idref="oc-f2"/>
      </symbol>
      <symbol id="sm-56a">
         <name>strchr</name>
         <value>0x30f5</value>
         <object_component_ref idref="oc-19c"/>
      </symbol>
      <symbol id="sm-586">
         <name>__aeabi_uldivmod</name>
         <value>0x23b9</value>
         <object_component_ref idref="oc-162"/>
      </symbol>
      <symbol id="sm-58e">
         <name>errno</name>
         <value>0x20002738</value>
         <object_component_ref idref="oc-1e3"/>
      </symbol>
      <symbol id="sm-598">
         <name>copysign</name>
         <value>0x3121</value>
         <object_component_ref idref="oc-1dd"/>
      </symbol>
      <symbol id="sm-599">
         <name>copysignl</name>
         <value>0x3121</value>
         <object_component_ref idref="oc-1dd"/>
      </symbol>
      <symbol id="sm-59a">
         <name>__TI_static_base__</name>
         <value>0x0</value>
      </symbol>
      <symbol id="sm-59d">
         <name>SHT$$INIT_ARRAY$$Limit</name>
         <value>0x0</value>
      </symbol>
      <symbol id="sm-59e">
         <name>SHT$$INIT_ARRAY$$Base</name>
         <value>0x0</value>
      </symbol>
   </symbol_table>
   <title>Link successful</title>
</link_info>
